new:173:33:void* operator new(std::size_t, void*)	16	static
stl_tree.h:173:5:std::_Rb_tree_header::_Rb_tree_header()	16	static
stl_tree.h:206:5:void std::_Rb_tree_header::_M_reset()	16	static
gthr-default.h:229:1:int __gthread_key_delete(__gthread_key_t)	16	static
stl_deque.h:93:3:constexpr std::size_t std::__deque_buf_size(std::size_t)	16	static
stl_tree.h:673:9:std::_Rb_tree<USART_TypeDef*, std::pair<USART_TypeDef* const, UART*>, std::_Select1st<std::pair<USART_TypeDef* const, UART*> >, std::less<USART_TypeDef*>, std::allocator<std::pair<USART_TypeDef* const, UART*> > >::_Rb_tree_impl<std::less<USART_TypeDef*>, true>::~_Rb_tree_impl()	16	static
stl_tree.h:939:7:std::_Rb_tree<_Key, _Val, _KeyOfValue, _Compare, _Alloc>::_Rb_tree() [with _Key = USART_TypeDef*; _Val = std::pair<USART_TypeDef* const, UART*>; _KeyOfValue = std::_Select1st<std::pair<USART_TypeDef* const, UART*> >; _Compare = std::less<USART_TypeDef*>; _Alloc = std::allocator<std::pair<USART_TypeDef* const, UART*> >]	16	static
stl_map.h:183:7:std::map<_Key, _Tp, _Compare, _Alloc>::map() [with _Key = USART_TypeDef*; _Tp = UART*; _Compare = std::less<USART_TypeDef*>; _Alloc = std::allocator<std::pair<USART_TypeDef* const, UART*> >]	16	static
stl_map.h:300:7:std::map<_Key, _Tp, _Compare, _Alloc>::~map() [with _Key = USART_TypeDef*; _Tp = UART*; _Compare = std::less<USART_TypeDef*>; _Alloc = std::allocator<std::pair<USART_TypeDef* const, UART*> >]	16	static
UART.cpp:16:1:UART::UART(UART_HandleTypeDef*)	16	static
UART.cpp:22:1:UART::~UART()	24	static
UART.cpp:22:1:virtual UART::~UART()	16	static
UART.cpp:33:5:int UART::init(USART_TypeDef*, int, int)	48	static
UART.cpp:58:6:bool UART::hasData()	24	static
UART.cpp:65:5:int UART::getData(uint8_t*, int)	64	static
UART.cpp:78:5:int UART::readLine(uint8_t*, int, uint32_t)	176	static,ignoring_inline_asm
UART.cpp:107:7:short int UART::sendData(uint8_t*, int, int)	24	static
UART.cpp:113:6:void UART::memberIRQ()	24	static
stl_tree.h:680:4:std::_Rb_tree<_Key, _Val, _KeyOfValue, _Compare, _Alloc>::_Rb_tree_impl<_Key_compare, <anonymous> >::_Rb_tree_impl() [with _Key_compare = std::less<USART_TypeDef*>; bool <anonymous> = true; _Key = USART_TypeDef*; _Val = std::pair<USART_TypeDef* const, UART*>; _KeyOfValue = std::_Select1st<std::pair<USART_TypeDef* const, UART*> >; _Compare = std::less<USART_TypeDef*>; _Alloc = std::allocator<std::pair<USART_TypeDef* const, UART*> >]	16	static
allocator.h:153:7:std::allocator< <template-parameter-1-1> >::~allocator() [with _Tp = std::_Rb_tree_node<std::pair<USART_TypeDef* const, UART*> >]	16	static
stl_tree.h:994:7:std::_Rb_tree<_Key, _Val, _KeyOfValue, _Compare, _Alloc>::~_Rb_tree() [with _Key = USART_TypeDef*; _Val = std::pair<USART_TypeDef* const, UART*>; _KeyOfValue = std::_Select1st<std::pair<USART_TypeDef* const, UART*> >; _Compare = std::less<USART_TypeDef*>; _Alloc = std::allocator<std::pair<USART_TypeDef* const, UART*> >]	16	static
stl_deque.h:915:7:std::deque<_Tp, _Alloc>::deque() [with _Tp = unsigned char; _Alloc = std::allocator<unsigned char>]	16	static
stl_deque.h:1071:7:std::deque<_Tp, _Alloc>::~deque() [with _Tp = unsigned char; _Alloc = std::allocator<unsigned char>]	48	static
stl_tree.h:269:7:std::_Rb_tree_iterator<_Tp>::_Rb_tree_iterator() [with _Tp = std::pair<USART_TypeDef* const, UART*>]	16	static
stl_map.h:1168:7:std::map<_Key, _Tp, _Compare, _Alloc>::iterator std::map<_Key, _Tp, _Compare, _Alloc>::find(const key_type&) [with _Key = USART_TypeDef*; _Tp = UART*; _Compare = std::less<USART_TypeDef*>; _Alloc = std::allocator<std::pair<USART_TypeDef* const, UART*> >]	16	static
stl_map.h:372:7:std::map<_Key, _Tp, _Compare, _Alloc>::iterator std::map<_Key, _Tp, _Compare, _Alloc>::end() [with _Key = USART_TypeDef*; _Tp = UART*; _Compare = std::less<USART_TypeDef*>; _Alloc = std::allocator<std::pair<USART_TypeDef* const, UART*> >]	16	static
stl_tree.h:319:7:bool std::operator!=(const _Self&, const _Self&)	16	static
stl_map.h:1036:7:std::map<_Key, _Tp, _Compare, _Alloc>::iterator std::map<_Key, _Tp, _Compare, _Alloc>::erase(std::map<_Key, _Tp, _Compare, _Alloc>::iterator) [with _Key = USART_TypeDef*; _Tp = UART*; _Compare = std::less<USART_TypeDef*>; _Alloc = std::allocator<std::pair<USART_TypeDef* const, UART*> >]	16	static
stl_pair.h:341:12:constexpr std::pair<_T1, _T2>::pair(_U1&&, _U2&&) [with _U1 = USART_TypeDef*&; _U2 = UART*; typename std::enable_if<(std::_PCC<true, _T1, _T2>::_MoveConstructiblePair<_U1, _U2>() && std::_PCC<true, _T1, _T2>::_ImplicitlyMoveConvertiblePair<_U1, _U2>()), bool>::type <anonymous> = true; _T1 = USART_TypeDef*; _T2 = UART*]	24	static
stl_map.h:814:2:std::__enable_if_t<std::is_constructible<std::pair<const _Key, _Tp>, _Pair>::value, std::pair<typename std::_Rb_tree<_Key, std::pair<const _Key, _Tp>, std::_Select1st<std::pair<const _Key, _Tp> >, _Compare, typename __gnu_cxx::__alloc_traits<_Alloc>::rebind<std::pair<const _Key, _Tp> >::other>::iterator, bool> > std::map<_Key, _Tp, _Compare, _Alloc>::insert(_Pair&&) [with _Pair = std::pair<USART_TypeDef*, UART*>; _Key = USART_TypeDef*; _Tp = UART*; _Compare = std::less<USART_TypeDef*>; _Alloc = std::allocator<std::pair<USART_TypeDef* const, UART*> >]	32	static
stl_deque.h:1298:7:std::deque<_Tp, _Alloc>::size_type std::deque<_Tp, _Alloc>::size() const [with _Tp = unsigned char; _Alloc = std::allocator<unsigned char>]	16	static
stl_deque.h:1193:7:std::deque<_Tp, _Alloc>::iterator std::deque<_Tp, _Alloc>::begin() [with _Tp = unsigned char; _Alloc = std::allocator<unsigned char>]	16	static
stl_deque.h:1210:7:std::deque<_Tp, _Alloc>::iterator std::deque<_Tp, _Alloc>::end() [with _Tp = unsigned char; _Alloc = std::allocator<unsigned char>]	16	static
stl_deque.h:167:7:std::_Deque_iterator<_Tp, _Ref, _Ptr>::_Deque_iterator(const std::_Deque_iterator<_Tp, _Ref, _Ptr>&) [with _Tp = unsigned char; _Ref = unsigned char&; _Ptr = unsigned char*]	16	static
stl_algobase.h:465:5:_OI std::copy(_II, _II, _OI) [with _II = std::_Deque_iterator<unsigned char, unsigned char&, unsigned char*>; _OI = unsigned char*]	88	static
stl_deque.h:1867:7:void std::deque<_Tp, _Alloc>::clear() [with _Tp = unsigned char; _Alloc = std::allocator<unsigned char>]	32	static
stl_algo.h:3930:5:_IIter std::find(_IIter, _IIter, const _Tp&) [with _IIter = std::_Deque_iterator<unsigned char, unsigned char&, unsigned char*>; _Tp = char]	56	static
stl_deque.h:286:5:bool std::operator==(const std::_Deque_iterator<_Tp, _Ref, _Ptr>&, const std::_Deque_iterator<_Tp, _Ref, _Ptr>&) [with _Tp = unsigned char; _Ref = unsigned char&; _Ptr = unsigned char*]	16	static
stl_iterator_base_funcs.h:138:5:typename std::iterator_traits<_Iterator>::difference_type std::distance(_InputIterator, _InputIterator) [with _InputIterator = std::_Deque_iterator<unsigned char, unsigned char&, unsigned char*>]	64	static
stl_deque.h:299:5:bool std::operator!=(const std::_Deque_iterator<_Tp, _Ref, _Ptr>&, const std::_Deque_iterator<_Tp, _Ref, _Ptr>&) [with _Tp = unsigned char; _Ref = unsigned char&; _Ptr = unsigned char*]	16	static
stl_deque.h:1605:7:void std::deque<_Tp, _Alloc>::pop_front() [with _Tp = unsigned char; _Alloc = std::allocator<unsigned char>]	16	static
stl_deque.h:1569:7:void std::deque<_Tp, _Alloc>::push_back(const value_type&) [with _Tp = unsigned char; _Alloc = std::allocator<unsigned char>]	16	static
allocator.h:138:7:std::allocator< <template-parameter-1-1> >::allocator() [with _Tp = std::_Rb_tree_node<std::pair<USART_TypeDef* const, UART*> >]	16	static
stl_tree.h:146:7:std::_Rb_tree_key_compare<_Key_compare>::_Rb_tree_key_compare() [with _Key_compare = std::less<USART_TypeDef*>]	16	static
new_allocator.h:89:7:__gnu_cxx::new_allocator<_Tp>::~new_allocator() [with _Tp = std::_Rb_tree_node<std::pair<USART_TypeDef* const, UART*> >]	16	static
stl_tree.h:1907:5:void std::_Rb_tree<_Key, _Val, _KeyOfValue, _Compare, _Alloc>::_M_erase(std::_Rb_tree<_Key, _Val, _KeyOfValue, _Compare, _Alloc>::_Link_type) [with _Key = USART_TypeDef*; _Val = std::pair<USART_TypeDef* const, UART*>; _KeyOfValue = std::_Select1st<std::pair<USART_TypeDef* const, UART*> >; _Compare = std::less<USART_TypeDef*>; _Alloc = std::allocator<std::pair<USART_TypeDef* const, UART*> >]	24	static
stl_tree.h:744:7:std::_Rb_tree_node<_Val>* std::_Rb_tree<_Key, _Val, _KeyOfValue, _Compare, _Alloc>::_M_begin() [with _Key = USART_TypeDef*; _Val = std::pair<USART_TypeDef* const, UART*>; _KeyOfValue = std::_Select1st<std::pair<USART_TypeDef* const, UART*> >; _Compare = std::less<USART_TypeDef*>; _Alloc = std::allocator<std::pair<USART_TypeDef* const, UART*> >]	16	static
stl_deque.h:567:14:std::_Deque_base<unsigned char, std::allocator<unsigned char> >::_Deque_impl::~_Deque_impl()	16	static
stl_deque.h:508:7:std::_Deque_base<_Tp, _Alloc>::_Deque_base() [with _Tp = unsigned char; _Alloc = std::allocator<unsigned char>]	16	static
stl_deque.h:678:5:std::_Deque_base<_Tp, _Alloc>::~_Deque_base() [with _Tp = unsigned char; _Alloc = std::allocator<unsigned char>]	16	static
stl_deque.h:605:7:std::_Deque_base<_Tp, _Alloc>::_Tp_alloc_type& std::_Deque_base<_Tp, _Alloc>::_M_get_Tp_allocator() [with _Tp = unsigned char; _Alloc = std::allocator<unsigned char>]	16	static
stl_deque.h:2113:7:void std::deque<_Tp, _Alloc>::_M_destroy_data(std::deque<_Tp, _Alloc>::iterator, std::deque<_Tp, _Alloc>::iterator, const std::allocator<_Tp1>&) [with _Tp = unsigned char; _Alloc = std::allocator<unsigned char>]	56	static
stl_tree.h:2554:5:std::_Rb_tree<_Key, _Val, _KeyOfValue, _Compare, _Alloc>::iterator std::_Rb_tree<_Key, _Val, _KeyOfValue, _Compare, _Alloc>::find(const _Key&) [with _Key = USART_TypeDef*; _Val = std::pair<USART_TypeDef* const, UART*>; _KeyOfValue = std::_Select1st<std::pair<USART_TypeDef* const, UART*> >; _Compare = std::less<USART_TypeDef*>; _Alloc = std::allocator<std::pair<USART_TypeDef* const, UART*> >]	32	static
stl_tree.h:1014:7:std::_Rb_tree<_Key, _Val, _KeyOfValue, _Compare, _Alloc>::iterator std::_Rb_tree<_Key, _Val, _KeyOfValue, _Compare, _Alloc>::end() [with _Key = USART_TypeDef*; _Val = std::pair<USART_TypeDef* const, UART*>; _KeyOfValue = std::_Select1st<std::pair<USART_TypeDef* const, UART*> >; _Compare = std::less<USART_TypeDef*>; _Alloc = std::allocator<std::pair<USART_TypeDef* const, UART*> >]	24	static
stl_tree.h:1215:7:std::_Rb_tree<_Key, _Val, _KeyOfValue, _Compare, _Alloc>::iterator std::_Rb_tree<_Key, _Val, _KeyOfValue, _Compare, _Alloc>::erase(std::_Rb_tree<_Key, _Val, _KeyOfValue, _Compare, _Alloc>::iterator) [with _Key = USART_TypeDef*; _Val = std::pair<USART_TypeDef* const, UART*>; _KeyOfValue = std::_Select1st<std::pair<USART_TypeDef* const, UART*> >; _Compare = std::less<USART_TypeDef*>; _Alloc = std::allocator<std::pair<USART_TypeDef* const, UART*> >]	24	static
move.h:74:5:constexpr _Tp&& std::forward(typename std::remove_reference<_Tp>::type&) [with _Tp = USART_TypeDef*&]	16	static
move.h:74:5:constexpr _Tp&& std::forward(typename std::remove_reference<_Tp>::type&) [with _Tp = UART*]	16	static
move.h:74:5:constexpr _Tp&& std::forward(typename std::remove_reference<_Tp>::type&) [with _Tp = std::pair<USART_TypeDef*, UART*>]	16	static
stl_tree.h:2405:7:) [with _Args = {std::pair<USART_TypeDef*, UART*>}; _Key = USART_TypeDef*; _Val = std::pair<USART_TypeDef* const, UART*>; _KeyOfValue = std::_Select1st<std::pair<USART_TypeDef* const, UART*> >; _Compare = std::less<USART_TypeDef*>; _Alloc = std::allocator<std::pair<USART_TypeDef* const, UART*> >]	56	static
stl_deque.h:370:5:typename std::_Deque_iterator<_Tp, _Ref, _Ptr>::difference_type std::operator-(const std::_Deque_iterator<_Tp, _Ref, _Ptr>&, const std::_Deque_iterator<_Tp, _Ref, _Ptr>&) [with _Tp = unsigned char; _Ref = unsigned char&; _Ptr = unsigned char*]	16	static
cpp_type_traits.h:428:5:_Iterator std::__miter_base(_Iterator) [with _Iterator = std::_Deque_iterator<unsigned char, unsigned char&, unsigned char*>]	16	static
stl_algobase.h:438:5:_OI std::__copy_move_a2(_II, _II, _OI) [with bool _IsMove = false; _II = std::_Deque_iterator<unsigned char, unsigned char&, unsigned char*>; _OI = unsigned char*]	88	static
stl_deque.h:2132:7:void std::deque<_Tp, _Alloc>::_M_erase_at_end(std::deque<_Tp, _Alloc>::iterator) [with _Tp = unsigned char; _Alloc = std::allocator<unsigned char>]	56	static
predefined_ops.h:246:5:__gnu_cxx::__ops::_Iter_equals_val<_Value> __gnu_cxx::__ops::__iter_equals_val(_Value&) [with _Value = const char]	24	static
stl_algo.h:159:5:_Iterator std::__find_if(_Iterator, _Iterator, _Predicate) [with _Iterator = std::_Deque_iterator<unsigned char, unsigned char&, unsigned char*>; _Predicate = __gnu_cxx::__ops::_Iter_equals_val<const char>]	80	static
stl_iterator_base_types.h:205:5:constexpr typename std::iterator_traits<_Iterator>::iterator_category std::__iterator_category(const _Iter&) [with _Iter = std::_Deque_iterator<unsigned char, unsigned char&, unsigned char*>]	16	static
stl_iterator_base_funcs.h:98:5:constexpr typename std::iterator_traits<_Iterator>::difference_type std::__distance(_RandomAccessIterator, _RandomAccessIterator, std::random_access_iterator_tag) [with _RandomAccessIterator = std::_Deque_iterator<unsigned char, unsigned char&, unsigned char*>]	24	static
alloc_traits.h:495:2:static void std::allocator_traits<std::allocator<_Tp1> >::destroy(std::allocator_traits<std::allocator<_Tp1> >::allocator_type&, _Up*) [with _Up = unsigned char; _Tp = unsigned char]	16	static
deque.tcc:571:10:void std::deque<_Tp, _Alloc>::_M_pop_front_aux() [with _Tp = unsigned char; _Alloc = std::allocator<unsigned char>]	16	static
alloc_traits.h:482:2:) [with _Up = unsigned char; _Args = {const unsigned char&}; _Tp = unsigned char]	24	static
deque.tcc:479:7:) [with _Args = {const unsigned char&}; _Tp = unsigned char; _Alloc = std::allocator<unsigned char>]	24	static
new_allocator.h:80:7:__gnu_cxx::new_allocator<_Tp>::new_allocator() [with _Tp = std::_Rb_tree_node<std::pair<USART_TypeDef* const, UART*> >]	16	static
stl_tree.h:797:7:static std::_Rb_tree_node<_Val>* std::_Rb_tree<_Key, _Val, _KeyOfValue, _Compare, _Alloc>::_S_right(std::_Rb_tree<_Key, _Val, _KeyOfValue, _Compare, _Alloc>::_Base_ptr) [with _Key = USART_TypeDef*; _Val = std::pair<USART_TypeDef* const, UART*>; _KeyOfValue = std::_Select1st<std::pair<USART_TypeDef* const, UART*> >; _Compare = std::less<USART_TypeDef*>; _Alloc = std::allocator<std::pair<USART_TypeDef* const, UART*> >]	16	static
stl_tree.h:789:7:static std::_Rb_tree_node<_Val>* std::_Rb_tree<_Key, _Val, _KeyOfValue, _Compare, _Alloc>::_S_left(std::_Rb_tree<_Key, _Val, _KeyOfValue, _Compare, _Alloc>::_Base_ptr) [with _Key = USART_TypeDef*; _Val = std::pair<USART_TypeDef* const, UART*>; _KeyOfValue = std::_Select1st<std::pair<USART_TypeDef* const, UART*> >; _Compare = std::less<USART_TypeDef*>; _Alloc = std::allocator<std::pair<USART_TypeDef* const, UART*> >]	16	static
stl_tree.h:648:7:void std::_Rb_tree<_Key, _Val, _KeyOfValue, _Compare, _Alloc>::_M_drop_node(std::_Rb_tree<_Key, _Val, _KeyOfValue, _Compare, _Alloc>::_Link_type) [with _Key = USART_TypeDef*; _Val = std::pair<USART_TypeDef* const, UART*>; _KeyOfValue = std::_Select1st<std::pair<USART_TypeDef* const, UART*> >; _Compare = std::less<USART_TypeDef*>; _Alloc = std::allocator<std::pair<USART_TypeDef* const, UART*> >]	16	static
stl_deque.h:575:2:std::_Deque_base<_Tp, _Alloc>::_Deque_impl::_Deque_impl() [with _Tp = unsigned char; _Alloc = std::allocator<unsigned char>]	16	static
allocator.h:153:7:std::allocator< <template-parameter-1-1> >::~allocator() [with _Tp = unsigned char]	16	static
stl_deque.h:699:5:void std::_Deque_base<_Tp, _Alloc>::_M_initialize_map(std::size_t) [with _Tp = unsigned char; _Alloc = std::allocator<unsigned char>]	48	static
stl_deque.h:756:5:void std::_Deque_base<_Tp, _Alloc>::_M_destroy_nodes(std::_Deque_base<_Tp, _Alloc>::_Map_pointer, std::_Deque_base<_Tp, _Alloc>::_Map_pointer) [with _Tp = unsigned char; _Alloc = std::allocator<unsigned char>]	32	static
stl_deque.h:638:7:void std::_Deque_base<_Tp, _Alloc>::_M_deallocate_map(std::_Deque_base<_Tp, _Alloc>::_Map_pointer, std::size_t) [with _Tp = unsigned char; _Alloc = std::allocator<unsigned char>]	32	static
stl_tree.h:755:7:std::_Rb_tree_node_base* std::_Rb_tree<_Key, _Val, _KeyOfValue, _Compare, _Alloc>::_M_end() [with _Key = USART_TypeDef*; _Val = std::pair<USART_TypeDef* const, UART*>; _KeyOfValue = std::_Select1st<std::pair<USART_TypeDef* const, UART*> >; _Compare = std::less<USART_TypeDef*>; _Alloc = std::allocator<std::pair<USART_TypeDef* const, UART*> >]	16	static
stl_tree.h:1924:5:std::_Rb_tree<_Key, _Val, _KeyOfValue, _Compare, _Alloc>::iterator std::_Rb_tree<_Key, _Val, _KeyOfValue, _Compare, _Alloc>::_M_lower_bound(std::_Rb_tree<_Key, _Val, _KeyOfValue, _Compare, _Alloc>::_Link_type, std::_Rb_tree<_Key, _Val, _KeyOfValue, _Compare, _Alloc>::_Base_ptr, const _Key&) [with _Key = USART_TypeDef*; _Val = std::pair<USART_TypeDef* const, UART*>; _KeyOfValue = std::_Select1st<std::pair<USART_TypeDef* const, UART*> >; _Compare = std::less<USART_TypeDef*>; _Alloc = std::allocator<std::pair<USART_TypeDef* const, UART*> >]	40	static
stl_tree.h:315:7:bool std::operator==(const _Self&, const _Self&)	16	static
stl_tree.h:809:7:static const _Key& std::_Rb_tree<_Key, _Val, _KeyOfValue, _Compare, _Alloc>::_S_key(std::_Rb_tree<_Key, _Val, _KeyOfValue, _Compare, _Alloc>::_Const_Base_ptr) [with _Key = USART_TypeDef*; _Val = std::pair<USART_TypeDef* const, UART*>; _KeyOfValue = std::_Select1st<std::pair<USART_TypeDef* const, UART*> >; _Compare = std::less<USART_TypeDef*>; _Alloc = std::allocator<std::pair<USART_TypeDef* const, UART*> >]	16	static
stl_function.h:433:7:constexpr bool std::less<_Tp*>::operator()(_Tp*, _Tp*) const [with _Tp = USART_TypeDef]	24	static
stl_tree.h:273:7:std::_Rb_tree_iterator<_Tp>::_Rb_tree_iterator(std::_Rb_tree_iterator<_Tp>::_Base_ptr) [with _Tp = std::pair<USART_TypeDef* const, UART*>]	16	static
stl_tree.h:285:7:std::_Rb_tree_iterator<_Tp>::_Self& std::_Rb_tree_iterator<_Tp>::operator++() [with _Tp = std::pair<USART_TypeDef* const, UART*>]	16	static
stl_tree.h:348:7:std::_Rb_tree_const_iterator<_Tp>::_Rb_tree_const_iterator(const iterator&) [with _Tp = std::pair<USART_TypeDef* const, UART*>]	16	static
stl_tree.h:2504:5:void std::_Rb_tree<_Key, _Val, _KeyOfValue, _Compare, _Alloc>::_M_erase_aux(std::_Rb_tree<_Key, _Val, _KeyOfValue, _Compare, _Alloc>::const_iterator) [with _Key = USART_TypeDef*; _Val = std::pair<USART_TypeDef* const, UART*>; _KeyOfValue = std::_Select1st<std::pair<USART_TypeDef* const, UART*> >; _Compare = std::less<USART_TypeDef*>; _Alloc = std::allocator<std::pair<USART_TypeDef* const, UART*> >]	24	static
stl_tree.h:628:2:) [with _Args = {std::pair<USART_TypeDef*, UART*>}; _Key = USART_TypeDef*; _Val = std::pair<USART_TypeDef* const, UART*>; _KeyOfValue = std::_Select1st<std::pair<USART_TypeDef* const, UART*> >; _Compare = std::less<USART_TypeDef*>; _Alloc = std::allocator<std::pair<USART_TypeDef* const, UART*> >]	24	static
stl_tree.h:2085:5:std::pair<std::_Rb_tree_node_base*, std::_Rb_tree_node_base*> std::_Rb_tree<_Key, _Val, _KeyOfValue, _Compare, _Alloc>::_M_get_insert_unique_pos(const key_type&) [with _Key = USART_TypeDef*; _Val = std::pair<USART_TypeDef* const, UART*>; _KeyOfValue = std::_Select1st<std::pair<USART_TypeDef* const, UART*> >; _Compare = std::less<USART_TypeDef*>; _Alloc = std::allocator<std::pair<USART_TypeDef* const, UART*> >]	56	static
stl_tree.h:767:7:static const _Key& std::_Rb_tree<_Key, _Val, _KeyOfValue, _Compare, _Alloc>::_S_key(std::_Rb_tree<_Key, _Val, _KeyOfValue, _Compare, _Alloc>::_Const_Link_type) [with _Key = USART_TypeDef*; _Val = std::pair<USART_TypeDef* const, UART*>; _KeyOfValue = std::_Select1st<std::pair<USART_TypeDef* const, UART*> >; _Compare = std::less<USART_TypeDef*>; _Alloc = std::allocator<std::pair<USART_TypeDef* const, UART*> >]	24	static
stl_tree.h:2354:5:std::_Rb_tree<_Key, _Val, _KeyOfValue, _Compare, _Alloc>::iterator std::_Rb_tree<_Key, _Val, _KeyOfValue, _Compare, _Alloc>::_M_insert_node(std::_Rb_tree<_Key, _Val, _KeyOfValue, _Compare, _Alloc>::_Base_ptr, std::_Rb_tree<_Key, _Val, _KeyOfValue, _Compare, _Alloc>::_Base_ptr, std::_Rb_tree<_Key, _Val, _KeyOfValue, _Compare, _Alloc>::_Link_type) [with _Key = USART_TypeDef*; _Val = std::pair<USART_TypeDef* const, UART*>; _KeyOfValue = std::_Select1st<std::pair<USART_TypeDef* const, UART*> >; _Compare = std::less<USART_TypeDef*>; _Alloc = std::allocator<std::pair<USART_TypeDef* const, UART*> >]	40	static
stl_pair.h:341:12:constexpr std::pair<_T1, _T2>::pair(_U1&&, _U2&&) [with _U1 = std::_Rb_tree_iterator<std::pair<USART_TypeDef* const, UART*> >; _U2 = bool; typename std::enable_if<(std::_PCC<true, _T1, _T2>::_MoveConstructiblePair<_U1, _U2>() && std::_PCC<true, _T1, _T2>::_ImplicitlyMoveConvertiblePair<_U1, _U2>()), bool>::type <anonymous> = true; _T1 = std::_Rb_tree_iterator<std::pair<USART_TypeDef* const, UART*> >; _T2 = bool]	24	static
stl_deque.h:130:21:static std::size_t std::_Deque_iterator<_Tp, _Ref, _Ptr>::_S_buffer_size() [with _Tp = unsigned char; _Ref = unsigned char&; _Ptr = unsigned char*]	8	static
stl_algobase.h:280:5:_Iterator std::__niter_base(_Iterator) [with _Iterator = std::_Deque_iterator<unsigned char, unsigned char&, unsigned char*>]	16	static
stl_algobase.h:280:5:_Iterator std::__niter_base(_Iterator) [with _Iterator = unsigned char*]	16	static
stl_algobase.h:393:5:_OI std::__copy_move_a(_II, _II, _OI) [with bool _IsMove = false; _II = std::_Deque_iterator<unsigned char, unsigned char&, unsigned char*>; _OI = unsigned char*]	64	static
stl_algobase.h:295:5:_Iterator std::__niter_wrap(const _Iterator&, _Iterator) [with _Iterator = unsigned char*]	16	static
predefined_ops.h:234:7:__gnu_cxx::__ops::_Iter_equals_val<_Value>::_Iter_equals_val(_Value&) [with _Value = const char]	16	static
stl_algo.h:112:5:_RandomAccessIterator std::__find_if(_RandomAccessIterator, _RandomAccessIterator, _Predicate, std::random_access_iterator_tag) [with _RandomAccessIterator = std::_Deque_iterator<unsigned char, unsigned char&, unsigned char*>; _Predicate = __gnu_cxx::__ops::_Iter_equals_val<const char>]	144	static
new_allocator.h:151:2:void __gnu_cxx::new_allocator<_Tp>::destroy(_Up*) [with _Up = unsigned char; _Tp = unsigned char]	16	static
stl_deque.h:624:7:void std::_Deque_base<_Tp, _Alloc>::_M_deallocate_node(std::_Deque_base<_Tp, _Alloc>::_Ptr) [with _Tp = unsigned char; _Alloc = std::allocator<unsigned char>]	24	static
stl_deque.h:273:7:void std::_Deque_iterator<_Tp, _Ref, _Ptr>::_M_set_node(std::_Deque_iterator<_Tp, _Ref, _Ptr>::_Map_pointer) [with _Tp = unsigned char; _Ref = unsigned char&; _Ptr = unsigned char*]	24	static
move.h:74:5:constexpr _Tp&& std::forward(typename std::remove_reference<_Tp>::type&) [with _Tp = const unsigned char&]	16	static
new_allocator.h:144:2:) [with _Up = unsigned char; _Args = {const unsigned char&}; _Tp = unsigned char]	32	static
stl_deque.h:1303:7:std::deque<_Tp, _Alloc>::size_type std::deque<_Tp, _Alloc>::max_size() const [with _Tp = unsigned char; _Alloc = std::allocator<unsigned char>]	16	static
stl_deque.h:2194:7:void std::deque<_Tp, _Alloc>::_M_reserve_map_at_back(std::deque<_Tp, _Alloc>::size_type) [with _Tp = unsigned char; _Alloc = std::allocator<unsigned char>]	16	static
stl_deque.h:617:7:std::_Deque_base<_Tp, _Alloc>::_Ptr std::_Deque_base<_Tp, _Alloc>::_M_allocate_node() [with _Tp = unsigned char; _Alloc = std::allocator<unsigned char>]	24	static
stl_tree.h:637:7:void std::_Rb_tree<_Key, _Val, _KeyOfValue, _Compare, _Alloc>::_M_destroy_node(std::_Rb_tree<_Key, _Val, _KeyOfValue, _Compare, _Alloc>::_Link_type) [with _Key = USART_TypeDef*; _Val = std::pair<USART_TypeDef* const, UART*>; _KeyOfValue = std::_Select1st<std::pair<USART_TypeDef* const, UART*> >; _Compare = std::less<USART_TypeDef*>; _Alloc = std::allocator<std::pair<USART_TypeDef* const, UART*> >]	24	static
stl_tree.h:583:7:void std::_Rb_tree<_Key, _Val, _KeyOfValue, _Compare, _Alloc>::_M_put_node(std::_Rb_tree<_Key, _Val, _KeyOfValue, _Compare, _Alloc>::_Link_type) [with _Key = USART_TypeDef*; _Val = std::pair<USART_TypeDef* const, UART*>; _KeyOfValue = std::_Select1st<std::pair<USART_TypeDef* const, UART*> >; _Compare = std::less<USART_TypeDef*>; _Alloc = std::allocator<std::pair<USART_TypeDef* const, UART*> >]	16	static
allocator.h:138:7:std::allocator< <template-parameter-1-1> >::allocator() [with _Tp = unsigned char]	16	static
stl_deque.h:150:7:std::_Deque_iterator<_Tp, _Ref, _Ptr>::_Deque_iterator() [with _Tp = unsigned char; _Ref = unsigned char&; _Ptr = unsigned char*]	16	static
new_allocator.h:89:7:__gnu_cxx::new_allocator<_Tp>::~new_allocator() [with _Tp = unsigned char]	16	static
stl_algobase.h:222:5:constexpr const _Tp& std::max(const _Tp&, const _Tp&) [with _Tp = unsigned int]	16	static
stl_deque.h:631:7:std::_Deque_base<_Tp, _Alloc>::_Map_pointer std::_Deque_base<_Tp, _Alloc>::_M_allocate_map(std::size_t) [with _Tp = unsigned char; _Alloc = std::allocator<unsigned char>]	32	static
stl_deque.h:738:5:void std::_Deque_base<_Tp, _Alloc>::_M_create_nodes(std::_Deque_base<_Tp, _Alloc>::_Map_pointer, std::_Deque_base<_Tp, _Alloc>::_Map_pointer) [with _Tp = unsigned char; _Alloc = std::allocator<unsigned char>]	32	static
stl_deque.h:613:7:std::_Deque_base<_Tp, _Alloc>::_Map_alloc_type std::_Deque_base<_Tp, _Alloc>::_M_get_map_allocator() const [with _Tp = unsigned char; _Alloc = std::allocator<unsigned char>]	16	static
allocator.h:153:7:std::allocator< <template-parameter-1-1> >::~allocator() [with _Tp = unsigned char*]	16	static
alloc_traits.h:469:7:static void std::allocator_traits<std::allocator<_Tp1> >::deallocate(std::allocator_traits<std::allocator<_Tp1> >::allocator_type&, std::allocator_traits<std::allocator<_Tp1> >::pointer, std::allocator_traits<std::allocator<_Tp1> >::size_type) [with _Tp = unsigned char*]	24	static
stl_tree.h:579:7:std::_Rb_tree_node<_Val>* std::_Rb_tree<_Key, _Val, _KeyOfValue, _Compare, _Alloc>::_M_get_node() [with _Key = USART_TypeDef*; _Val = std::pair<USART_TypeDef* const, UART*>; _KeyOfValue = std::_Select1st<std::pair<USART_TypeDef* const, UART*> >; _Compare = std::less<USART_TypeDef*>; _Alloc = std::allocator<std::pair<USART_TypeDef* const, UART*> >]	16	static
stl_tree.h:609:2:) [with _Args = {std::pair<USART_TypeDef*, UART*>}; _Key = USART_TypeDef*; _Val = std::pair<USART_TypeDef* const, UART*>; _KeyOfValue = std::_Select1st<std::pair<USART_TypeDef* const, UART*> >; _Compare = std::less<USART_TypeDef*>; _Alloc = std::allocator<std::pair<USART_TypeDef* const, UART*> >]	32	static
stl_tree.h:1006:7:std::_Rb_tree<_Key, _Val, _KeyOfValue, _Compare, _Alloc>::iterator std::_Rb_tree<_Key, _Val, _KeyOfValue, _Compare, _Alloc>::begin() [with _Key = USART_TypeDef*; _Val = std::pair<USART_TypeDef* const, UART*>; _KeyOfValue = std::_Select1st<std::pair<USART_TypeDef* const, UART*> >; _Compare = std::less<USART_TypeDef*>; _Alloc = std::allocator<std::pair<USART_TypeDef* const, UART*> >]	24	static
stl_pair.h:341:12:constexpr std::pair<_T1, _T2>::pair(_U1&&, _U2&&) [with _U1 = std::_Rb_tree_node<std::pair<USART_TypeDef* const, UART*> >*&; _U2 = std::_Rb_tree_node_base*&; typename std::enable_if<(std::_PCC<true, _T1, _T2>::_MoveConstructiblePair<_U1, _U2>() && std::_PCC<true, _T1, _T2>::_ImplicitlyMoveConvertiblePair<_U1, _U2>()), bool>::type <anonymous> = true; _T1 = std::_Rb_tree_node_base*; _T2 = std::_Rb_tree_node_base*]	24	static
stl_tree.h:300:7:std::_Rb_tree_iterator<_Tp>::_Self& std::_Rb_tree_iterator<_Tp>::operator--() [with _Tp = std::pair<USART_TypeDef* const, UART*>]	16	static
stl_pair.h:311:18:constexpr std::pair<_T1, _T2>::pair(_U1&&, const _T2&) [with _U1 = std::_Rb_tree_node_base*&; typename std::enable_if<std::_PCC<true, _T1, _T2>::_MoveCopyPair<true, _U1, _T2>(), bool>::type <anonymous> = true; _T1 = std::_Rb_tree_node_base*; _T2 = std::_Rb_tree_node_base*]	24	static
stl_tree.h:238:7:const _Val* std::_Rb_tree_node<_Val>::_M_valptr() const [with _Val = std::pair<USART_TypeDef* const, UART*>]	16	static
stl_function.h:1155:7:const typename _Pair::first_type& std::_Select1st<_Pair>::operator()(const _Pair&) const [with _Pair = std::pair<USART_TypeDef* const, UART*>]	16	static
move.h:74:5:constexpr _Tp&& std::forward(typename std::remove_reference<_Tp>::type&) [with _Tp = std::_Rb_tree_iterator<std::pair<USART_TypeDef* const, UART*> >]	16	static
move.h:74:5:constexpr _Tp&& std::forward(typename std::remove_reference<_Tp>::type&) [with _Tp = bool]	16	static
stl_algobase.h:337:2:static _OI std::__copy_move<false, false, std::random_access_iterator_tag>::__copy_m(_II, _II, _OI) [with _II = std::_Deque_iterator<unsigned char, unsigned char&, unsigned char*>; _OI = unsigned char*]	32	static
predefined_ops.h:240:2:bool __gnu_cxx::__ops::_Iter_equals_val<_Value>::operator()(_Iterator) [with _Iterator = std::_Deque_iterator<unsigned char, unsigned char&, unsigned char*>; _Value = const char]	16	static
stl_deque.h:187:7:std::_Deque_iterator<_Tp, _Ref, _Ptr>::_Self& std::_Deque_iterator<_Tp, _Ref, _Ptr>::operator++() [with _Tp = unsigned char; _Ref = unsigned char&; _Ptr = unsigned char*]	16	static
alloc_traits.h:469:7:static void std::allocator_traits<std::allocator<_Tp1> >::deallocate(std::allocator_traits<std::allocator<_Tp1> >::allocator_type&, std::allocator_traits<std::allocator<_Tp1> >::pointer, std::allocator_traits<std::allocator<_Tp1> >::size_type) [with _Tp = unsigned char]	24	static
stl_deque.h:1896:7:static std::deque<_Tp, _Alloc>::size_type std::deque<_Tp, _Alloc>::_S_max_size(const _Tp_alloc_type&) [with _Tp = unsigned char; _Alloc = std::allocator<unsigned char>]	24	static
stl_deque.h:609:7:const _Tp_alloc_type& std::_Deque_base<_Tp, _Alloc>::_M_get_Tp_allocator() const [with _Tp = unsigned char; _Alloc = std::allocator<unsigned char>]	16	static
deque.tcc:926:5:void std::deque<_Tp, _Alloc>::_M_reallocate_map(std::deque<_Tp, _Alloc>::size_type, bool) [with _Tp = unsigned char; _Alloc = std::allocator<unsigned char>]	56	static
alloc_traits.h:443:7:static _Tp* std::allocator_traits<std::allocator<_Tp1> >::allocate(std::allocator_traits<std::allocator<_Tp1> >::allocator_type&, std::allocator_traits<std::allocator<_Tp1> >::size_type) [with _Tp = unsigned char]	16	static
stl_tree.h:566:7:std::_Rb_tree<_Key, _Val, _KeyOfValue, _Compare, _Alloc>::_Node_allocator& std::_Rb_tree<_Key, _Val, _KeyOfValue, _Compare, _Alloc>::_M_get_Node_allocator() [with _Key = USART_TypeDef*; _Val = std::pair<USART_TypeDef* const, UART*>; _KeyOfValue = std::_Select1st<std::pair<USART_TypeDef* const, UART*> >; _Compare = std::less<USART_TypeDef*>; _Alloc = std::allocator<std::pair<USART_TypeDef* const, UART*> >]	16	static
stl_tree.h:234:7:_Val* std::_Rb_tree_node<_Val>::_M_valptr() [with _Val = std::pair<USART_TypeDef* const, UART*>]	16	static
alloc_traits.h:495:2:static void std::allocator_traits<std::allocator<_Tp1> >::destroy(std::allocator_traits<std::allocator<_Tp1> >::allocator_type&, _Up*) [with _Up = std::pair<USART_TypeDef* const, UART*>; _Tp = std::_Rb_tree_node<std::pair<USART_TypeDef* const, UART*> >]	16	static
alloc_traits.h:469:7:static void std::allocator_traits<std::allocator<_Tp1> >::deallocate(std::allocator_traits<std::allocator<_Tp1> >::allocator_type&, std::allocator_traits<std::allocator<_Tp1> >::pointer, std::allocator_traits<std::allocator<_Tp1> >::size_type) [with _Tp = std::_Rb_tree_node<std::pair<USART_TypeDef* const, UART*> >]	24	static
new_allocator.h:80:7:__gnu_cxx::new_allocator<_Tp>::new_allocator() [with _Tp = unsigned char]	16	static
alloc_traits.h:443:7:static _Tp* std::allocator_traits<std::allocator<_Tp1> >::allocate(std::allocator_traits<std::allocator<_Tp1> >::allocator_type&, std::allocator_traits<std::allocator<_Tp1> >::size_type) [with _Tp = unsigned char*]	16	static
allocator.h:151:2:std::allocator< <template-parameter-1-1> >::allocator(const std::allocator<_Tp1>&) [with _Tp1 = unsigned char; _Tp = unsigned char*]	16	static
new_allocator.h:89:7:__gnu_cxx::new_allocator<_Tp>::~new_allocator() [with _Tp = unsigned char*]	16	static
new_allocator.h:119:7:void __gnu_cxx::new_allocator<_Tp>::deallocate(__gnu_cxx::new_allocator<_Tp>::pointer, __gnu_cxx::new_allocator<_Tp>::size_type) [with _Tp = unsigned char*]	24	static
alloc_traits.h:443:7:static _Tp* std::allocator_traits<std::allocator<_Tp1> >::allocate(std::allocator_traits<std::allocator<_Tp1> >::allocator_type&, std::allocator_traits<std::allocator<_Tp1> >::size_type) [with _Tp = std::_Rb_tree_node<std::pair<USART_TypeDef* const, UART*> >]	16	static
alloc_traits.h:482:2:) [with _Up = std::pair<USART_TypeDef* const, UART*>; _Args = {std::pair<USART_TypeDef*, UART*>}; _Tp = std::_Rb_tree_node<std::pair<USART_TypeDef* const, UART*> >]	24	static
move.h:74:5:constexpr _Tp&& std::forward(typename std::remove_reference<_Tp>::type&) [with _Tp = std::_Rb_tree_node<std::pair<USART_TypeDef* const, UART*> >*&]	16	static
move.h:74:5:constexpr _Tp&& std::forward(typename std::remove_reference<_Tp>::type&) [with _Tp = std::_Rb_tree_node_base*&]	16	static
aligned_buffer.h:76:7:const _Tp* __gnu_cxx::__aligned_membuf<_Tp>::_M_ptr() const [with _Tp = std::pair<USART_TypeDef* const, UART*>]	16	static
stl_deque.h:179:7:std::_Deque_iterator<_Tp, _Ref, _Ptr>::reference std::_Deque_iterator<_Tp, _Ref, _Ptr>::operator*() const [with _Tp = unsigned char; _Ref = unsigned char&; _Ptr = unsigned char*]	16	static
new_allocator.h:119:7:void __gnu_cxx::new_allocator<_Tp>::deallocate(__gnu_cxx::new_allocator<_Tp>::pointer, __gnu_cxx::new_allocator<_Tp>::size_type) [with _Tp = unsigned char]	24	static
alloc_traits.h:505:7:static std::allocator_traits<std::allocator<_Tp1> >::size_type std::allocator_traits<std::allocator<_Tp1> >::max_size(const allocator_type&) [with _Tp = unsigned char]	16	static
stl_algobase.h:198:5:constexpr const _Tp& std::min(const _Tp&, const _Tp&) [with _Tp = unsigned int]	16	static
stl_algobase.h:465:5:_OI std::copy(_II, _II, _OI) [with _II = unsigned char**; _OI = unsigned char**]	32	static
stl_algobase.h:641:5:_BI2 std::copy_backward(_BI1, _BI1, _BI2) [with _BI1 = unsigned char**; _BI2 = unsigned char**]	32	static
new_allocator.h:102:7:_Tp* __gnu_cxx::new_allocator<_Tp>::allocate(__gnu_cxx::new_allocator<_Tp>::size_type, const void*) [with _Tp = unsigned char]	24	static
aligned_buffer.h:72:7:_Tp* __gnu_cxx::__aligned_membuf<_Tp>::_M_ptr() [with _Tp = std::pair<USART_TypeDef* const, UART*>]	16	static
new_allocator.h:151:2:void __gnu_cxx::new_allocator<_Tp>::destroy(_Up*) [with _Up = std::pair<USART_TypeDef* const, UART*>; _Tp = std::_Rb_tree_node<std::pair<USART_TypeDef* const, UART*> >]	16	static
new_allocator.h:119:7:void __gnu_cxx::new_allocator<_Tp>::deallocate(__gnu_cxx::new_allocator<_Tp>::pointer, __gnu_cxx::new_allocator<_Tp>::size_type) [with _Tp = std::_Rb_tree_node<std::pair<USART_TypeDef* const, UART*> >]	24	static
new_allocator.h:102:7:_Tp* __gnu_cxx::new_allocator<_Tp>::allocate(__gnu_cxx::new_allocator<_Tp>::size_type, const void*) [with _Tp = unsigned char*]	24	static
new_allocator.h:80:7:__gnu_cxx::new_allocator<_Tp>::new_allocator() [with _Tp = unsigned char*]	16	static
new_allocator.h:102:7:_Tp* __gnu_cxx::new_allocator<_Tp>::allocate(__gnu_cxx::new_allocator<_Tp>::size_type, const void*) [with _Tp = std::_Rb_tree_node<std::pair<USART_TypeDef* const, UART*> >]	24	static
new_allocator.h:144:2:) [with _Up = std::pair<USART_TypeDef* const, UART*>; _Args = {std::pair<USART_TypeDef*, UART*>}; _Tp = std::_Rb_tree_node<std::pair<USART_TypeDef* const, UART*> >]	32	static
aligned_buffer.h:68:7:const void* __gnu_cxx::__aligned_membuf<_Tp>::_M_addr() const [with _Tp = std::pair<USART_TypeDef* const, UART*>]	16	static
new_allocator.h:132:7:__gnu_cxx::new_allocator<_Tp>::size_type __gnu_cxx::new_allocator<_Tp>::max_size() const [with _Tp = unsigned char]	16	static
cpp_type_traits.h:428:5:_Iterator std::__miter_base(_Iterator) [with _Iterator = unsigned char**]	16	static
stl_algobase.h:438:5:_OI std::__copy_move_a2(_II, _II, _OI) [with bool _IsMove = false; _II = unsigned char**; _OI = unsigned char**]	32	static
stl_algobase.h:613:5:_BI2 std::__copy_move_backward_a2(_BI1, _BI1, _BI2) [with bool _IsMove = false; _BI1 = unsigned char**; _BI2 = unsigned char**]	32	static
aligned_buffer.h:64:7:void* __gnu_cxx::__aligned_membuf<_Tp>::_M_addr() [with _Tp = std::pair<USART_TypeDef* const, UART*>]	16	static
new_allocator.h:132:7:__gnu_cxx::new_allocator<_Tp>::size_type __gnu_cxx::new_allocator<_Tp>::max_size() const [with _Tp = unsigned char*]	16	static
new_allocator.h:132:7:__gnu_cxx::new_allocator<_Tp>::size_type __gnu_cxx::new_allocator<_Tp>::max_size() const [with _Tp = std::_Rb_tree_node<std::pair<USART_TypeDef* const, UART*> >]	16	static
stl_pair.h:360:12:constexpr std::pair<_T1, _T2>::pair(std::pair<_U1, _U2>&&) [with _U1 = USART_TypeDef*; _U2 = UART*; typename std::enable_if<(std::_PCC<((! std::is_same<_T1, _U1>::value) || (! std::is_same<_T2, _U2>::value)), _T1, _T2>::_MoveConstructiblePair<_U1, _U2>() && std::_PCC<((! std::is_same<_T1, _U1>::value) || (! std::is_same<_T2, _U2>::value)), _T1, _T2>::_ImplicitlyMoveConvertiblePair<_U1, _U2>()), bool>::type <anonymous> = true; _T1 = USART_TypeDef* const; _T2 = UART*]	16	static
stl_algobase.h:280:5:_Iterator std::__niter_base(_Iterator) [with _Iterator = unsigned char**]	16	static
stl_algobase.h:393:5:_OI std::__copy_move_a(_II, _II, _OI) [with bool _IsMove = false; _II = unsigned char**; _OI = unsigned char**]	32	static
stl_algobase.h:295:5:_Iterator std::__niter_wrap(const _Iterator&, _Iterator) [with _Iterator = unsigned char**]	16	static
stl_algobase.h:595:5:_BI2 std::__copy_move_backward_a(_BI1, _BI1, _BI2) [with bool _IsMove = false; _BI1 = unsigned char**; _BI2 = unsigned char**]	32	static
move.h:74:5:constexpr _Tp&& std::forward(typename std::remove_reference<_Tp>::type&) [with _Tp = USART_TypeDef*]	16	static
stl_algobase.h:375:2:static _Tp* std::__copy_move<_IsMove, true, std::random_access_iterator_tag>::__copy_m(const _Tp*, const _Tp*, _Tp*) [with _Tp = unsigned char*; bool _IsMove = false]	32	static
stl_algobase.h:577:2:static _Tp* std::__copy_move_backward<_IsMove, true, std::random_access_iterator_tag>::__copy_move_b(const _Tp*, const _Tp*, _Tp*) [with _Tp = unsigned char*; bool _IsMove = false]	32	static
UART.cpp:124:1:void __static_initialization_and_destruction_0(int, int)	16	static
UART.cpp:124:1:cpp)	8	static
UART.cpp:124:1:cpp)	8	static
