Archive member included to satisfy reference by file (symbol)

c:/st/stm32cubeide_1.0.2/stm32cubeide/plugins/com.st.stm32cube.ide.mcu.externaltools.gnu-tools-for-stm32.9-2020-q2-update.win32_2.0.0.202105311346/tools/bin/../lib/gcc/arm-none-eabi/9.3.1/../../../../arm-none-eabi/lib/thumb/v7e-m+fp/hard\libc_nano.a(lib_a-errno.o)
                              ./Src/syscalls.o (__errno)
c:/st/stm32cubeide_1.0.2/stm32cubeide/plugins/com.st.stm32cube.ide.mcu.externaltools.gnu-tools-for-stm32.9-2020-q2-update.win32_2.0.0.202105311346/tools/bin/../lib/gcc/arm-none-eabi/9.3.1/../../../../arm-none-eabi/lib/thumb/v7e-m+fp/hard\libc_nano.a(lib_a-exit.o)
                              c:/st/stm32cubeide_1.0.2/stm32cubeide/plugins/com.st.stm32cube.ide.mcu.externaltools.gnu-tools-for-stm32.9-2020-q2-update.win32_2.0.0.202105311346/tools/bin/../lib/gcc/arm-none-eabi/9.3.1/../../../../arm-none-eabi/lib/thumb/v7e-m+fp/hard/crt0.o (exit)
c:/st/stm32cubeide_1.0.2/stm32cubeide/plugins/com.st.stm32cube.ide.mcu.externaltools.gnu-tools-for-stm32.9-2020-q2-update.win32_2.0.0.202105311346/tools/bin/../lib/gcc/arm-none-eabi/9.3.1/../../../../arm-none-eabi/lib/thumb/v7e-m+fp/hard\libc_nano.a(lib_a-findfp.o)
                              ./Middlewares/Third_Party/FreeRTOS/Source/tasks.o (__sf_fake_stderr)
c:/st/stm32cubeide_1.0.2/stm32cubeide/plugins/com.st.stm32cube.ide.mcu.externaltools.gnu-tools-for-stm32.9-2020-q2-update.win32_2.0.0.202105311346/tools/bin/../lib/gcc/arm-none-eabi/9.3.1/../../../../arm-none-eabi/lib/thumb/v7e-m+fp/hard\libc_nano.a(lib_a-fwalk.o)
                              c:/st/stm32cubeide_1.0.2/stm32cubeide/plugins/com.st.stm32cube.ide.mcu.externaltools.gnu-tools-for-stm32.9-2020-q2-update.win32_2.0.0.202105311346/tools/bin/../lib/gcc/arm-none-eabi/9.3.1/../../../../arm-none-eabi/lib/thumb/v7e-m+fp/hard\libc_nano.a(lib_a-findfp.o) (_fwalk)
c:/st/stm32cubeide_1.0.2/stm32cubeide/plugins/com.st.stm32cube.ide.mcu.externaltools.gnu-tools-for-stm32.9-2020-q2-update.win32_2.0.0.202105311346/tools/bin/../lib/gcc/arm-none-eabi/9.3.1/../../../../arm-none-eabi/lib/thumb/v7e-m+fp/hard\libc_nano.a(lib_a-impure.o)
                              c:/st/stm32cubeide_1.0.2/stm32cubeide/plugins/com.st.stm32cube.ide.mcu.externaltools.gnu-tools-for-stm32.9-2020-q2-update.win32_2.0.0.202105311346/tools/bin/../lib/gcc/arm-none-eabi/9.3.1/../../../../arm-none-eabi/lib/thumb/v7e-m+fp/hard\libc_nano.a(lib_a-exit.o) (_global_impure_ptr)
c:/st/stm32cubeide_1.0.2/stm32cubeide/plugins/com.st.stm32cube.ide.mcu.externaltools.gnu-tools-for-stm32.9-2020-q2-update.win32_2.0.0.202105311346/tools/bin/../lib/gcc/arm-none-eabi/9.3.1/../../../../arm-none-eabi/lib/thumb/v7e-m+fp/hard\libc_nano.a(lib_a-init.o)
                              c:/st/stm32cubeide_1.0.2/stm32cubeide/plugins/com.st.stm32cube.ide.mcu.externaltools.gnu-tools-for-stm32.9-2020-q2-update.win32_2.0.0.202105311346/tools/bin/../lib/gcc/arm-none-eabi/9.3.1/../../../../arm-none-eabi/lib/thumb/v7e-m+fp/hard/crt0.o (__libc_init_array)
c:/st/stm32cubeide_1.0.2/stm32cubeide/plugins/com.st.stm32cube.ide.mcu.externaltools.gnu-tools-for-stm32.9-2020-q2-update.win32_2.0.0.202105311346/tools/bin/../lib/gcc/arm-none-eabi/9.3.1/../../../../arm-none-eabi/lib/thumb/v7e-m+fp/hard\libc_nano.a(lib_a-malloc.o)
                              ./Middlewares/ST/STM32_USB_Device_Library/Class/CDC/Src/usbd_cdc.o (malloc)
c:/st/stm32cubeide_1.0.2/stm32cubeide/plugins/com.st.stm32cube.ide.mcu.externaltools.gnu-tools-for-stm32.9-2020-q2-update.win32_2.0.0.202105311346/tools/bin/../lib/gcc/arm-none-eabi/9.3.1/../../../../arm-none-eabi/lib/thumb/v7e-m+fp/hard\libc_nano.a(lib_a-memcpy-stub.o)
                              ./Middlewares/Third_Party/FreeRTOS/Source/CMSIS_RTOS_V2/cmsis_os2.o (memcpy)
c:/st/stm32cubeide_1.0.2/stm32cubeide/plugins/com.st.stm32cube.ide.mcu.externaltools.gnu-tools-for-stm32.9-2020-q2-update.win32_2.0.0.202105311346/tools/bin/../lib/gcc/arm-none-eabi/9.3.1/../../../../arm-none-eabi/lib/thumb/v7e-m+fp/hard\libc_nano.a(lib_a-memset.o)
                              c:/st/stm32cubeide_1.0.2/stm32cubeide/plugins/com.st.stm32cube.ide.mcu.externaltools.gnu-tools-for-stm32.9-2020-q2-update.win32_2.0.0.202105311346/tools/bin/../lib/gcc/arm-none-eabi/9.3.1/../../../../arm-none-eabi/lib/thumb/v7e-m+fp/hard/crt0.o (memset)
c:/st/stm32cubeide_1.0.2/stm32cubeide/plugins/com.st.stm32cube.ide.mcu.externaltools.gnu-tools-for-stm32.9-2020-q2-update.win32_2.0.0.202105311346/tools/bin/../lib/gcc/arm-none-eabi/9.3.1/../../../../arm-none-eabi/lib/thumb/v7e-m+fp/hard\libc_nano.a(lib_a-nano-freer.o)
                              c:/st/stm32cubeide_1.0.2/stm32cubeide/plugins/com.st.stm32cube.ide.mcu.externaltools.gnu-tools-for-stm32.9-2020-q2-update.win32_2.0.0.202105311346/tools/bin/../lib/gcc/arm-none-eabi/9.3.1/../../../../arm-none-eabi/lib/thumb/v7e-m+fp/hard\libc_nano.a(lib_a-malloc.o) (_free_r)
[...]
Memory Configuration

Name             Origin             Length             Attributes
RAM              0x0000000020000000 0x0000000000050000 xrw
FLASH            0x0000000008000000 0x0000000000100000 xr
*default*        0x0000000000000000 0xffffffffffffffff

Linker script and memory map

LOAD c:/st/stm32cubeide_1.0.2/stm32cubeide/plugins/com.st.stm32cube.ide.mcu.externaltools.gnu-tools-for-stm32.9-2020-q2-update.win32_2.0.0.202105311346/tools/bin/../lib/gcc/arm-none-eabi/9.3.1/thumb/v7e-m+fp/hard/crti.o
LOAD c:/st/stm32cubeide_1.0.2/stm32cubeide/plugins/com.st.stm32cube.ide.mcu.externaltools.gnu-tools-for-stm32.9-2020-q2-update.win32_2.0.0.202105311346/tools/bin/../lib/gcc/arm-none-eabi/9.3.1/thumb/v7e-m+fp/hard/crtbegin.o
LOAD c:/st/stm32cubeide_1.0.2/stm32cubeide/plugins/com.st.stm32cube.ide.mcu.externaltools.gnu-tools-for-stm32.9-2020-q2-update.win32_2.0.0.202105311346/tools/bin/../lib/gcc/arm-none-eabi/9.3.1/../../../../arm-none-eabi/lib/thumb/v7e-m+fp/hard/crt0.o
LOAD ./Drivers/STM32F7xx_HAL_Driver/Src/stm32f7xx_hal.o
LOAD ./Drivers/STM32F7xx_HAL_Driver/Src/stm32f7xx_hal_cortex.o
LOAD ./Drivers/STM32F7xx_HAL_Driver/Src/stm32f7xx_hal_dma.o
LOAD ./Drivers/STM32F7xx_HAL_Driver/Src/stm32f7xx_hal_dma_ex.o
LOAD ./Drivers/STM32F7xx_HAL_Driver/Src/stm32f7xx_hal_exti.o
LOAD ./Drivers/STM32F7xx_HAL_Driver/Src/stm32f7xx_hal_flash.o
LOAD ./Drivers/STM32F7xx_HAL_Driver/Src/stm32f7xx_hal_flash_ex.o
LOAD ./Drivers/STM32F7xx_HAL_Driver/Src/stm32f7xx_hal_gpio.o
LOAD ./Drivers/STM32F7xx_HAL_Driver/Src/stm32f7xx_hal_i2c.o
LOAD ./Drivers/STM32F7xx_HAL_Driver/Src/stm32f7xx_hal_i2c_ex.o
LOAD ./Drivers/STM32F7xx_HAL_Driver/Src/stm32f7xx_hal_pcd.o
LOAD ./Drivers/STM32F7xx_HAL_Driver/Src/stm32f7xx_hal_pcd_ex.o
LOAD ./Drivers/STM32F7xx_HAL_Driver/Src/stm32f7xx_hal_pwr.o
LOAD ./Drivers/STM32F7xx_HAL_Driver/Src/stm32f7xx_hal_pwr_ex.o
LOAD ./Drivers/STM32F7xx_HAL_Driver/Src/stm32f7xx_hal_rcc.o
LOAD ./Drivers/STM32F7xx_HAL_Driver/Src/stm32f7xx_hal_rcc_ex.o
LOAD ./Drivers/STM32F7xx_HAL_Driver/Src/stm32f7xx_hal_spi.o
LOAD ./Drivers/STM32F7xx_HAL_Driver/Src/stm32f7xx_hal_spi_ex.o
LOAD ./Drivers/STM32F7xx_HAL_Driver/Src/stm32f7xx_hal_tim.o
LOAD ./Drivers/STM32F7xx_HAL_Driver/Src/stm32f7xx_hal_tim_ex.o
LOAD ./Drivers/STM32F7xx_HAL_Driver/Src/stm32f7xx_hal_uart.o
LOAD ./Drivers/STM32F7xx_HAL_Driver/Src/stm32f7xx_hal_uart_ex.o
LOAD ./Drivers/STM32F7xx_HAL_Driver/Src/stm32f7xx_ll_usb.o
LOAD ./Middlewares/ST/STM32_USB_Device_Library/Class/CDC/Src/usbd_cdc.o
LOAD ./Middlewares/ST/STM32_USB_Device_Library/Core/Src/usbd_core.o
LOAD ./Middlewares/ST/STM32_USB_Device_Library/Core/Src/usbd_ctlreq.o
LOAD ./Middlewares/ST/STM32_USB_Device_Library/Core/Src/usbd_ioreq.o
LOAD ./Middlewares/Third_Party/FatFs/src/diskio.o
LOAD ./Middlewares/Third_Party/FatFs/src/ff.o
LOAD ./Middlewares/Third_Party/FatFs/src/ff_gen_drv.o
LOAD ./Middlewares/Third_Party/FatFs/src/option/syscall.o
LOAD ./Middlewares/Third_Party/FreeRTOS/Source/CMSIS_RTOS_V2/cmsis_os2.o
LOAD ./Middlewares/Third_Party/FreeRTOS/Source/croutine.o
LOAD ./Middlewares/Third_Party/FreeRTOS/Source/event_groups.o
LOAD ./Middlewares/Third_Party/FreeRTOS/Source/list.o
LOAD ./Middlewares/Third_Party/FreeRTOS/Source/queue.o
LOAD ./Middlewares/Third_Party/FreeRTOS/Source/stream_buffer.o
LOAD ./Middlewares/Third_Party/FreeRTOS/Source/tasks.o
LOAD ./Middlewares/Third_Party/FreeRTOS/Source/timers.o
LOAD ./Middlewares/Third_Party/FreeRTOS/Source/portable/GCC/ARM_CM7/r0p1/port.o
LOAD ./Middlewares/Third_Party/FreeRTOS/Source/portable/MemMang/heap_4.o
LOAD ./Src/fatfs.o
LOAD ./Src/freertos.o
LOAD ./Src/main.o
LOAD ./Src/stm32f7xx_hal_msp.o
LOAD ./Src/stm32f7xx_hal_timebase_tim.o
LOAD ./Src/stm32f7xx_it.o
LOAD ./Src/syscalls.o
LOAD ./Src/sysmem.o
LOAD ./Src/system_stm32f7xx.o
LOAD ./Src/usb_device.o
LOAD ./Src/usbd_cdc_if.o
LOAD ./Src/usbd_conf.o
LOAD ./Src/usbd_desc.o
LOAD ./Src/user_diskio.o
LOAD ./Startup/startup_stm32f746zgtx.o
LOAD ./ThreadSafe/newlib_lock_glue.o
START GROUP
LOAD c:/st/stm32cubeide_1.0.2/stm32cubeide/plugins/com.st.stm32cube.ide.mcu.externaltools.gnu-tools-for-stm32.9-2020-q2-update.win32_2.0.0.202105311346/tools/bin/../lib/gcc/arm-none-eabi/9.3.1/../../../../arm-none-eabi/lib/thumb/v7e-m+fp/hard\libstdc++_nano.a
LOAD c:/st/stm32cubeide_1.0.2/stm32cubeide/plugins/com.st.stm32cube.ide.mcu.externaltools.gnu-tools-for-stm32.9-2020-q2-update.win32_2.0.0.202105311346/tools/bin/../lib/gcc/arm-none-eabi/9.3.1/../../../../arm-none-eabi/lib/thumb/v7e-m+fp/hard\libsupc++_nano.a
END GROUP
LOAD c:/st/stm32cubeide_1.0.2/stm32cubeide/plugins/com.st.stm32cube.ide.mcu.externaltools.gnu-tools-for-stm32.9-2020-q2-update.win32_2.0.0.202105311346/tools/bin/../lib/gcc/arm-none-eabi/9.3.1/../../../../arm-none-eabi/lib/thumb/v7e-m+fp/hard\libstdc++_nano.a
LOAD c:/st/stm32cubeide_1.0.2/stm32cubeide/plugins/com.st.stm32cube.ide.mcu.externaltools.gnu-tools-for-stm32.9-2020-q2-update.win32_2.0.0.202105311346/tools/bin/../lib/gcc/arm-none-eabi/9.3.1/../../../../arm-none-eabi/lib/thumb/v7e-m+fp/hard\libm.a
LOAD c:/st/stm32cubeide_1.0.2/stm32cubeide/plugins/com.st.stm32cube.ide.mcu.externaltools.gnu-tools-for-stm32.9-2020-q2-update.win32_2.0.0.202105311346/tools/bin/../lib/gcc/arm-none-eabi/9.3.1/../../../../arm-none-eabi/lib/thumb/v7e-m+fp/hard\libc_nano.a
START GROUP
LOAD c:/st/stm32cubeide_1.0.2/stm32cubeide/plugins/com.st.stm32cube.ide.mcu.externaltools.gnu-tools-for-stm32.9-2020-q2-update.win32_2.0.0.202105311346/tools/bin/../lib/gcc/arm-none-eabi/9.3.1/thumb/v7e-m+fp/hard\libgcc.a
LOAD c:/st/stm32cubeide_1.0.2/stm32cubeide/plugins/com.st.stm32cube.ide.mcu.externaltools.gnu-tools-for-stm32.9-2020-q2-update.win32_2.0.0.202105311346/tools/bin/../lib/gcc/arm-none-eabi/9.3.1/../../../../arm-none-eabi/lib/thumb/v7e-m+fp/hard\libc_nano.a
END GROUP
START GROUP
LOAD c:/st/stm32cubeide_1.0.2/stm32cubeide/plugins/com.st.stm32cube.ide.mcu.externaltools.gnu-tools-for-stm32.9-2020-q2-update.win32_2.0.0.202105311346/tools/bin/../lib/gcc/arm-none-eabi/9.3.1/thumb/v7e-m+fp/hard\libgcc.a
LOAD c:/st/stm32cubeide_1.0.2/stm32cubeide/plugins/com.st.stm32cube.ide.mcu.externaltools.gnu-tools-for-stm32.9-2020-q2-update.win32_2.0.0.202105311346/tools/bin/../lib/gcc/arm-none-eabi/9.3.1/../../../../arm-none-eabi/lib/thumb/v7e-m+fp/hard\libc_nano.a
END GROUP
LOAD c:/st/stm32cubeide_1.0.2/stm32cubeide/plugins/com.st.stm32cube.ide.mcu.externaltools.gnu-tools-for-stm32.9-2020-q2-update.win32_2.0.0.202105311346/tools/bin/../lib/gcc/arm-none-eabi/9.3.1/thumb/v7e-m+fp/hard/crtend.o
LOAD c:/st/stm32cubeide_1.0.2/stm32cubeide/plugins/com.st.stm32cube.ide.mcu.externaltools.gnu-tools-for-stm32.9-2020-q2-update.win32_2.0.0.202105311346/tools/bin/../lib/gcc/arm-none-eabi/9.3.1/thumb/v7e-m+fp/hard/crtn.o
                0x0000000020050000                _estack = (ORIGIN (RAM) + LENGTH (RAM))
                0x0000000000000200                _Min_Heap_Size = 0x200
                0x0000000000000400                _Min_Stack_Size = 0x400

.isr_vector     0x0000000008000000      0x1c8
                0x0000000008000000                . = ALIGN (0x4)
 *(.isr_vector)
 .isr_vector    0x0000000008000000      0x1c8 ./Startup/startup_stm32f746zgtx.o
                0x0000000008000000                g_pfnVectors
                0x00000000080001c8                . = ALIGN (0x4)

.text           0x00000000080001d0     0xb468
                0x00000000080001d0                . = ALIGN (0x4)
 *(.text)
 .text          0x00000000080001d0       0x40 c:/st/stm32cubeide_1.0.2/stm32cubeide/plugins/com.st.stm32cube.ide.mcu.externaltools.gnu-tools-for-stm32.9-2020-q2-update.win32_2.0.0.202105311346/tools/bin/../lib/gcc/arm-none-eabi/9.3.1/thumb/v7e-m+fp/hard/crtbegin.o
 .text          0x0000000008000210       0x30 c:/st/stm32cubeide_1.0.2/stm32cubeide/plugins/com.st.stm32cube.ide.mcu.externaltools.gnu-tools-for-stm32.9-2020-q2-update.win32_2.0.0.202105311346/tools/bin/../lib/gcc/arm-none-eabi/9.3.1/thumb/v7e-m+fp/hard\libgcc.a(_aeabi_uldivmod.o)
                0x0000000008000210                __aeabi_uldivmod
 .text          0x0000000008000240      0x2c4 c:/st/stm32cubeide_1.0.2/stm32cubeide/plugins/com.st.stm32cube.ide.mcu.externaltools.gnu-tools-for-stm32.9-2020-q2-update.win32_2.0.0.202105311346/tools/bin/../lib/gcc/arm-none-eabi/9.3.1/thumb/v7e-m+fp/hard\libgcc.a(_udivmoddi4.o)
                0x0000000008000240                __udivmoddi4
 .text          0x0000000008000504        0x4 c:/st/stm32cubeide_1.0.2/stm32cubeide/plugins/com.st.stm32cube.ide.mcu.externaltools.gnu-tools-for-stm32.9-2020-q2-update.win32_2.0.0.202105311346/tools/bin/../lib/gcc/arm-none-eabi/9.3.1/thumb/v7e-m+fp/hard\libgcc.a(_dvmd_tls.o)
                0x0000000008000504                __aeabi_idiv0
                0x0000000008000504                __aeabi_ldiv0
 *(.text*)
 .text.HAL_Init
                0x0000000008000508       0x1a ./Drivers/STM32F7xx_HAL_Driver/Src/stm32f7xx_hal.o
                0x0000000008000508                HAL_Init
 *fill*         0x0000000008000522        0x2 
 .text.HAL_IncTick
                0x0000000008000524       0x28 ./Drivers/STM32F7xx_HAL_Driver/Src/stm32f7xx_hal.o
                0x0000000008000524                HAL_IncTick
 .text.HAL_GetTick
                0x000000000800054c       0x18 ./Drivers/STM32F7xx_HAL_Driver/Src/stm32f7xx_hal.o
                0x000000000800054c                HAL_GetTick
 .text.HAL_Delay
                0x0000000008000564       0x48 ./Drivers/STM32F7xx_HAL_Driver/Src/stm32f7xx_hal.o
                0x0000000008000564                HAL_Delay
 .text.__NVIC_SetPriorityGrouping
                0x00000000080005ac       0x48 ./Drivers/STM32F7xx_HAL_Driver/Src/stm32f7xx_hal_cortex.o
 .text.__NVIC_GetPriorityGrouping
                0x00000000080005f4       0x1c ./Drivers/STM32F7xx_HAL_Driver/Src/stm32f7xx_hal_cortex.o
 .text.__NVIC_EnableIRQ
                0x0000000008000610       0x3c ./Drivers/STM32F7xx_HAL_Driver/Src/stm32f7xx_hal_cortex.o
 .text.__NVIC_SetPriority
                0x000000000800064c       0x54 ./Drivers/STM32F7xx_HAL_Driver/Src/stm32f7xx_hal_cortex.o
 .text.NVIC_EncodePriority
                0x00000000080006a0       0x66 ./Drivers/STM32F7xx_HAL_Driver/Src/stm32f7xx_hal_cortex.o
 .text.HAL_NVIC_SetPriorityGrouping
                0x0000000008000706       0x16 ./Drivers/STM32F7xx_HAL_Driver/Src/stm32f7xx_hal_cortex.o
                0x0000000008000706                HAL_NVIC_SetPriorityGrouping
 .text.HAL_NVIC_SetPriority
                0x000000000800071c       0x38 ./Drivers/STM32F7xx_HAL_Driver/Src/stm32f7xx_hal_cortex.o
                0x000000000800071c                HAL_NVIC_SetPriority
 .text.HAL_NVIC_EnableIRQ
                0x0000000008000754       0x1c ./Drivers/STM32F7xx_HAL_Driver/Src/stm32f7xx_hal_cortex.o
                0x0000000008000754                HAL_NVIC_EnableIRQ
 .text.HAL_GPIO_Init
                0x0000000008000770      0x358 ./Drivers/STM32F7xx_HAL_Driver/Src/stm32f7xx_hal_gpio.o
                0x0000000008000770                HAL_GPIO_Init
 .text.HAL_GPIO_WritePin
                0x0000000008000ac8       0x32 ./Drivers/STM32F7xx_HAL_Driver/Src/stm32f7xx_hal_gpio.o
                0x0000000008000ac8                HAL_GPIO_WritePin
 .text.HAL_GPIO_TogglePin
                0x0000000008000afa       0x34 ./Drivers/STM32F7xx_HAL_Driver/Src/stm32f7xx_hal_gpio.o
                0x0000000008000afa                HAL_GPIO_TogglePin
 *fill*         0x0000000008000b2e        0x2 
 .text.HAL_I2C_Init
                0x0000000008000b30      0x120 ./Drivers/STM32F7xx_HAL_Driver/Src/stm32f7xx_hal_i2c.o
                0x0000000008000b30                HAL_I2C_Init
 .text.HAL_I2CEx_ConfigAnalogFilter
                0x0000000008000c50       0x96 ./Drivers/STM32F7xx_HAL_Driver/Src/stm32f7xx_hal_i2c_ex.o
                0x0000000008000c50                HAL_I2CEx_ConfigAnalogFilter
 .text.HAL_I2CEx_ConfigDigitalFilter
                0x0000000008000ce6       0x98 ./Drivers/STM32F7xx_HAL_Driver/Src/stm32f7xx_hal_i2c_ex.o
                0x0000000008000ce6                HAL_I2CEx_ConfigDigitalFilter
 .text.HAL_PCD_Init
                0x0000000008000d7e      0x248 ./Drivers/STM32F7xx_HAL_Driver/Src/stm32f7xx_hal_pcd.o
                0x0000000008000d7e                HAL_PCD_Init
 .text.HAL_PCD_Start
                0x0000000008000fc6       0x44 ./Drivers/STM32F7xx_HAL_Driver/Src/stm32f7xx_hal_pcd.o
                0x0000000008000fc6                HAL_PCD_Start
 .text.HAL_PCD_IRQHandler
                0x000000000800100a      0x7be ./Drivers/STM32F7xx_HAL_Driver/Src/stm32f7xx_hal_pcd.o
                0x000000000800100a                HAL_PCD_IRQHandler
 .text.HAL_PCD_SetAddress
                0x00000000080017c8       0x4a ./Drivers/STM32F7xx_HAL_Driver/Src/stm32f7xx_hal_pcd.o
                0x00000000080017c8                HAL_PCD_SetAddress
 .text.HAL_PCD_EP_Open
                0x0000000008001812       0xd0 ./Drivers/STM32F7xx_HAL_Driver/Src/stm32f7xx_hal_pcd.o
                0x0000000008001812                HAL_PCD_EP_Open
 .text.HAL_PCD_EP_Close
                0x00000000080018e2       0x94 ./Drivers/STM32F7xx_HAL_Driver/Src/stm32f7xx_hal_pcd.o
                0x00000000080018e2                HAL_PCD_EP_Close
 .text.HAL_PCD_EP_Receive
                0x0000000008001976       0x96 ./Drivers/STM32F7xx_HAL_Driver/Src/stm32f7xx_hal_pcd.o
                0x0000000008001976                HAL_PCD_EP_Receive
 .text.HAL_PCD_EP_GetRxCount
                0x0000000008001a0c       0x30 ./Drivers/STM32F7xx_HAL_Driver/Src/stm32f7xx_hal_pcd.o
                0x0000000008001a0c                HAL_PCD_EP_GetRxCount
 .text.HAL_PCD_EP_Transmit
                0x0000000008001a3c       0x94 ./Drivers/STM32F7xx_HAL_Driver/Src/stm32f7xx_hal_pcd.o
                0x0000000008001a3c                HAL_PCD_EP_Transmit
 .text.HAL_PCD_EP_SetStall
                0x0000000008001ad0       0xc8 ./Drivers/STM32F7xx_HAL_Driver/Src/stm32f7xx_hal_pcd.o
                0x0000000008001ad0                HAL_PCD_EP_SetStall
 .text.HAL_PCD_EP_ClrStall
                0x0000000008001b98       0xac ./Drivers/STM32F7xx_HAL_Driver/Src/stm32f7xx_hal_pcd.o
                0x0000000008001b98                HAL_PCD_EP_ClrStall
 .text.PCD_WriteEmptyTxFifo
                0x0000000008001c44      0x11a ./Drivers/STM32F7xx_HAL_Driver/Src/stm32f7xx_hal_pcd.o
 *fill*         0x0000000008001d5e        0x2 
 .text.PCD_EP_OutXfrComplete_int
                0x0000000008001d60      0x218 ./Drivers/STM32F7xx_HAL_Driver/Src/stm32f7xx_hal_pcd.o
 .text.PCD_EP_OutSetupPacket_int
                0x0000000008001f78       0x8c ./Drivers/STM32F7xx_HAL_Driver/Src/stm32f7xx_hal_pcd.o
 .text.HAL_PCDEx_SetTxFiFo
                0x0000000008002004       0x8e ./Drivers/STM32F7xx_HAL_Driver/Src/stm32f7xx_hal_pcd_ex.o
                0x0000000008002004                HAL_PCDEx_SetTxFiFo
 .text.HAL_PCDEx_SetRxFiFo
                0x0000000008002092       0x22 ./Drivers/STM32F7xx_HAL_Driver/Src/stm32f7xx_hal_pcd_ex.o
                0x0000000008002092                HAL_PCDEx_SetRxFiFo
 .text.HAL_PCDEx_ActivateLPM
                0x00000000080020b4       0x48 ./Drivers/STM32F7xx_HAL_Driver/Src/stm32f7xx_hal_pcd_ex.o
                0x00000000080020b4                HAL_PCDEx_ActivateLPM
 .text.HAL_PWR_EnableBkUpAccess
                0x00000000080020fc       0x20 ./Drivers/STM32F7xx_HAL_Driver/Src/stm32f7xx_hal_pwr.o
                0x00000000080020fc                HAL_PWR_EnableBkUpAccess
 .text.HAL_RCC_OscConfig
                0x000000000800211c      0x548 ./Drivers/STM32F7xx_HAL_Driver/Src/stm32f7xx_hal_rcc.o
                0x000000000800211c                HAL_RCC_OscConfig
 .text.HAL_RCC_ClockConfig
                0x0000000008002664      0x1d8 ./Drivers/STM32F7xx_HAL_Driver/Src/stm32f7xx_hal_rcc.o
                0x0000000008002664                HAL_RCC_ClockConfig
 .text.HAL_RCC_GetSysClockFreq
                0x000000000800283c      0x1c4 ./Drivers/STM32F7xx_HAL_Driver/Src/stm32f7xx_hal_rcc.o
                0x000000000800283c                HAL_RCC_GetSysClockFreq
 .text.HAL_RCC_GetHCLKFreq
                0x0000000008002a00       0x18 ./Drivers/STM32F7xx_HAL_Driver/Src/stm32f7xx_hal_rcc.o
                0x0000000008002a00                HAL_RCC_GetHCLKFreq
 .text.HAL_RCC_GetPCLK1Freq
                0x0000000008002a18       0x28 ./Drivers/STM32F7xx_HAL_Driver/Src/stm32f7xx_hal_rcc.o
                0x0000000008002a18                HAL_RCC_GetPCLK1Freq
 .text.HAL_RCC_GetPCLK2Freq
                0x0000000008002a40       0x28 ./Drivers/STM32F7xx_HAL_Driver/Src/stm32f7xx_hal_rcc.o
                0x0000000008002a40                HAL_RCC_GetPCLK2Freq
 .text.HAL_RCC_GetClockConfig
                0x0000000008002a68       0x64 ./Drivers/STM32F7xx_HAL_Driver/Src/stm32f7xx_hal_rcc.o
                0x0000000008002a68                HAL_RCC_GetClockConfig
 .text.HAL_RCCEx_PeriphCLKConfig
                0x0000000008002acc      0x7e0 ./Drivers/STM32F7xx_HAL_Driver/Src/stm32f7xx_hal_rcc_ex.o
                0x0000000008002acc                HAL_RCCEx_PeriphCLKConfig
 .text.HAL_SPI_Init
                0x00000000080032ac      0x156 ./Drivers/STM32F7xx_HAL_Driver/Src/stm32f7xx_hal_spi.o
                0x00000000080032ac                HAL_SPI_Init
 .text.HAL_TIM_Base_Init
                0x0000000008003402       0xae ./Drivers/STM32F7xx_HAL_Driver/Src/stm32f7xx_hal_tim.o
                0x0000000008003402                HAL_TIM_Base_Init
 .text.HAL_TIM_Base_MspInit
                0x00000000080034b0       0x14 ./Drivers/STM32F7xx_HAL_Driver/Src/stm32f7xx_hal_tim.o
                0x00000000080034b0                HAL_TIM_Base_MspInit
 .text.HAL_TIM_Base_Start_IT
                0x00000000080034c4       0xf0 ./Drivers/STM32F7xx_HAL_Driver/Src/stm32f7xx_hal_tim.o
                0x00000000080034c4                HAL_TIM_Base_Start_IT
 .text.HAL_TIM_IRQHandler
                0x00000000080035b4      0x23e ./Drivers/STM32F7xx_HAL_Driver/Src/stm32f7xx_hal_tim.o
                0x00000000080035b4                HAL_TIM_IRQHandler
 .text.HAL_TIM_OC_DelayElapsedCallback
                0x00000000080037f2       0x14 ./Drivers/STM32F7xx_HAL_Driver/Src/stm32f7xx_hal_tim.o
                0x00000000080037f2                HAL_TIM_OC_DelayElapsedCallback
 .text.HAL_TIM_IC_CaptureCallback
                0x0000000008003806       0x14 ./Drivers/STM32F7xx_HAL_Driver/Src/stm32f7xx_hal_tim.o
                0x0000000008003806                HAL_TIM_IC_CaptureCallback
 .text.HAL_TIM_PWM_PulseFinishedCallback
                0x000000000800381a       0x14 ./Drivers/STM32F7xx_HAL_Driver/Src/stm32f7xx_hal_tim.o
                0x000000000800381a                HAL_TIM_PWM_PulseFinishedCallback
 .text.HAL_TIM_TriggerCallback
                0x000000000800382e       0x14 ./Drivers/STM32F7xx_HAL_Driver/Src/stm32f7xx_hal_tim.o
                0x000000000800382e                HAL_TIM_TriggerCallback
 *fill*         0x0000000008003842        0x2 
 .text.TIM_Base_SetConfig
                0x0000000008003844      0x140 ./Drivers/STM32F7xx_HAL_Driver/Src/stm32f7xx_hal_tim.o
                0x0000000008003844                TIM_Base_SetConfig
 .text.HAL_TIMEx_CommutCallback
                0x0000000008003984       0x14 ./Drivers/STM32F7xx_HAL_Driver/Src/stm32f7xx_hal_tim_ex.o
                0x0000000008003984                HAL_TIMEx_CommutCallback
 .text.HAL_TIMEx_BreakCallback
                0x0000000008003998       0x14 ./Drivers/STM32F7xx_HAL_Driver/Src/stm32f7xx_hal_tim_ex.o
                0x0000000008003998                HAL_TIMEx_BreakCallback
 .text.HAL_TIMEx_Break2Callback
                0x00000000080039ac       0x14 ./Drivers/STM32F7xx_HAL_Driver/Src/stm32f7xx_hal_tim_ex.o
                0x00000000080039ac                HAL_TIMEx_Break2Callback
 .text.HAL_UART_Init
                0x00000000080039c0       0x9c ./Drivers/STM32F7xx_HAL_Driver/Src/stm32f7xx_hal_uart.o
                0x00000000080039c0                HAL_UART_Init
 .text.UART_SetConfig
                0x0000000008003a5c      0x4c4 ./Drivers/STM32F7xx_HAL_Driver/Src/stm32f7xx_hal_uart.o
                0x0000000008003a5c                UART_SetConfig
 .text.UART_AdvFeatureConfig
                0x0000000008003f20      0x144 ./Drivers/STM32F7xx_HAL_Driver/Src/stm32f7xx_hal_uart.o
                0x0000000008003f20                UART_AdvFeatureConfig
 .text.UART_CheckIdleState
                0x0000000008004064       0x66 ./Drivers/STM32F7xx_HAL_Driver/Src/stm32f7xx_hal_uart.o
                0x0000000008004064                UART_CheckIdleState
 .text.UART_WaitOnFlagUntilTimeout
                0x00000000080040ca       0xf8 ./Drivers/STM32F7xx_HAL_Driver/Src/stm32f7xx_hal_uart.o
                0x00000000080040ca                UART_WaitOnFlagUntilTimeout
 *fill*         0x00000000080041c2        0x2 
 .text.USB_CoreInit
                0x00000000080041c4       0xb0 ./Drivers/STM32F7xx_HAL_Driver/Src/stm32f7xx_ll_usb.o
                0x00000000080041c4                USB_CoreInit
 .text.USB_SetTurnaroundTime
                0x0000000008004274      0x144 ./Drivers/STM32F7xx_HAL_Driver/Src/stm32f7xx_ll_usb.o
                0x0000000008004274                USB_SetTurnaroundTime
 .text.USB_EnableGlobalInt
                0x00000000080043b8       0x22 ./Drivers/STM32F7xx_HAL_Driver/Src/stm32f7xx_ll_usb.o
                0x00000000080043b8                USB_EnableGlobalInt
 .text.USB_DisableGlobalInt
                0x00000000080043da       0x22 ./Drivers/STM32F7xx_HAL_Driver/Src/stm32f7xx_ll_usb.o
                0x00000000080043da                USB_DisableGlobalInt
 .text.USB_SetCurrentMode
                0x00000000080043fc       0x54 ./Drivers/STM32F7xx_HAL_Driver/Src/stm32f7xx_ll_usb.o
                0x00000000080043fc                USB_SetCurrentMode
 .text.USB_DevInit
                0x0000000008004450      0x2dc ./Drivers/STM32F7xx_HAL_Driver/Src/stm32f7xx_ll_usb.o
                0x0000000008004450                USB_DevInit
 .text.USB_FlushTxFifo
                0x000000000800472c       0x4c ./Drivers/STM32F7xx_HAL_Driver/Src/stm32f7xx_ll_usb.o
                0x000000000800472c                USB_FlushTxFifo
 .text.USB_FlushRxFifo
                0x0000000008004778       0x44 ./Drivers/STM32F7xx_HAL_Driver/Src/stm32f7xx_ll_usb.o
                0x0000000008004778                USB_FlushRxFifo
 .text.USB_SetDevSpeed
                0x00000000080047bc       0x32 ./Drivers/STM32F7xx_HAL_Driver/Src/stm32f7xx_ll_usb.o
                0x00000000080047bc                USB_SetDevSpeed
 .text.USB_GetDevSpeed
                0x00000000080047ee       0x4a ./Drivers/STM32F7xx_HAL_Driver/Src/stm32f7xx_ll_usb.o
                0x00000000080047ee                USB_GetDevSpeed
 .text.USB_ActivateEndpoint
                0x0000000008004838      0x110 ./Drivers/STM32F7xx_HAL_Driver/Src/stm32f7xx_ll_usb.o
                0x0000000008004838                USB_ActivateEndpoint
 .text.USB_DeactivateEndpoint
                0x0000000008004948      0x1b8 ./Drivers/STM32F7xx_HAL_Driver/Src/stm32f7xx_ll_usb.o
                0x0000000008004948                USB_DeactivateEndpoint
 .text.USB_EPStartXfer
                0x0000000008004b00      0x498 ./Drivers/STM32F7xx_HAL_Driver/Src/stm32f7xx_ll_usb.o
                0x0000000008004b00                USB_EPStartXfer
 .text.USB_EP0StartXfer
                0x0000000008004f98      0x2b0 ./Drivers/STM32F7xx_HAL_Driver/Src/stm32f7xx_ll_usb.o
                0x0000000008004f98                USB_EP0StartXfer
 .text.USB_WritePacket
                0x0000000008005248       0x6a ./Drivers/STM32F7xx_HAL_Driver/Src/stm32f7xx_ll_usb.o
                0x0000000008005248                USB_WritePacket
 .text.USB_ReadPacket
                0x00000000080052b2       0x52 ./Drivers/STM32F7xx_HAL_Driver/Src/stm32f7xx_ll_usb.o
                0x00000000080052b2                USB_ReadPacket
 .text.USB_EPSetStall
                0x0000000008005304       0xdc ./Drivers/STM32F7xx_HAL_Driver/Src/stm32f7xx_ll_usb.o
                0x0000000008005304                USB_EPSetStall
 .text.USB_EPClearStall
                0x00000000080053e0       0xcc ./Drivers/STM32F7xx_HAL_Driver/Src/stm32f7xx_ll_usb.o
                0x00000000080053e0                USB_EPClearStall
 .text.USB_SetDevAddress
                0x00000000080054ac       0x4c ./Drivers/STM32F7xx_HAL_Driver/Src/stm32f7xx_ll_usb.o
                0x00000000080054ac                USB_SetDevAddress
 .text.USB_DevConnect
                0x00000000080054f8       0x42 ./Drivers/STM32F7xx_HAL_Driver/Src/stm32f7xx_ll_usb.o
                0x00000000080054f8                USB_DevConnect
 .text.USB_DevDisconnect
                0x000000000800553a       0x42 ./Drivers/STM32F7xx_HAL_Driver/Src/stm32f7xx_ll_usb.o
                0x000000000800553a                USB_DevDisconnect
 .text.USB_ReadInterrupts
                0x000000000800557c       0x26 ./Drivers/STM32F7xx_HAL_Driver/Src/stm32f7xx_ll_usb.o
                0x000000000800557c                USB_ReadInterrupts
 .text.USB_ReadDevAllOutEpInterrupt
                0x00000000080055a2       0x34 ./Drivers/STM32F7xx_HAL_Driver/Src/stm32f7xx_ll_usb.o
                0x00000000080055a2                USB_ReadDevAllOutEpInterrupt
 .text.USB_ReadDevAllInEpInterrupt
                0x00000000080055d6       0x34 ./Drivers/STM32F7xx_HAL_Driver/Src/stm32f7xx_ll_usb.o
                0x00000000080055d6                USB_ReadDevAllInEpInterrupt
 .text.USB_ReadDevOutEPInterrupt
                0x000000000800560a       0x3c ./Drivers/STM32F7xx_HAL_Driver/Src/stm32f7xx_ll_usb.o
                0x000000000800560a                USB_ReadDevOutEPInterrupt
 .text.USB_ReadDevInEPInterrupt
                0x0000000008005646       0x5c ./Drivers/STM32F7xx_HAL_Driver/Src/stm32f7xx_ll_usb.o
                0x0000000008005646                USB_ReadDevInEPInterrupt
 .text.USB_GetMode
                0x00000000080056a2       0x1c ./Drivers/STM32F7xx_HAL_Driver/Src/stm32f7xx_ll_usb.o
                0x00000000080056a2                USB_GetMode
 *fill*         0x00000000080056be        0x2 
 .text.USB_ActivateSetup
                0x00000000080056c0       0x48 ./Drivers/STM32F7xx_HAL_Driver/Src/stm32f7xx_ll_usb.o
                0x00000000080056c0                USB_ActivateSetup
 .text.USB_EP0_OutStart
                0x0000000008005708       0xbc ./Drivers/STM32F7xx_HAL_Driver/Src/stm32f7xx_ll_usb.o
                0x0000000008005708                USB_EP0_OutStart
 .text.USB_CoreReset
                0x00000000080057c4       0x68 ./Drivers/STM32F7xx_HAL_Driver/Src/stm32f7xx_ll_usb.o
 .text.USBD_CDC_Init
                0x000000000800582c      0x100 ./Middlewares/ST/STM32_USB_Device_Library/Class/CDC/Src/usbd_cdc.o
 .text.USBD_CDC_DeInit
                0x000000000800592c       0x78 ./Middlewares/ST/STM32_USB_Device_Library/Class/CDC/Src/usbd_cdc.o
 .text.USBD_CDC_Setup
                0x00000000080059a4      0x178 ./Middlewares/ST/STM32_USB_Device_Library/Class/CDC/Src/usbd_cdc.o
 .text.USBD_CDC_DataIn
                0x0000000008005b1c       0xbe ./Middlewares/ST/STM32_USB_Device_Library/Class/CDC/Src/usbd_cdc.o
 .text.USBD_CDC_DataOut
                0x0000000008005bda       0x56 ./Middlewares/ST/STM32_USB_Device_Library/Class/CDC/Src/usbd_cdc.o
 .text.USBD_CDC_EP0_RxReady
                0x0000000008005c30       0x50 ./Middlewares/ST/STM32_USB_Device_Library/Class/CDC/Src/usbd_cdc.o
 .text.USBD_CDC_GetFSCfgDesc
                0x0000000008005c80       0x20 ./Middlewares/ST/STM32_USB_Device_Library/Class/CDC/Src/usbd_cdc.o
 .text.USBD_CDC_GetHSCfgDesc
                0x0000000008005ca0       0x20 ./Middlewares/ST/STM32_USB_Device_Library/Class/CDC/Src/usbd_cdc.o
 .text.USBD_CDC_GetOtherSpeedCfgDesc
                0x0000000008005cc0       0x20 ./Middlewares/ST/STM32_USB_Device_Library/Class/CDC/Src/usbd_cdc.o
 .text.USBD_CDC_GetDeviceQualifierDescriptor
                0x0000000008005ce0       0x20 ./Middlewares/ST/STM32_USB_Device_Library/Class/CDC/Src/usbd_cdc.o
                0x0000000008005ce0                USBD_CDC_GetDeviceQualifierDescriptor
 .text.USBD_CDC_RegisterInterface
                0x0000000008005d00       0x2a ./Middlewares/ST/STM32_USB_Device_Library/Class/CDC/Src/usbd_cdc.o
                0x0000000008005d00                USBD_CDC_RegisterInterface
 .text.USBD_CDC_SetTxBuffer
                0x0000000008005d2a       0x32 ./Middlewares/ST/STM32_USB_Device_Library/Class/CDC/Src/usbd_cdc.o
                0x0000000008005d2a                USBD_CDC_SetTxBuffer
 .text.USBD_CDC_SetRxBuffer
                0x0000000008005d5c       0x28 ./Middlewares/ST/STM32_USB_Device_Library/Class/CDC/Src/usbd_cdc.o
                0x0000000008005d5c                USBD_CDC_SetRxBuffer
 .text.USBD_CDC_ReceivePacket
                0x0000000008005d84       0x54 ./Middlewares/ST/STM32_USB_Device_Library/Class/CDC/Src/usbd_cdc.o
                0x0000000008005d84                USBD_CDC_ReceivePacket
 .text.USBD_Init
                0x0000000008005dd8       0x6c ./Middlewares/ST/STM32_USB_Device_Library/Core/Src/usbd_core.o
                0x0000000008005dd8                USBD_Init
 .text.USBD_RegisterClass
                0x0000000008005e44       0x42 ./Middlewares/ST/STM32_USB_Device_Library/Core/Src/usbd_core.o
                0x0000000008005e44                USBD_RegisterClass
 .text.USBD_Start
                0x0000000008005e86       0x18 ./Middlewares/ST/STM32_USB_Device_Library/Core/Src/usbd_core.o
                0x0000000008005e86                USBD_Start
 .text.USBD_RunTestMode
                0x0000000008005e9e       0x16 ./Middlewares/ST/STM32_USB_Device_Library/Core/Src/usbd_core.o
                0x0000000008005e9e                USBD_RunTestMode
 .text.USBD_SetClassConfig
                0x0000000008005eb4       0x38 ./Middlewares/ST/STM32_USB_Device_Library/Core/Src/usbd_core.o
                0x0000000008005eb4                USBD_SetClassConfig
 .text.USBD_ClrClassConfig
                0x0000000008005eec       0x30 ./Middlewares/ST/STM32_USB_Device_Library/Core/Src/usbd_core.o
                0x0000000008005eec                USBD_ClrClassConfig
 .text.USBD_LL_SetupStage
                0x0000000008005f1c       0xaa ./Middlewares/ST/STM32_USB_Device_Library/Core/Src/usbd_core.o
                0x0000000008005f1c                USBD_LL_SetupStage
 .text.USBD_LL_DataOutStage
                0x0000000008005fc6       0xc6 ./Middlewares/ST/STM32_USB_Device_Library/Core/Src/usbd_core.o
                0x0000000008005fc6                USBD_LL_DataOutStage
 .text.USBD_LL_DataInStage
                0x000000000800608c      0x12c ./Middlewares/ST/STM32_USB_Device_Library/Core/Src/usbd_core.o
                0x000000000800608c                USBD_LL_DataInStage
 .text.USBD_LL_Reset
                0x00000000080061b8       0x82 ./Middlewares/ST/STM32_USB_Device_Library/Core/Src/usbd_core.o
                0x00000000080061b8                USBD_LL_Reset
 .text.USBD_LL_SetSpeed
                0x000000000800623a       0x20 ./Middlewares/ST/STM32_USB_Device_Library/Core/Src/usbd_core.o
                0x000000000800623a                USBD_LL_SetSpeed
 .text.USBD_LL_Suspend
                0x000000000800625a       0x2a ./Middlewares/ST/STM32_USB_Device_Library/Core/Src/usbd_core.o
                0x000000000800625a                USBD_LL_Suspend
 .text.USBD_LL_Resume
                0x0000000008006284       0x2c ./Middlewares/ST/STM32_USB_Device_Library/Core/Src/usbd_core.o
                0x0000000008006284                USBD_LL_Resume
 .text.USBD_LL_SOF
                0x00000000080062b0       0x34 ./Middlewares/ST/STM32_USB_Device_Library/Core/Src/usbd_core.o
                0x00000000080062b0                USBD_LL_SOF
 .text.USBD_LL_IsoINIncomplete
                0x00000000080062e4       0x1a ./Middlewares/ST/STM32_USB_Device_Library/Core/Src/usbd_core.o
                0x00000000080062e4                USBD_LL_IsoINIncomplete
 .text.USBD_LL_IsoOUTIncomplete
                0x00000000080062fe       0x1a ./Middlewares/ST/STM32_USB_Device_Library/Core/Src/usbd_core.o
                0x00000000080062fe                USBD_LL_IsoOUTIncomplete
 .text.USBD_LL_DevConnected
                0x0000000008006318       0x16 ./Middlewares/ST/STM32_USB_Device_Library/Core/Src/usbd_core.o
                0x0000000008006318                USBD_LL_DevConnected
 .text.USBD_LL_DevDisconnected
                0x000000000800632e       0x38 ./Middlewares/ST/STM32_USB_Device_Library/Core/Src/usbd_core.o
                0x000000000800632e                USBD_LL_DevDisconnected
 .text.SWAPBYTE
                0x0000000008006366       0x3c ./Middlewares/ST/STM32_USB_Device_Library/Core/Src/usbd_ctlreq.o
 *fill*         0x00000000080063a2        0x2 
 .text.USBD_StdDevReq
                0x00000000080063a4       0xdc ./Middlewares/ST/STM32_USB_Device_Library/Core/Src/usbd_ctlreq.o
                0x00000000080063a4                USBD_StdDevReq
 .text.USBD_StdItfReq
                0x0000000008006480       0x90 ./Middlewares/ST/STM32_USB_Device_Library/Core/Src/usbd_ctlreq.o
                0x0000000008006480                USBD_StdItfReq
 .text.USBD_StdEPReq
                0x0000000008006510      0x2ba ./Middlewares/ST/STM32_USB_Device_Library/Core/Src/usbd_ctlreq.o
                0x0000000008006510                USBD_StdEPReq
 *fill*         0x00000000080067ca        0x2 
 .text.USBD_GetDescriptor
                0x00000000080067cc      0x328 ./Middlewares/ST/STM32_USB_Device_Library/Core/Src/usbd_ctlreq.o
 .text.USBD_SetAddress
                0x0000000008006af4       0x86 ./Middlewares/ST/STM32_USB_Device_Library/Core/Src/usbd_ctlreq.o
 *fill*         0x0000000008006b7a        0x2 
 .text.USBD_SetConfig
                0x0000000008006b7c      0x148 ./Middlewares/ST/STM32_USB_Device_Library/Core/Src/usbd_ctlreq.o
 .text.USBD_GetConfig
                0x0000000008006cc4       0x6a ./Middlewares/ST/STM32_USB_Device_Library/Core/Src/usbd_ctlreq.o
 .text.USBD_GetStatus
                0x0000000008006d2e       0x66 ./Middlewares/ST/STM32_USB_Device_Library/Core/Src/usbd_ctlreq.o
 .text.USBD_SetFeature
                0x0000000008006d94       0x28 ./Middlewares/ST/STM32_USB_Device_Library/Core/Src/usbd_ctlreq.o
 .text.USBD_ClrFeature
                0x0000000008006dbc       0x42 ./Middlewares/ST/STM32_USB_Device_Library/Core/Src/usbd_ctlreq.o
 .text.USBD_ParseSetupRequest
                0x0000000008006dfe       0x74 ./Middlewares/ST/STM32_USB_Device_Library/Core/Src/usbd_ctlreq.o
                0x0000000008006dfe                USBD_ParseSetupRequest
 .text.USBD_CtlError
                0x0000000008006e72       0x22 ./Middlewares/ST/STM32_USB_Device_Library/Core/Src/usbd_ctlreq.o
                0x0000000008006e72                USBD_CtlError
 .text.USBD_GetString
                0x0000000008006e94       0x8c ./Middlewares/ST/STM32_USB_Device_Library/Core/Src/usbd_ctlreq.o
                0x0000000008006e94                USBD_GetString
 .text.USBD_GetLen
                0x0000000008006f20       0x34 ./Middlewares/ST/STM32_USB_Device_Library/Core/Src/usbd_ctlreq.o
 .text.USBD_CtlSendData
                0x0000000008006f54       0x36 ./Middlewares/ST/STM32_USB_Device_Library/Core/Src/usbd_ioreq.o
                0x0000000008006f54                USBD_CtlSendData
 .text.USBD_CtlContinueSendData
                0x0000000008006f8a       0x22 ./Middlewares/ST/STM32_USB_Device_Library/Core/Src/usbd_ioreq.o
                0x0000000008006f8a                USBD_CtlContinueSendData
 .text.USBD_CtlPrepareRx
                0x0000000008006fac       0x3a ./Middlewares/ST/STM32_USB_Device_Library/Core/Src/usbd_ioreq.o
                0x0000000008006fac                USBD_CtlPrepareRx
 .text.USBD_CtlContinueRx
                0x0000000008006fe6       0x22 ./Middlewares/ST/STM32_USB_Device_Library/Core/Src/usbd_ioreq.o
                0x0000000008006fe6                USBD_CtlContinueRx
 .text.USBD_CtlSendStatus
                0x0000000008007008       0x26 ./Middlewares/ST/STM32_USB_Device_Library/Core/Src/usbd_ioreq.o
                0x0000000008007008                USBD_CtlSendStatus
 .text.USBD_CtlReceiveStatus
                0x000000000800702e       0x26 ./Middlewares/ST/STM32_USB_Device_Library/Core/Src/usbd_ioreq.o
                0x000000000800702e                USBD_CtlReceiveStatus
 .text.FATFS_LinkDriverEx
                0x0000000008007054       0x98 ./Middlewares/Third_Party/FatFs/src/ff_gen_drv.o
                0x0000000008007054                FATFS_LinkDriverEx
 .text.FATFS_LinkDriver
                0x00000000080070ec       0x1e ./Middlewares/Third_Party/FatFs/src/ff_gen_drv.o
                0x00000000080070ec                FATFS_LinkDriver
 .text.SVC_Setup
                0x000000000800710a        0xe ./Middlewares/Third_Party/FreeRTOS/Source/CMSIS_RTOS_V2/cmsis_os2.o
 .text.osKernelInitialize
                0x0000000008007118       0x68 ./Middlewares/Third_Party/FreeRTOS/Source/CMSIS_RTOS_V2/cmsis_os2.o
                0x0000000008007118                osKernelInitialize
 .text.osKernelStart
                0x0000000008007180       0x6c ./Middlewares/Third_Party/FreeRTOS/Source/CMSIS_RTOS_V2/cmsis_os2.o
                0x0000000008007180                osKernelStart
 .text.osThreadNew
                0x00000000080071ec      0x14c ./Middlewares/Third_Party/FreeRTOS/Source/CMSIS_RTOS_V2/cmsis_os2.o
                0x00000000080071ec                osThreadNew
 .text.osDelay  0x0000000008007338       0x5c ./Middlewares/Third_Party/FreeRTOS/Source/CMSIS_RTOS_V2/cmsis_os2.o
                0x0000000008007338                osDelay
 .text.vApplicationGetIdleTaskMemory
                0x0000000008007394       0x34 ./Middlewares/Third_Party/FreeRTOS/Source/CMSIS_RTOS_V2/cmsis_os2.o
                0x0000000008007394                vApplicationGetIdleTaskMemory
 .text.vApplicationGetTimerTaskMemory
                0x00000000080073c8       0x34 ./Middlewares/Third_Party/FreeRTOS/Source/CMSIS_RTOS_V2/cmsis_os2.o
                0x00000000080073c8                vApplicationGetTimerTaskMemory
 .text.vListInitialise
                0x00000000080073fc       0x40 ./Middlewares/Third_Party/FreeRTOS/Source/list.o
                0x00000000080073fc                vListInitialise
 .text.vListInitialiseItem
                0x000000000800743c       0x1a ./Middlewares/Third_Party/FreeRTOS/Source/list.o
                0x000000000800743c                vListInitialiseItem
 .text.vListInsertEnd
                0x0000000008007456       0x48 ./Middlewares/Third_Party/FreeRTOS/Source/list.o
                0x0000000008007456                vListInsertEnd
 .text.vListInsert
                0x000000000800749e       0x72 ./Middlewares/Third_Party/FreeRTOS/Source/list.o
                0x000000000800749e                vListInsert
 .text.uxListRemove
                0x0000000008007510       0x54 ./Middlewares/Third_Party/FreeRTOS/Source/list.o
                0x0000000008007510                uxListRemove
 .text.xQueueGenericReset
                0x0000000008007564       0xd4 ./Middlewares/Third_Party/FreeRTOS/Source/queue.o
                0x0000000008007564                xQueueGenericReset
 .text.xQueueGenericCreateStatic
                0x0000000008007638      0x104 ./Middlewares/Third_Party/FreeRTOS/Source/queue.o
                0x0000000008007638                xQueueGenericCreateStatic
 .text.prvInitialiseNewQueue
                0x000000000800773c       0x46 ./Middlewares/Third_Party/FreeRTOS/Source/queue.o
 *fill*         0x0000000008007782        0x2 
 .text.xQueueGenericSend
                0x0000000008007784      0x20c ./Middlewares/Third_Party/FreeRTOS/Source/queue.o
                0x0000000008007784                xQueueGenericSend
 .text.xQueueGenericSendFromISR
                0x0000000008007990      0x140 ./Middlewares/Third_Party/FreeRTOS/Source/queue.o
                0x0000000008007990                xQueueGenericSendFromISR
 .text.xQueueReceive
                0x0000000008007ad0      0x1cc ./Middlewares/Third_Party/FreeRTOS/Source/queue.o
                0x0000000008007ad0                xQueueReceive
 .text.prvCopyDataToQueue
                0x0000000008007c9c       0xd4 ./Middlewares/Third_Party/FreeRTOS/Source/queue.o
 .text.prvCopyDataFromQueue
                0x0000000008007d70       0x4c ./Middlewares/Third_Party/FreeRTOS/Source/queue.o
 .text.prvUnlockQueue
                0x0000000008007dbc       0xa4 ./Middlewares/Third_Party/FreeRTOS/Source/queue.o
 .text.prvIsQueueEmpty
                0x0000000008007e60       0x2c ./Middlewares/Third_Party/FreeRTOS/Source/queue.o
 .text.prvIsQueueFull
                0x0000000008007e8c       0x30 ./Middlewares/Third_Party/FreeRTOS/Source/queue.o
 .text.vQueueAddToRegistry
                0x0000000008007ebc       0x54 ./Middlewares/Third_Party/FreeRTOS/Source/queue.o
                0x0000000008007ebc                vQueueAddToRegistry
 .text.vQueueWaitForMessageRestricted
                0x0000000008007f10       0x68 ./Middlewares/Third_Party/FreeRTOS/Source/queue.o
                0x0000000008007f10                vQueueWaitForMessageRestricted
 .text.xTaskCreateStatic
                0x0000000008007f78       0xc6 ./Middlewares/Third_Party/FreeRTOS/Source/tasks.o
                0x0000000008007f78                xTaskCreateStatic
 .text.xTaskCreate
                0x000000000800803e       0x8a ./Middlewares/Third_Party/FreeRTOS/Source/tasks.o
                0x000000000800803e                xTaskCreate
 .text.prvInitialiseNewTask
                0x00000000080080c8      0x150 ./Middlewares/Third_Party/FreeRTOS/Source/tasks.o
 .text.prvAddNewTaskToReadyList
                0x0000000008008218       0xe0 ./Middlewares/Third_Party/FreeRTOS/Source/tasks.o
 .text.vTaskDelay
                0x00000000080082f8       0x6c ./Middlewares/Third_Party/FreeRTOS/Source/tasks.o
                0x00000000080082f8                vTaskDelay
 .text.vTaskStartScheduler
                0x0000000008008364       0xe8 ./Middlewares/Third_Party/FreeRTOS/Source/tasks.o
                0x0000000008008364                vTaskStartScheduler
 .text.vTaskSuspendAll
                0x000000000800844c       0x1c ./Middlewares/Third_Party/FreeRTOS/Source/tasks.o
                0x000000000800844c                vTaskSuspendAll
 .text.xTaskResumeAll
                0x0000000008008468      0x140 ./Middlewares/Third_Party/FreeRTOS/Source/tasks.o
                0x0000000008008468                xTaskResumeAll
 .text.xTaskGetTickCount
                0x00000000080085a8       0x20 ./Middlewares/Third_Party/FreeRTOS/Source/tasks.o
                0x00000000080085a8                xTaskGetTickCount
 .text.xTaskIncrementTick
                0x00000000080085c8      0x178 ./Middlewares/Third_Party/FreeRTOS/Source/tasks.o
                0x00000000080085c8                xTaskIncrementTick
 .text.vTaskSwitchContext
                0x0000000008008740       0xcc ./Middlewares/Third_Party/FreeRTOS/Source/tasks.o
                0x0000000008008740                vTaskSwitchContext
 .text.vTaskPlaceOnEventList
                0x000000000800880c       0x4c ./Middlewares/Third_Party/FreeRTOS/Source/tasks.o
                0x000000000800880c                vTaskPlaceOnEventList
 .text.vTaskPlaceOnEventListRestricted
                0x0000000008008858       0x5c ./Middlewares/Third_Party/FreeRTOS/Source/tasks.o
                0x0000000008008858                vTaskPlaceOnEventListRestricted
 .text.xTaskRemoveFromEventList
                0x00000000080088b4       0xcc ./Middlewares/Third_Party/FreeRTOS/Source/tasks.o
                0x00000000080088b4                xTaskRemoveFromEventList
 .text.vTaskInternalSetTimeOutState
                0x0000000008008980       0x2c ./Middlewares/Third_Party/FreeRTOS/Source/tasks.o
                0x0000000008008980                vTaskInternalSetTimeOutState
 .text.xTaskCheckForTimeOut
                0x00000000080089ac       0xcc ./Middlewares/Third_Party/FreeRTOS/Source/tasks.o
                0x00000000080089ac                xTaskCheckForTimeOut
 .text.vTaskMissedYield
                0x0000000008008a78       0x18 ./Middlewares/Third_Party/FreeRTOS/Source/tasks.o
                0x0000000008008a78                vTaskMissedYield
 .text.prvIdleTask
                0x0000000008008a90       0x30 ./Middlewares/Third_Party/FreeRTOS/Source/tasks.o
 .text.prvInitialiseTaskLists
                0x0000000008008ac0       0x80 ./Middlewares/Third_Party/FreeRTOS/Source/tasks.o
 .text.prvCheckTasksWaitingTermination
                0x0000000008008b40       0x5c ./Middlewares/Third_Party/FreeRTOS/Source/tasks.o
 .text.prvDeleteTCB
                0x0000000008008b9c       0x6c ./Middlewares/Third_Party/FreeRTOS/Source/tasks.o
 .text.prvResetNextTaskUnblockTime
                0x0000000008008c08       0x40 ./Middlewares/Third_Party/FreeRTOS/Source/tasks.o
 .text.xTaskGetSchedulerState
                0x0000000008008c48       0x3c ./Middlewares/Third_Party/FreeRTOS/Source/tasks.o
                0x0000000008008c48                xTaskGetSchedulerState
 .text.xTaskPriorityDisinherit
                0x0000000008008c84       0xe4 ./Middlewares/Third_Party/FreeRTOS/Source/tasks.o
                0x0000000008008c84                xTaskPriorityDisinherit
 .text.prvAddCurrentTaskToDelayedList
                0x0000000008008d68       0xa8 ./Middlewares/Third_Party/FreeRTOS/Source/tasks.o
 .text.xTimerCreateTimerTask
                0x0000000008008e10       0x94 ./Middlewares/Third_Party/FreeRTOS/Source/timers.o
                0x0000000008008e10                xTimerCreateTimerTask
 .text.xTimerGenericCommand
                0x0000000008008ea4       0xa0 ./Middlewares/Third_Party/FreeRTOS/Source/timers.o
                0x0000000008008ea4                xTimerGenericCommand
 .text.prvProcessExpiredTimer
                0x0000000008008f44       0x9c ./Middlewares/Third_Party/FreeRTOS/Source/timers.o
 .text.prvTimerTask
                0x0000000008008fe0       0x24 ./Middlewares/Third_Party/FreeRTOS/Source/timers.o
 .text.prvProcessTimerOrBlockTask
                0x0000000008009004       0x9c ./Middlewares/Third_Party/FreeRTOS/Source/timers.o
 .text.prvGetNextExpireTime
                0x00000000080090a0       0x48 ./Middlewares/Third_Party/FreeRTOS/Source/timers.o
 .text.prvSampleTimeNow
                0x00000000080090e8       0x40 ./Middlewares/Third_Party/FreeRTOS/Source/timers.o
 .text.prvInsertTimerInActiveList
                0x0000000008009128       0x84 ./Middlewares/Third_Party/FreeRTOS/Source/timers.o
 .text.prvProcessReceivedCommands
                0x00000000080091ac      0x1d0 ./Middlewares/Third_Party/FreeRTOS/Source/timers.o
 .text.prvSwitchTimerLists
                0x000000000800937c       0xcc ./Middlewares/Third_Party/FreeRTOS/Source/timers.o
 .text.prvCheckForValidListAndQueue
                0x0000000008009448       0x80 ./Middlewares/Third_Party/FreeRTOS/Source/timers.o
 .text.pxPortInitialiseStack
                0x00000000080094c8       0x68 ./Middlewares/Third_Party/FreeRTOS/Source/portable/GCC/ARM_CM7/r0p1/port.o
                0x00000000080094c8                pxPortInitialiseStack
 .text.prvTaskExitError
                0x0000000008009530       0x60 ./Middlewares/Third_Party/FreeRTOS/Source/portable/GCC/ARM_CM7/r0p1/port.o
 .text.SVC_Handler
                0x0000000008009590       0x28 ./Middlewares/Third_Party/FreeRTOS/Source/portable/GCC/ARM_CM7/r0p1/port.o
                0x0000000008009590                SVC_Handler
 .text.prvPortStartFirstTask
                0x00000000080095b8       0x28 ./Middlewares/Third_Party/FreeRTOS/Source/portable/GCC/ARM_CM7/r0p1/port.o
 .text.xPortStartScheduler
                0x00000000080095e0       0xfc ./Middlewares/Third_Party/FreeRTOS/Source/portable/GCC/ARM_CM7/r0p1/port.o
                0x00000000080095e0                xPortStartScheduler
 .text.vPortEnterCritical
                0x00000000080096dc       0x68 ./Middlewares/Third_Party/FreeRTOS/Source/portable/GCC/ARM_CM7/r0p1/port.o
                0x00000000080096dc                vPortEnterCritical
 .text.vPortExitCritical
                0x0000000008009744       0x58 ./Middlewares/Third_Party/FreeRTOS/Source/portable/GCC/ARM_CM7/r0p1/port.o
                0x0000000008009744                vPortExitCritical
 *fill*         0x000000000800979c        0x4 
 .text.PendSV_Handler
                0x00000000080097a0       0x68 ./Middlewares/Third_Party/FreeRTOS/Source/portable/GCC/ARM_CM7/r0p1/port.o
                0x00000000080097a0                PendSV_Handler
 .text.SysTick_Handler
                0x0000000008009808       0x48 ./Middlewares/Third_Party/FreeRTOS/Source/portable/GCC/ARM_CM7/r0p1/port.o
                0x0000000008009808                SysTick_Handler
 .text.vPortSetupTimerInterrupt
                0x0000000008009850       0x48 ./Middlewares/Third_Party/FreeRTOS/Source/portable/GCC/ARM_CM7/r0p1/port.o
                0x0000000008009850                vPortSetupTimerInterrupt
 .text.vPortEnableVFP
                0x0000000008009898       0x14 ./Middlewares/Third_Party/FreeRTOS/Source/portable/GCC/ARM_CM7/r0p1/port.o
 .text.vPortValidateInterruptPriority
                0x00000000080098ac       0x88 ./Middlewares/Third_Party/FreeRTOS/Source/portable/GCC/ARM_CM7/r0p1/port.o
                0x00000000080098ac                vPortValidateInterruptPriority
 .text.pvPortMalloc
                0x0000000008009934      0x194 ./Middlewares/Third_Party/FreeRTOS/Source/portable/MemMang/heap_4.o
                0x0000000008009934                pvPortMalloc
 .text.vPortFree
                0x0000000008009ac8       0xbc ./Middlewares/Third_Party/FreeRTOS/Source/portable/MemMang/heap_4.o
                0x0000000008009ac8                vPortFree
 .text.prvHeapInit
                0x0000000008009b84       0xc4 ./Middlewares/Third_Party/FreeRTOS/Source/portable/MemMang/heap_4.o
 .text.prvInsertBlockIntoFreeList
                0x0000000008009c48       0xb4 ./Middlewares/Third_Party/FreeRTOS/Source/portable/MemMang/heap_4.o
 .text.MX_FATFS_Init
                0x0000000008009cfc       0x24 ./Src/fatfs.o
                0x0000000008009cfc                MX_FATFS_Init
 .text.main     0x0000000008009d20       0x64 ./Src/main.o
                0x0000000008009d20                main
 .text._Z18SystemClock_Configv
                0x0000000008009d84      0x140 ./Src/main.o
                0x0000000008009d84                SystemClock_Config()
 .text._ZL12MX_I2C1_Initv
                0x0000000008009ec4       0x9c ./Src/main.o
 .text._ZL12MX_SPI1_Initv
                0x0000000008009f60       0x84 ./Src/main.o
 .text._ZL19MX_USART3_UART_Initv
                0x0000000008009fe4       0x68 ./Src/main.o
 .text._ZL12MX_GPIO_Initv
                0x000000000800a04c      0x1f4 ./Src/main.o
 .text._Z16StartDefaultTaskPv
                0x000000000800a240       0x24 ./Src/main.o
                0x000000000800a240                StartDefaultTask(void*)
 .text._Z11StartTask02Pv
                0x000000000800a264       0x20 ./Src/main.o
                0x000000000800a264                StartTask02(void*)
 .text.HAL_TIM_PeriodElapsedCallback
                0x000000000800a284       0x24 ./Src/main.o
                0x000000000800a284                HAL_TIM_PeriodElapsedCallback
 .text.Error_Handler
                0x000000000800a2a8        0xa ./Src/main.o
                0x000000000800a2a8                Error_Handler
 *fill*         0x000000000800a2b2        0x2 
 .text.HAL_MspInit
                0x000000000800a2b4       0x50 ./Src/stm32f7xx_hal_msp.o
                0x000000000800a2b4                HAL_MspInit
 .text.HAL_I2C_MspInit
                0x000000000800a304       0x88 ./Src/stm32f7xx_hal_msp.o
                0x000000000800a304                HAL_I2C_MspInit
 .text.HAL_SPI_MspInit
                0x000000000800a38c       0xc4 ./Src/stm32f7xx_hal_msp.o
                0x000000000800a38c                HAL_SPI_MspInit
 .text.HAL_UART_MspInit
                0x000000000800a450       0x88 ./Src/stm32f7xx_hal_msp.o
                0x000000000800a450                HAL_UART_MspInit
 .text.HAL_InitTick
                0x000000000800a4d8       0xb0 ./Src/stm32f7xx_hal_timebase_tim.o
                0x000000000800a4d8                HAL_InitTick
 .text.NMI_Handler
                0x000000000800a588        0x6 ./Src/stm32f7xx_it.o
                0x000000000800a588                NMI_Handler
 .text.HardFault_Handler
                0x000000000800a58e        0x6 ./Src/stm32f7xx_it.o
                0x000000000800a58e                HardFault_Handler
 .text.MemManage_Handler
                0x000000000800a594        0x6 ./Src/stm32f7xx_it.o
                0x000000000800a594                MemManage_Handler
 .text.BusFault_Handler
                0x000000000800a59a        0x6 ./Src/stm32f7xx_it.o
                0x000000000800a59a                BusFault_Handler
 .text.UsageFault_Handler
                0x000000000800a5a0        0x6 ./Src/stm32f7xx_it.o
                0x000000000800a5a0                UsageFault_Handler
 .text.DebugMon_Handler
                0x000000000800a5a6        0xe ./Src/stm32f7xx_it.o
                0x000000000800a5a6                DebugMon_Handler
 .text.TIM8_TRG_COM_TIM14_IRQHandler
                0x000000000800a5b4       0x14 ./Src/stm32f7xx_it.o
                0x000000000800a5b4                TIM8_TRG_COM_TIM14_IRQHandler
 .text.OTG_FS_IRQHandler
                0x000000000800a5c8       0x14 ./Src/stm32f7xx_it.o
                0x000000000800a5c8                OTG_FS_IRQHandler
 .text._sbrk    0x000000000800a5dc       0x6c ./Src/sysmem.o
                0x000000000800a5dc                _sbrk
 .text.SystemInit
                0x000000000800a648       0x24 ./Src/system_stm32f7xx.o
                0x000000000800a648                SystemInit
 .text.MX_USB_DEVICE_Init
                0x000000000800a66c       0x60 ./Src/usb_device.o
                0x000000000800a66c                MX_USB_DEVICE_Init
 .text.CDC_Init_FS
                0x000000000800a6cc       0x28 ./Src/usbd_cdc_if.o
 .text.CDC_DeInit_FS
                0x000000000800a6f4       0x10 ./Src/usbd_cdc_if.o
 .text.CDC_Control_FS
                0x000000000800a704       0xbc ./Src/usbd_cdc_if.o
 .text.CDC_Receive_FS
                0x000000000800a7c0       0x28 ./Src/usbd_cdc_if.o
 .text.CDC_TransmitCplt_FS
                0x000000000800a7e8       0x22 ./Src/usbd_cdc_if.o
 *fill*         0x000000000800a80a        0x2 
 .text.HAL_PCD_MspInit
                0x000000000800a80c       0xc8 ./Src/usbd_conf.o
                0x000000000800a80c                HAL_PCD_MspInit
 .text.HAL_PCD_SetupStageCallback
                0x000000000800a8d4       0x24 ./Src/usbd_conf.o
                0x000000000800a8d4                HAL_PCD_SetupStageCallback
 .text.HAL_PCD_DataOutStageCallback
                0x000000000800a8f8       0x36 ./Src/usbd_conf.o
                0x000000000800a8f8                HAL_PCD_DataOutStageCallback
 .text.HAL_PCD_DataInStageCallback
                0x000000000800a92e       0x34 ./Src/usbd_conf.o
                0x000000000800a92e                HAL_PCD_DataInStageCallback
 .text.HAL_PCD_SOFCallback
                0x000000000800a962       0x1c ./Src/usbd_conf.o
                0x000000000800a962                HAL_PCD_SOFCallback
 .text.HAL_PCD_ResetCallback
                0x000000000800a97e       0x50 ./Src/usbd_conf.o
                0x000000000800a97e                HAL_PCD_ResetCallback
 *fill*         0x000000000800a9ce        0x2 
 .text.HAL_PCD_SuspendCallback
                0x000000000800a9d0       0x4c ./Src/usbd_conf.o
                0x000000000800a9d0                HAL_PCD_SuspendCallback
 .text.HAL_PCD_ResumeCallback
                0x000000000800aa1c       0x1c ./Src/usbd_conf.o
                0x000000000800aa1c                HAL_PCD_ResumeCallback
 .text.HAL_PCD_ISOOUTIncompleteCallback
                0x000000000800aa38       0x24 ./Src/usbd_conf.o
                0x000000000800aa38                HAL_PCD_ISOOUTIncompleteCallback
 .text.HAL_PCD_ISOINIncompleteCallback
                0x000000000800aa5c       0x24 ./Src/usbd_conf.o
                0x000000000800aa5c                HAL_PCD_ISOINIncompleteCallback
 .text.HAL_PCD_ConnectCallback
                0x000000000800aa80       0x1c ./Src/usbd_conf.o
                0x000000000800aa80                HAL_PCD_ConnectCallback
 .text.HAL_PCD_DisconnectCallback
                0x000000000800aa9c       0x1c ./Src/usbd_conf.o
                0x000000000800aa9c                HAL_PCD_DisconnectCallback
 .text.USBD_LL_Init
                0x000000000800aab8       0x98 ./Src/usbd_conf.o
                0x000000000800aab8                USBD_LL_Init
 .text.USBD_LL_Start
                0x000000000800ab50       0x36 ./Src/usbd_conf.o
                0x000000000800ab50                USBD_LL_Start
 .text.USBD_LL_OpenEP
                0x000000000800ab86       0x4c ./Src/usbd_conf.o
                0x000000000800ab86                USBD_LL_OpenEP
 .text.USBD_LL_CloseEP
                0x000000000800abd2       0x3e ./Src/usbd_conf.o
                0x000000000800abd2                USBD_LL_CloseEP
 .text.USBD_LL_StallEP
                0x000000000800ac10       0x3e ./Src/usbd_conf.o
                0x000000000800ac10                USBD_LL_StallEP
 .text.USBD_LL_ClearStallEP
                0x000000000800ac4e       0x3e ./Src/usbd_conf.o
                0x000000000800ac4e                USBD_LL_ClearStallEP
 .text.USBD_LL_IsStallEP
                0x000000000800ac8c       0x58 ./Src/usbd_conf.o
                0x000000000800ac8c                USBD_LL_IsStallEP
 .text.USBD_LL_SetUSBAddress
                0x000000000800ace4       0x3e ./Src/usbd_conf.o
                0x000000000800ace4                USBD_LL_SetUSBAddress
 .text.USBD_LL_Transmit
                0x000000000800ad22       0x42 ./Src/usbd_conf.o
                0x000000000800ad22                USBD_LL_Transmit
 .text.USBD_LL_PrepareReceive
                0x000000000800ad64       0x42 ./Src/usbd_conf.o
                0x000000000800ad64                USBD_LL_PrepareReceive
 .text.USBD_LL_GetRxDataSize
                0x000000000800ada6       0x26 ./Src/usbd_conf.o
                0x000000000800ada6                USBD_LL_GetRxDataSize
 .text.HAL_PCDEx_LPM_Callback
                0x000000000800adcc       0x9c ./Src/usbd_conf.o
                0x000000000800adcc                HAL_PCDEx_LPM_Callback
 .text.SystemClockConfig_Resume
                0x000000000800ae68        0xe ./Src/usbd_conf.o
 *fill*         0x000000000800ae76        0x2 
 .text.USBD_Get_USB_Status
                0x000000000800ae78       0x58 ./Src/usbd_conf.o
                0x000000000800ae78                USBD_Get_USB_Status
 .text.USBD_FS_DeviceDescriptor
                0x000000000800aed0       0x24 ./Src/usbd_desc.o
                0x000000000800aed0                USBD_FS_DeviceDescriptor
 .text.USBD_FS_LangIDStrDescriptor
                0x000000000800aef4       0x24 ./Src/usbd_desc.o
                0x000000000800aef4                USBD_FS_LangIDStrDescriptor
 .text.USBD_FS_ProductStrDescriptor
                0x000000000800af18       0x3c ./Src/usbd_desc.o
                0x000000000800af18                USBD_FS_ProductStrDescriptor
 .text.USBD_FS_ManufacturerStrDescriptor
                0x000000000800af54       0x28 ./Src/usbd_desc.o
                0x000000000800af54                USBD_FS_ManufacturerStrDescriptor
 .text.USBD_FS_SerialStrDescriptor
                0x000000000800af7c       0x24 ./Src/usbd_desc.o
                0x000000000800af7c                USBD_FS_SerialStrDescriptor
 .text.USBD_FS_ConfigStrDescriptor
                0x000000000800afa0       0x3c ./Src/usbd_desc.o
                0x000000000800afa0                USBD_FS_ConfigStrDescriptor
 .text.USBD_FS_InterfaceStrDescriptor
                0x000000000800afdc       0x3c ./Src/usbd_desc.o
                0x000000000800afdc                USBD_FS_InterfaceStrDescriptor
 .text.USBD_FS_USR_BOSDescriptor
                0x000000000800b018       0x24 ./Src/usbd_desc.o
                0x000000000800b018                USBD_FS_USR_BOSDescriptor
 .text.Get_SerialNum
                0x000000000800b03c       0x58 ./Src/usbd_desc.o
 .text.IntToUnicode
                0x000000000800b094       0x7e ./Src/usbd_desc.o
 *fill*         0x000000000800b112        0x2 
 .text.USER_initialize
                0x000000000800b114       0x28 ./Src/user_diskio.o
                0x000000000800b114                USER_initialize
 .text.USER_status
                0x000000000800b13c       0x28 ./Src/user_diskio.o
                0x000000000800b13c                USER_status
 .text.USER_read
                0x000000000800b164       0x1e ./Src/user_diskio.o
                0x000000000800b164                USER_read
 .text.USER_write
                0x000000000800b182       0x1e ./Src/user_diskio.o
                0x000000000800b182                USER_write
 .text.USER_ioctl
                0x000000000800b1a0       0x22 ./Src/user_diskio.o
                0x000000000800b1a0                USER_ioctl
 *fill*         0x000000000800b1c2        0x2 
 .text.Reset_Handler
                0x000000000800b1c4       0x50 ./Startup/startup_stm32f746zgtx.o
                0x000000000800b1c4                Reset_Handler
 .text.Default_Handler
                0x000000000800b214        0x2 ./Startup/startup_stm32f746zgtx.o
                0x000000000800b214                RTC_Alarm_IRQHandler
                0x000000000800b214                EXTI2_IRQHandler
                0x000000000800b214                TIM8_CC_IRQHandler
                0x000000000800b214                UART8_IRQHandler
                0x000000000800b214                SPI4_IRQHandler
                0x000000000800b214                TIM1_CC_IRQHandler
                0x000000000800b214                DMA2_Stream5_IRQHandler
                0x000000000800b214                DMA1_Stream5_IRQHandler
                0x000000000800b214                PVD_IRQHandler
                0x000000000800b214                TAMP_STAMP_IRQHandler
                0x000000000800b214                CAN2_RX1_IRQHandler
                0x000000000800b214                EXTI3_IRQHandler
                0x000000000800b214                TIM1_UP_TIM10_IRQHandler
                0x000000000800b214                TIM8_UP_TIM13_IRQHandler
                0x000000000800b214                I2C3_ER_IRQHandler
                0x000000000800b214                EXTI0_IRQHandler
                0x000000000800b214                I2C2_EV_IRQHandler
                0x000000000800b214                DMA1_Stream2_IRQHandler
                0x000000000800b214                CAN1_RX0_IRQHandler
                0x000000000800b214                FPU_IRQHandler
                0x000000000800b214                OTG_HS_WKUP_IRQHandler
                0x000000000800b214                LTDC_ER_IRQHandler
                0x000000000800b214                CAN2_SCE_IRQHandler
                0x000000000800b214                DMA2_Stream2_IRQHandler
                0x000000000800b214                SPI1_IRQHandler
                0x000000000800b214                TIM6_DAC_IRQHandler
                0x000000000800b214                TIM1_BRK_TIM9_IRQHandler
                0x000000000800b214                DCMI_IRQHandler
                0x000000000800b214                CAN2_RX0_IRQHandler
                0x000000000800b214                DMA2_Stream3_IRQHandler
                0x000000000800b214                SAI2_IRQHandler
                0x000000000800b214                USART6_IRQHandler
                0x000000000800b214                USART3_IRQHandler
                0x000000000800b214                CAN1_RX1_IRQHandler
                0x000000000800b214                UART5_IRQHandler
                0x000000000800b214                DMA2_Stream0_IRQHandler
                0x000000000800b214                TIM4_IRQHandler
                0x000000000800b214                QUADSPI_IRQHandler
                0x000000000800b214                I2C1_EV_IRQHandler
                0x000000000800b214                DMA1_Stream6_IRQHandler
                0x000000000800b214                DMA1_Stream1_IRQHandler
                0x000000000800b214                UART4_IRQHandler
                0x000000000800b214                TIM3_IRQHandler
                0x000000000800b214                RCC_IRQHandler
                0x000000000800b214                TIM8_BRK_TIM12_IRQHandler
                0x000000000800b214                Default_Handler
                0x000000000800b214                CEC_IRQHandler
                0x000000000800b214                EXTI15_10_IRQHandler
                0x000000000800b214                ADC_IRQHandler
                0x000000000800b214                DMA1_Stream7_IRQHandler
                0x000000000800b214                SPI5_IRQHandler
                0x000000000800b214                TIM7_IRQHandler
                0x000000000800b214                SDMMC1_IRQHandler
                0x000000000800b214                CAN2_TX_IRQHandler
                0x000000000800b214                TIM5_IRQHandler
                0x000000000800b214                DMA2_Stream7_IRQHandler
                0x000000000800b214                I2C3_EV_IRQHandler
                0x000000000800b214                EXTI9_5_IRQHandler
                0x000000000800b214                RTC_WKUP_IRQHandler
                0x000000000800b214                LTDC_IRQHandler
                0x000000000800b214                ETH_WKUP_IRQHandler
                0x000000000800b214                SPDIF_RX_IRQHandler
                0x000000000800b214                SPI2_IRQHandler
                0x000000000800b214                OTG_HS_EP1_IN_IRQHandler
                0x000000000800b214                DMA1_Stream0_IRQHandler
                0x000000000800b214                CAN1_TX_IRQHandler
                0x000000000800b214                EXTI4_IRQHandler
                0x000000000800b214                RNG_IRQHandler
                0x000000000800b214                ETH_IRQHandler
                0x000000000800b214                OTG_HS_EP1_OUT_IRQHandler
                0x000000000800b214                WWDG_IRQHandler
                0x000000000800b214                SPI6_IRQHandler
                0x000000000800b214                I2C4_EV_IRQHandler
                0x000000000800b214                TIM2_IRQHandler
                0x000000000800b214                OTG_FS_WKUP_IRQHandler
                0x000000000800b214                TIM1_TRG_COM_TIM11_IRQHandler
                0x000000000800b214                OTG_HS_IRQHandler
                0x000000000800b214                DMA2D_IRQHandler
                0x000000000800b214                EXTI1_IRQHandler
                0x000000000800b214                UART7_IRQHandler
                0x000000000800b214                USART2_IRQHandler
                0x000000000800b214                I2C2_ER_IRQHandler
                0x000000000800b214                DMA2_Stream1_IRQHandler
                0x000000000800b214                CAN1_SCE_IRQHandler
                0x000000000800b214                FLASH_IRQHandler
                0x000000000800b214                DMA2_Stream4_IRQHandler
                0x000000000800b214                USART1_IRQHandler
                0x000000000800b214                SPI3_IRQHandler
                0x000000000800b214                DMA1_Stream4_IRQHandler
                0x000000000800b214                I2C1_ER_IRQHandler
                0x000000000800b214                FMC_IRQHandler
                0x000000000800b214                LPTIM1_IRQHandler
                0x000000000800b214                I2C4_ER_IRQHandler
                0x000000000800b214                DMA2_Stream6_IRQHandler
                0x000000000800b214                SAI1_IRQHandler
                0x000000000800b214                DMA1_Stream3_IRQHandler
 .text.stm32_lock_acquire
                0x000000000800b216       0x64 ./ThreadSafe/newlib_lock_glue.o
 .text.stm32_lock_release
                0x000000000800b27a       0x54 ./ThreadSafe/newlib_lock_glue.o
 .text.__retarget_lock_acquire_recursive
                0x000000000800b2ce       0x28 ./ThreadSafe/newlib_lock_glue.o
                0x000000000800b2ce                __retarget_lock_acquire_recursive
 .text.__retarget_lock_release_recursive
                0x000000000800b2f6       0x28 ./ThreadSafe/newlib_lock_glue.o
                0x000000000800b2f6                __retarget_lock_release_recursive
 *fill*         0x000000000800b31e        0x2 
 .text.__errno  0x000000000800b320        0xc c:/st/stm32cubeide_1.0.2/stm32cubeide/plugins/com.st.stm32cube.ide.mcu.externaltools.gnu-tools-for-stm32.9-2020-q2-update.win32_2.0.0.202105311346/tools/bin/../lib/gcc/arm-none-eabi/9.3.1/../../../../arm-none-eabi/lib/thumb/v7e-m+fp/hard\libc_nano.a(lib_a-errno.o)
                0x000000000800b320                __errno
 .text.__libc_init_array
                0x000000000800b32c       0x48 c:/st/stm32cubeide_1.0.2/stm32cubeide/plugins/com.st.stm32cube.ide.mcu.externaltools.gnu-tools-for-stm32.9-2020-q2-update.win32_2.0.0.202105311346/tools/bin/../lib/gcc/arm-none-eabi/9.3.1/../../../../arm-none-eabi/lib/thumb/v7e-m+fp/hard\libc_nano.a(lib_a-init.o)
                0x000000000800b32c                __libc_init_array
 .text.malloc   0x000000000800b374       0x10 c:/st/stm32cubeide_1.0.2/stm32cubeide/plugins/com.st.stm32cube.ide.mcu.externaltools.gnu-tools-for-stm32.9-2020-q2-update.win32_2.0.0.202105311346/tools/bin/../lib/gcc/arm-none-eabi/9.3.1/../../../../arm-none-eabi/lib/thumb/v7e-m+fp/hard\libc_nano.a(lib_a-malloc.o)
                0x000000000800b374                malloc
 .text.free     0x000000000800b384       0x10 c:/st/stm32cubeide_1.0.2/stm32cubeide/plugins/com.st.stm32cube.ide.mcu.externaltools.gnu-tools-for-stm32.9-2020-q2-update.win32_2.0.0.202105311346/tools/bin/../lib/gcc/arm-none-eabi/9.3.1/../../../../arm-none-eabi/lib/thumb/v7e-m+fp/hard\libc_nano.a(lib_a-malloc.o)
                0x000000000800b384                free
 .text.memcpy   0x000000000800b394       0x1c c:/st/stm32cubeide_1.0.2/stm32cubeide/plugins/com.st.stm32cube.ide.mcu.externaltools.gnu-tools-for-stm32.9-2020-q2-update.win32_2.0.0.202105311346/tools/bin/../lib/gcc/arm-none-eabi/9.3.1/../../../../arm-none-eabi/lib/thumb/v7e-m+fp/hard\libc_nano.a(lib_a-memcpy-stub.o)
                0x000000000800b394                memcpy
 .text.memset   0x000000000800b3b0       0x10 c:/st/stm32cubeide_1.0.2/stm32cubeide/plugins/com.st.stm32cube.ide.mcu.externaltools.gnu-tools-for-stm32.9-2020-q2-update.win32_2.0.0.202105311346/tools/bin/../lib/gcc/arm-none-eabi/9.3.1/../../../../arm-none-eabi/lib/thumb/v7e-m+fp/hard\libc_nano.a(lib_a-memset.o)
                0x000000000800b3b0                memset
 .text._free_r  0x000000000800b3c0       0xa0 c:/st/stm32cubeide_1.0.2/stm32cubeide/plugins/com.st.stm32cube.ide.mcu.externaltools.gnu-tools-for-stm32.9-2020-q2-update.win32_2.0.0.202105311346/tools/bin/../lib/gcc/arm-none-eabi/9.3.1/../../../../arm-none-eabi/lib/thumb/v7e-m+fp/hard\libc_nano.a(lib_a-nano-freer.o)
                0x000000000800b3c0                _free_r
 .text._malloc_r
                0x000000000800b460       0xb4 c:/st/stm32cubeide_1.0.2/stm32cubeide/plugins/com.st.stm32cube.ide.mcu.externaltools.gnu-tools-for-stm32.9-2020-q2-update.win32_2.0.0.202105311346/tools/bin/../lib/gcc/arm-none-eabi/9.3.1/../../../../arm-none-eabi/lib/thumb/v7e-m+fp/hard\libc_nano.a(lib_a-nano-mallocr.o)
                0x000000000800b460                _malloc_r
 .text.cleanup_glue
                0x000000000800b514       0x1a c:/st/stm32cubeide_1.0.2/stm32cubeide/plugins/com.st.stm32cube.ide.mcu.externaltools.gnu-tools-for-stm32.9-2020-q2-update.win32_2.0.0.202105311346/tools/bin/../lib/gcc/arm-none-eabi/9.3.1/../../../../arm-none-eabi/lib/thumb/v7e-m+fp/hard\libc_nano.a(lib_a-reent.o)
                0x000000000800b514                cleanup_glue
 *fill*         0x000000000800b52e        0x2 
 .text._reclaim_reent
                0x000000000800b530       0xb8 c:/st/stm32cubeide_1.0.2/stm32cubeide/plugins/com.st.stm32cube.ide.mcu.externaltools.gnu-tools-for-stm32.9-2020-q2-update.win32_2.0.0.202105311346/tools/bin/../lib/gcc/arm-none-eabi/9.3.1/../../../../arm-none-eabi/lib/thumb/v7e-m+fp/hard\libc_nano.a(lib_a-reent.o)
                0x000000000800b530                _reclaim_reent
 .text._sbrk_r  0x000000000800b5e8       0x20 c:/st/stm32cubeide_1.0.2/stm32cubeide/plugins/com.st.stm32cube.ide.mcu.externaltools.gnu-tools-for-stm32.9-2020-q2-update.win32_2.0.0.202105311346/tools/bin/../lib/gcc/arm-none-eabi/9.3.1/../../../../arm-none-eabi/lib/thumb/v7e-m+fp/hard\libc_nano.a(lib_a-sbrkr.o)
                0x000000000800b5e8                _sbrk_r
 .text.__malloc_lock
                0x000000000800b608        0xc c:/st/stm32cubeide_1.0.2/stm32cubeide/plugins/com.st.stm32cube.ide.mcu.externaltools.gnu-tools-for-stm32.9-2020-q2-update.win32_2.0.0.202105311346/tools/bin/../lib/gcc/arm-none-eabi/9.3.1/../../../../arm-none-eabi/lib/thumb/v7e-m+fp/hard\libc_nano.a(lib_a-mlock.o)
                0x000000000800b608                __malloc_lock
 .text.__malloc_unlock
                0x000000000800b614        0xc c:/st/stm32cubeide_1.0.2/stm32cubeide/plugins/com.st.stm32cube.ide.mcu.externaltools.gnu-tools-for-stm32.9-2020-q2-update.win32_2.0.0.202105311346/tools/bin/../lib/gcc/arm-none-eabi/9.3.1/../../../../arm-none-eabi/lib/thumb/v7e-m+fp/hard\libc_nano.a(lib_a-mlock.o)
                0x000000000800b614                __malloc_unlock
 *(.glue_7)
 .glue_7        0x000000000800b620        0x0 linker stubs
 *(.glue_7t)
 .glue_7t       0x000000000800b620        0x0 linker stubs
 *(.eh_frame)
 .eh_frame      0x000000000800b620        0x0 c:/st/stm32cubeide_1.0.2/stm32cubeide/plugins/com.st.stm32cube.ide.mcu.externaltools.gnu-tools-for-stm32.9-2020-q2-update.win32_2.0.0.202105311346/tools/bin/../lib/gcc/arm-none-eabi/9.3.1/thumb/v7e-m+fp/hard/crtbegin.o
 *(.init)
 .init          0x000000000800b620        0x4 c:/st/stm32cubeide_1.0.2/stm32cubeide/plugins/com.st.stm32cube.ide.mcu.externaltools.gnu-tools-for-stm32.9-2020-q2-update.win32_2.0.0.202105311346/tools/bin/../lib/gcc/arm-none-eabi/9.3.1/thumb/v7e-m+fp/hard/crti.o
                0x000000000800b620                _init
 .init          0x000000000800b624        0x8 c:/st/stm32cubeide_1.0.2/stm32cubeide/plugins/com.st.stm32cube.ide.mcu.externaltools.gnu-tools-for-stm32.9-2020-q2-update.win32_2.0.0.202105311346/tools/bin/../lib/gcc/arm-none-eabi/9.3.1/thumb/v7e-m+fp/hard/crtn.o
 *(.fini)
 .fini          0x000000000800b62c        0x4 c:/st/stm32cubeide_1.0.2/stm32cubeide/plugins/com.st.stm32cube.ide.mcu.externaltools.gnu-tools-for-stm32.9-2020-q2-update.win32_2.0.0.202105311346/tools/bin/../lib/gcc/arm-none-eabi/9.3.1/thumb/v7e-m+fp/hard/crti.o
                0x000000000800b62c                _fini
 .fini          0x000000000800b630        0x8 c:/st/stm32cubeide_1.0.2/stm32cubeide/plugins/com.st.stm32cube.ide.mcu.externaltools.gnu-tools-for-stm32.9-2020-q2-update.win32_2.0.0.202105311346/tools/bin/../lib/gcc/arm-none-eabi/9.3.1/thumb/v7e-m+fp/hard/crtn.o
                0x000000000800b638                . = ALIGN (0x4)
                0x000000000800b638                _etext = .

.vfp11_veneer   0x000000000800b638        0x0
 .vfp11_veneer  0x000000000800b638        0x0 linker stubs

.v4_bx          0x000000000800b638        0x0
 .v4_bx         0x000000000800b638        0x0 linker stubs

.iplt           0x000000000800b638        0x0
 .iplt          0x000000000800b638        0x0 c:/st/stm32cubeide_1.0.2/stm32cubeide/plugins/com.st.stm32cube.ide.mcu.externaltools.gnu-tools-for-stm32.9-2020-q2-update.win32_2.0.0.202105311346/tools/bin/../lib/gcc/arm-none-eabi/9.3.1/thumb/v7e-m+fp/hard/crtbegin.o

.rodata         0x000000000800b638      0x138
                0x000000000800b638                . = ALIGN (0x4)
 *(.rodata)
 .rodata        0x000000000800b638        0x5 ./Middlewares/Third_Party/FreeRTOS/Source/tasks.o
 *fill*         0x000000000800b63d        0x3 
 .rodata        0x000000000800b640        0xd ./Middlewares/Third_Party/FreeRTOS/Source/timers.o
 *fill*         0x000000000800b64d        0x3 
 .rodata        0x000000000800b650       0x17 ./Src/main.o
 *fill*         0x000000000800b667        0x1 
 .rodata        0x000000000800b668       0x46 ./Src/usbd_desc.o
 *(.rodata*)
 *fill*         0x000000000800b6ae        0x2 
 .rodata._ZL21blinkLED01_attributes
                0x000000000800b6b0       0x24 ./Src/main.o
 .rodata._ZL21blinkLED02_attributes
                0x000000000800b6d4       0x24 ./Src/main.o
 .rodata.AHBPrescTable
                0x000000000800b6f8       0x10 ./Src/system_stm32f7xx.o
                0x000000000800b6f8                AHBPrescTable
 .rodata.APBPrescTable
                0x000000000800b708        0x8 ./Src/system_stm32f7xx.o
                0x000000000800b708                APBPrescTable
 .rodata.__sf_fake_stderr
                0x000000000800b710       0x20 c:/st/stm32cubeide_1.0.2/stm32cubeide/plugins/com.st.stm32cube.ide.mcu.externaltools.gnu-tools-for-stm32.9-2020-q2-update.win32_2.0.0.202105311346/tools/bin/../lib/gcc/arm-none-eabi/9.3.1/../../../../arm-none-eabi/lib/thumb/v7e-m+fp/hard\libc_nano.a(lib_a-findfp.o)
                0x000000000800b710                __sf_fake_stderr
 .rodata.__sf_fake_stdin
                0x000000000800b730       0x20 c:/st/stm32cubeide_1.0.2/stm32cubeide/plugins/com.st.stm32cube.ide.mcu.externaltools.gnu-tools-for-stm32.9-2020-q2-update.win32_2.0.0.202105311346/tools/bin/../lib/gcc/arm-none-eabi/9.3.1/../../../../arm-none-eabi/lib/thumb/v7e-m+fp/hard\libc_nano.a(lib_a-findfp.o)
                0x000000000800b730                __sf_fake_stdin
 .rodata.__sf_fake_stdout
                0x000000000800b750       0x20 c:/st/stm32cubeide_1.0.2/stm32cubeide/plugins/com.st.stm32cube.ide.mcu.externaltools.gnu-tools-for-stm32.9-2020-q2-update.win32_2.0.0.202105311346/tools/bin/../lib/gcc/arm-none-eabi/9.3.1/../../../../arm-none-eabi/lib/thumb/v7e-m+fp/hard\libc_nano.a(lib_a-findfp.o)
                0x000000000800b750                __sf_fake_stdout
                0x000000000800b770                . = ALIGN (0x4)

.ARM.extab      0x000000000800b770        0x0
                0x000000000800b770                . = ALIGN (0x4)
 *(.ARM.extab* .gnu.linkonce.armextab.*)
                0x000000000800b770                . = ALIGN (0x4)

.ARM            0x000000000800b770        0x8
                0x000000000800b770                . = ALIGN (0x4)
                0x000000000800b770                __exidx_start = .
 *(.ARM.exidx*)
 .ARM.exidx     0x000000000800b770        0x8 c:/st/stm32cubeide_1.0.2/stm32cubeide/plugins/com.st.stm32cube.ide.mcu.externaltools.gnu-tools-for-stm32.9-2020-q2-update.win32_2.0.0.202105311346/tools/bin/../lib/gcc/arm-none-eabi/9.3.1/thumb/v7e-m+fp/hard\libgcc.a(_udivmoddi4.o)
                0x000000000800b778                __exidx_end = .
                0x000000000800b778                . = ALIGN (0x4)

.rel.dyn        0x000000000800b778        0x0
 .rel.iplt      0x000000000800b778        0x0 c:/st/stm32cubeide_1.0.2/stm32cubeide/plugins/com.st.stm32cube.ide.mcu.externaltools.gnu-tools-for-stm32.9-2020-q2-update.win32_2.0.0.202105311346/tools/bin/../lib/gcc/arm-none-eabi/9.3.1/thumb/v7e-m+fp/hard/crtbegin.o

.preinit_array  0x000000000800b778        0x0
                0x000000000800b778                . = ALIGN (0x4)
                0x000000000800b778                PROVIDE (__preinit_array_start = .)
 *(.preinit_array*)
                0x000000000800b778                PROVIDE (__preinit_array_end = .)
                0x000000000800b778                . = ALIGN (0x4)

.init_array     0x000000000800b778        0x4
                0x000000000800b778                . = ALIGN (0x4)
                0x000000000800b778                PROVIDE (__init_array_start = .)
 *(SORT_BY_NAME(.init_array.*))
 *(.init_array*)
 .init_array    0x000000000800b778        0x4 c:/st/stm32cubeide_1.0.2/stm32cubeide/plugins/com.st.stm32cube.ide.mcu.externaltools.gnu-tools-for-stm32.9-2020-q2-update.win32_2.0.0.202105311346/tools/bin/../lib/gcc/arm-none-eabi/9.3.1/thumb/v7e-m+fp/hard/crtbegin.o
                0x000000000800b77c                PROVIDE (__init_array_end = .)
                0x000000000800b77c                . = ALIGN (0x4)

.fini_array     0x000000000800b77c        0x4
                0x000000000800b77c                . = ALIGN (0x4)
                [!provide]                        PROVIDE (__fini_array_start = .)
 *(SORT_BY_NAME(.fini_array.*))
 *(.fini_array*)
 .fini_array    0x000000000800b77c        0x4 c:/st/stm32cubeide_1.0.2/stm32cubeide/plugins/com.st.stm32cube.ide.mcu.externaltools.gnu-tools-for-stm32.9-2020-q2-update.win32_2.0.0.202105311346/tools/bin/../lib/gcc/arm-none-eabi/9.3.1/thumb/v7e-m+fp/hard/crtbegin.o
                [!provide]                        PROVIDE (__fini_array_end = .)
                0x000000000800b780                . = ALIGN (0x4)
                0x000000000800b780                _sidata = LOADADDR (.data)

.data           0x0000000020000000      0x20c load address 0x000000000800b780
                0x0000000020000000                . = ALIGN (0x4)
                0x0000000020000000                _sdata = .
 *(.data)
 *(.data*)
 .data.uwTickPrio
                0x0000000020000000        0x4 ./Drivers/STM32F7xx_HAL_Driver/Src/stm32f7xx_hal.o
                0x0000000020000000                uwTickPrio
 .data.uwTickFreq
                0x0000000020000004        0x1 ./Drivers/STM32F7xx_HAL_Driver/Src/stm32f7xx_hal.o
                0x0000000020000004                uwTickFreq
 *fill*         0x0000000020000005        0x3 
 .data.USBD_CDC_DeviceQualifierDesc
                0x0000000020000008        0xa ./Middlewares/ST/STM32_USB_Device_Library/Class/CDC/Src/usbd_cdc.o
 *fill*         0x0000000020000012        0x2 
 .data.USBD_CDC
                0x0000000020000014       0x38 ./Middlewares/ST/STM32_USB_Device_Library/Class/CDC/Src/usbd_cdc.o
                0x0000000020000014                USBD_CDC
 .data.USBD_CDC_CfgHSDesc
                0x000000002000004c       0x43 ./Middlewares/ST/STM32_USB_Device_Library/Class/CDC/Src/usbd_cdc.o
 *fill*         0x000000002000008f        0x1 
 .data.USBD_CDC_CfgFSDesc
                0x0000000020000090       0x43 ./Middlewares/ST/STM32_USB_Device_Library/Class/CDC/Src/usbd_cdc.o
 *fill*         0x00000000200000d3        0x1 
 .data.USBD_CDC_OtherSpeedCfgDesc
                0x00000000200000d4       0x43 ./Middlewares/ST/STM32_USB_Device_Library/Class/CDC/Src/usbd_cdc.o
 *fill*         0x0000000020000117        0x1 
 .data.uxCriticalNesting
                0x0000000020000118        0x4 ./Middlewares/Third_Party/FreeRTOS/Source/portable/GCC/ARM_CM7/r0p1/port.o
 .data.SystemCoreClock
                0x000000002000011c        0x4 ./Src/system_stm32f7xx.o
                0x000000002000011c                SystemCoreClock
 .data.USBD_Interface_fops_FS
                0x0000000020000120       0x14 ./Src/usbd_cdc_if.o
                0x0000000020000120                USBD_Interface_fops_FS
 .data.FS_Desc  0x0000000020000134       0x20 ./Src/usbd_desc.o
                0x0000000020000134                FS_Desc
 .data.USBD_FS_DeviceDesc
                0x0000000020000154       0x12 ./Src/usbd_desc.o
                0x0000000020000154                USBD_FS_DeviceDesc
 *fill*         0x0000000020000166        0x2 
 .data.USBD_FS_BOSDesc
                0x0000000020000168        0xc ./Src/usbd_desc.o
                0x0000000020000168                USBD_FS_BOSDesc
 .data.USBD_LangIDDesc
                0x0000000020000174        0x4 ./Src/usbd_desc.o
                0x0000000020000174                USBD_LangIDDesc
 .data.USBD_StringSerial
                0x0000000020000178       0x1a ./Src/usbd_desc.o
                0x0000000020000178                USBD_StringSerial
 .data.Stat     0x0000000020000192        0x1 ./Src/user_diskio.o
 *fill*         0x0000000020000193        0x1 
 .data.USER_Driver
                0x0000000020000194       0x14 ./Src/user_diskio.o
                0x0000000020000194                USER_Driver
 .data._impure_ptr
                0x00000000200001a8        0x4 c:/st/stm32cubeide_1.0.2/stm32cubeide/plugins/com.st.stm32cube.ide.mcu.externaltools.gnu-tools-for-stm32.9-2020-q2-update.win32_2.0.0.202105311346/tools/bin/../lib/gcc/arm-none-eabi/9.3.1/../../../../arm-none-eabi/lib/thumb/v7e-m+fp/hard\libc_nano.a(lib_a-impure.o)
                0x00000000200001a8                _impure_ptr
 .data.impure_data
                0x00000000200001ac       0x60 c:/st/stm32cubeide_1.0.2/stm32cubeide/plugins/com.st.stm32cube.ide.mcu.externaltools.gnu-tools-for-stm32.9-2020-q2-update.win32_2.0.0.202105311346/tools/bin/../lib/gcc/arm-none-eabi/9.3.1/../../../../arm-none-eabi/lib/thumb/v7e-m+fp/hard\libc_nano.a(lib_a-impure.o)
 *(.RamFunc)
 *(.RamFunc*)
                0x000000002000020c                . = ALIGN (0x4)
                0x000000002000020c                _edata = .

.igot.plt       0x000000002000020c        0x0 load address 0x000000000800b98c
 .igot.plt      0x000000002000020c        0x0 c:/st/stm32cubeide_1.0.2/stm32cubeide/plugins/com.st.stm32cube.ide.mcu.externaltools.gnu-tools-for-stm32.9-2020-q2-update.win32_2.0.0.202105311346/tools/bin/../lib/gcc/arm-none-eabi/9.3.1/thumb/v7e-m+fp/hard/crtbegin.o
                0x000000002000020c                . = ALIGN (0x4)

.bss            0x000000002000020c     0x691c load address 0x000000000800b98c
                0x000000002000020c                _sbss = .
                0x000000002000020c                __bss_start__ = _sbss
 *(.bss)
 .bss           0x000000002000020c       0x1c c:/st/stm32cubeide_1.0.2/stm32cubeide/plugins/com.st.stm32cube.ide.mcu.externaltools.gnu-tools-for-stm32.9-2020-q2-update.win32_2.0.0.202105311346/tools/bin/../lib/gcc/arm-none-eabi/9.3.1/thumb/v7e-m+fp/hard/crtbegin.o
 *(.bss*)
 .bss.cfgidx.11373
                0x0000000020000228        0x1 ./Middlewares/ST/STM32_USB_Device_Library/Core/Src/usbd_ctlreq.o
 *fill*         0x0000000020000229        0x3 
 .bss.disk      0x000000002000022c        0xc ./Middlewares/Third_Party/FatFs/src/ff_gen_drv.o
                0x000000002000022c                disk
 .bss.KernelState
                0x0000000020000238        0x4 ./Middlewares/Third_Party/FreeRTOS/Source/CMSIS_RTOS_V2/cmsis_os2.o
 .bss.Idle_TCB  0x000000002000023c       0xbc ./Middlewares/Third_Party/FreeRTOS/Source/CMSIS_RTOS_V2/cmsis_os2.o
 .bss.Idle_Stack
                0x00000000200002f8      0x200 ./Middlewares/Third_Party/FreeRTOS/Source/CMSIS_RTOS_V2/cmsis_os2.o
 .bss.Timer_TCB
                0x00000000200004f8       0xbc ./Middlewares/Third_Party/FreeRTOS/Source/CMSIS_RTOS_V2/cmsis_os2.o
 .bss.Timer_Stack
                0x00000000200005b4      0x400 ./Middlewares/Third_Party/FreeRTOS/Source/CMSIS_RTOS_V2/cmsis_os2.o
 .bss.pxCurrentTCB
                0x00000000200009b4        0x4 ./Middlewares/Third_Party/FreeRTOS/Source/tasks.o
                0x00000000200009b4                pxCurrentTCB
 .bss.pxReadyTasksLists
                0x00000000200009b8      0x460 ./Middlewares/Third_Party/FreeRTOS/Source/tasks.o
 .bss.xDelayedTaskList1
                0x0000000020000e18       0x14 ./Middlewares/Third_Party/FreeRTOS/Source/tasks.o
 .bss.xDelayedTaskList2
                0x0000000020000e2c       0x14 ./Middlewares/Third_Party/FreeRTOS/Source/tasks.o
 .bss.pxDelayedTaskList
                0x0000000020000e40        0x4 ./Middlewares/Third_Party/FreeRTOS/Source/tasks.o
 .bss.pxOverflowDelayedTaskList
                0x0000000020000e44        0x4 ./Middlewares/Third_Party/FreeRTOS/Source/tasks.o
 .bss.xPendingReadyList
                0x0000000020000e48       0x14 ./Middlewares/Third_Party/FreeRTOS/Source/tasks.o
 .bss.xTasksWaitingTermination
                0x0000000020000e5c       0x14 ./Middlewares/Third_Party/FreeRTOS/Source/tasks.o
 .bss.uxDeletedTasksWaitingCleanUp
                0x0000000020000e70        0x4 ./Middlewares/Third_Party/FreeRTOS/Source/tasks.o
 .bss.xSuspendedTaskList
                0x0000000020000e74       0x14 ./Middlewares/Third_Party/FreeRTOS/Source/tasks.o
 .bss.uxCurrentNumberOfTasks
                0x0000000020000e88        0x4 ./Middlewares/Third_Party/FreeRTOS/Source/tasks.o
 .bss.xTickCount
                0x0000000020000e8c        0x4 ./Middlewares/Third_Party/FreeRTOS/Source/tasks.o
 .bss.uxTopReadyPriority
                0x0000000020000e90        0x4 ./Middlewares/Third_Party/FreeRTOS/Source/tasks.o
 .bss.xSchedulerRunning
                0x0000000020000e94        0x4 ./Middlewares/Third_Party/FreeRTOS/Source/tasks.o
 .bss.uxPendedTicks
                0x0000000020000e98        0x4 ./Middlewares/Third_Party/FreeRTOS/Source/tasks.o
 .bss.xYieldPending
                0x0000000020000e9c        0x4 ./Middlewares/Third_Party/FreeRTOS/Source/tasks.o
 .bss.xNumOfOverflows
                0x0000000020000ea0        0x4 ./Middlewares/Third_Party/FreeRTOS/Source/tasks.o
 .bss.uxTaskNumber
                0x0000000020000ea4        0x4 ./Middlewares/Third_Party/FreeRTOS/Source/tasks.o
 .bss.xNextTaskUnblockTime
                0x0000000020000ea8        0x4 ./Middlewares/Third_Party/FreeRTOS/Source/tasks.o
 .bss.xIdleTaskHandle
                0x0000000020000eac        0x4 ./Middlewares/Third_Party/FreeRTOS/Source/tasks.o
 .bss.uxSchedulerSuspended
                0x0000000020000eb0        0x4 ./Middlewares/Third_Party/FreeRTOS/Source/tasks.o
 .bss.xActiveTimerList1
                0x0000000020000eb4       0x14 ./Middlewares/Third_Party/FreeRTOS/Source/timers.o
 .bss.xActiveTimerList2
                0x0000000020000ec8       0x14 ./Middlewares/Third_Party/FreeRTOS/Source/timers.o
 .bss.pxCurrentTimerList
                0x0000000020000edc        0x4 ./Middlewares/Third_Party/FreeRTOS/Source/timers.o
 .bss.pxOverflowTimerList
                0x0000000020000ee0        0x4 ./Middlewares/Third_Party/FreeRTOS/Source/timers.o
 .bss.xTimerQueue
                0x0000000020000ee4        0x4 ./Middlewares/Third_Party/FreeRTOS/Source/timers.o
 .bss.xTimerTaskHandle
                0x0000000020000ee8        0x4 ./Middlewares/Third_Party/FreeRTOS/Source/timers.o
 .bss.xLastTime.6986
                0x0000000020000eec        0x4 ./Middlewares/Third_Party/FreeRTOS/Source/timers.o
 .bss.ucStaticTimerQueueStorage.7037
                0x0000000020000ef0       0xa0 ./Middlewares/Third_Party/FreeRTOS/Source/timers.o
 .bss.xStaticTimerQueue.7036
                0x0000000020000f90       0x50 ./Middlewares/Third_Party/FreeRTOS/Source/timers.o
 .bss.ucMaxSysCallPriority
                0x0000000020000fe0        0x1 ./Middlewares/Third_Party/FreeRTOS/Source/portable/GCC/ARM_CM7/r0p1/port.o
 *fill*         0x0000000020000fe1        0x3 
 .bss.ulMaxPRIGROUPValue
                0x0000000020000fe4        0x4 ./Middlewares/Third_Party/FreeRTOS/Source/portable/GCC/ARM_CM7/r0p1/port.o
 .bss.ucHeap    0x0000000020000fe8     0x3c00 ./Middlewares/Third_Party/FreeRTOS/Source/portable/MemMang/heap_4.o
 .bss.xStart    0x0000000020004be8        0x8 ./Middlewares/Third_Party/FreeRTOS/Source/portable/MemMang/heap_4.o
 .bss.pxEnd     0x0000000020004bf0        0x4 ./Middlewares/Third_Party/FreeRTOS/Source/portable/MemMang/heap_4.o
 .bss.xFreeBytesRemaining
                0x0000000020004bf4        0x4 ./Middlewares/Third_Party/FreeRTOS/Source/portable/MemMang/heap_4.o
 .bss.xMinimumEverFreeBytesRemaining
                0x0000000020004bf8        0x4 ./Middlewares/Third_Party/FreeRTOS/Source/portable/MemMang/heap_4.o
 .bss.xBlockAllocatedBit
                0x0000000020004bfc        0x4 ./Middlewares/Third_Party/FreeRTOS/Source/portable/MemMang/heap_4.o
 .bss.hi2c1     0x0000000020004c00       0x4c ./Src/main.o
                0x0000000020004c00                hi2c1
 .bss.hspi1     0x0000000020004c4c       0x64 ./Src/main.o
                0x0000000020004c4c                hspi1
 .bss.huart3    0x0000000020004cb0       0x84 ./Src/main.o
                0x0000000020004cb0                huart3
 .bss.blinkLED01Handle
                0x0000000020004d34        0x4 ./Src/main.o
                0x0000000020004d34                blinkLED01Handle
 .bss.blinkLED02Handle
                0x0000000020004d38        0x4 ./Src/main.o
                0x0000000020004d38                blinkLED02Handle
 .bss.__sbrk_heap_end
                0x0000000020004d3c        0x4 ./Src/sysmem.o
 .bss.__lock___malloc_recursive_mutex
                0x0000000020004d40        0xc ./ThreadSafe/newlib_lock_glue.o
                0x0000000020004d40                __lock___malloc_recursive_mutex
 .bss.__malloc_free_list
                0x0000000020004d4c        0x4 c:/st/stm32cubeide_1.0.2/stm32cubeide/plugins/com.st.stm32cube.ide.mcu.externaltools.gnu-tools-for-stm32.9-2020-q2-update.win32_2.0.0.202105311346/tools/bin/../lib/gcc/arm-none-eabi/9.3.1/../../../../arm-none-eabi/lib/thumb/v7e-m+fp/hard\libc_nano.a(lib_a-nano-mallocr.o)
                0x0000000020004d4c                __malloc_free_list
 .bss.__malloc_sbrk_start
                0x0000000020004d50        0x4 c:/st/stm32cubeide_1.0.2/stm32cubeide/plugins/com.st.stm32cube.ide.mcu.externaltools.gnu-tools-for-stm32.9-2020-q2-update.win32_2.0.0.202105311346/tools/bin/../lib/gcc/arm-none-eabi/9.3.1/../../../../arm-none-eabi/lib/thumb/v7e-m+fp/hard\libc_nano.a(lib_a-nano-mallocr.o)
                0x0000000020004d50                __malloc_sbrk_start
 *(COMMON)
 COMMON         0x0000000020004d54        0x4 ./Drivers/STM32F7xx_HAL_Driver/Src/stm32f7xx_hal.o
                0x0000000020004d54                uwTick
 COMMON         0x0000000020004d58       0x40 ./Middlewares/Third_Party/FreeRTOS/Source/queue.o
                0x0000000020004d58                xQueueRegistry
 COMMON         0x0000000020004d98      0x46c ./Src/fatfs.o
                0x0000000020004d98                USERPath
                0x0000000020004d9c                retUSER
                0x0000000020004da0                USERFile
                0x0000000020004fd0                USERFatFS
 COMMON         0x0000000020005204       0x4c ./Src/stm32f7xx_hal_timebase_tim.o
                0x0000000020005204                htim14
 COMMON         0x0000000020005250      0x2d0 ./Src/usb_device.o
                0x0000000020005250                hUsbDeviceFS
 COMMON         0x0000000020005520     0x1000 ./Src/usbd_cdc_if.o
                0x0000000020005520                UserRxBufferFS
                0x0000000020005d20                UserTxBufferFS