Archive member included to satisfy reference by file (symbol)

c:/st/stm32cubeide_1.0.2/stm32cubeide/plugins/com.st.stm32cube.ide.mcu.externaltools.gnu-tools-for-stm32.9-2020-q2-update.win32_2.0.0.202105311346/tools/bin/../lib/gcc/arm-none-eabi/9.3.1/../../../../arm-none-eabi/lib/thumb/v7e-m+fp/hard\libc_nano.a(lib_a-errno.o)
                              ./Src/syscalls.o (__errno)
c:/st/stm32cubeide_1.0.2/stm32cubeide/plugins/com.st.stm32cube.ide.mcu.externaltools.gnu-tools-for-stm32.9-2020-q2-update.win32_2.0.0.202105311346/tools/bin/../lib/gcc/arm-none-eabi/9.3.1/../../../../arm-none-eabi/lib/thumb/v7e-m+fp/hard\libc_nano.a(lib_a-exit.o)
                              c:/st/stm32cubeide_1.0.2/stm32cubeide/plugins/com.st.stm32cube.ide.mcu.externaltools.gnu-tools-for-stm32.9-2020-q2-update.win32_2.0.0.202105311346/tools/bin/../lib/gcc/arm-none-eabi/9.3.1/../../../../arm-none-eabi/lib/thumb/v7e-m+fp/hard/crt0.o (exit)
c:/st/stm32cubeide_1.0.2/stm32cubeide/plugins/com.st.stm32cube.ide.mcu.externaltools.gnu-tools-for-stm32.9-2020-q2-update.win32_2.0.0.202105311346/tools/bin/../lib/gcc/arm-none-eabi/9.3.1/../../../../arm-none-eabi/lib/thumb/v7e-m+fp/hard\libc_nano.a(lib_a-findfp.o)
                              ./Middlewares/Third_Party/FreeRTOS/Source/tasks.o (__sf_fake_stderr)
c:/st/stm32cubeide_1.0.2/stm32cubeide/plugins/com.st.stm32cube.ide.mcu.externaltools.gnu-tools-for-stm32.9-2020-q2-update.win32_2.0.0.202105311346/tools/bin/../lib/gcc/arm-none-eabi/9.3.1/../../../../arm-none-eabi/lib/thumb/v7e-m+fp/hard\libc_nano.a(lib_a-fwalk.o)
                              c:/st/stm32cubeide_1.0.2/stm32cubeide/plugins/com.st.stm32cube.ide.mcu.externaltools.gnu-tools-for-stm32.9-2020-q2-update.win32_2.0.0.202105311346/tools/bin/../lib/gcc/arm-none-eabi/9.3.1/../../../../arm-none-eabi/lib/thumb/v7e-m+fp/hard\libc_nano.a(lib_a-findfp.o) (_fwalk)
c:/st/stm32cubeide_1.0.2/stm32cubeide/plugins/com.st.stm32cube.ide.mcu.externaltools.gnu-tools-for-stm32.9-2020-q2-update.win32_2.0.0.202105311346/tools/bin/../lib/gcc/arm-none-eabi/9.3.1/../../../../arm-none-eabi/lib/thumb/v7e-m+fp/hard\libc_nano.a(lib_a-impure.o)
                              c:/st/stm32cubeide_1.0.2/stm32cubeide/plugins/com.st.stm32cube.ide.mcu.externaltools.gnu-tools-for-stm32.9-2020-q2-update.win32_2.0.0.202105311346/tools/bin/../lib/gcc/arm-none-eabi/9.3.1/../../../../arm-none-eabi/lib/thumb/v7e-m+fp/hard\libc_nano.a(lib_a-exit.o) (_global_impure_ptr)
c:/st/stm32cubeide_1.0.2/stm32cubeide/plugins/com.st.stm32cube.ide.mcu.externaltools.gnu-tools-for-stm32.9-2020-q2-update.win32_2.0.0.202105311346/tools/bin/../lib/gcc/arm-none-eabi/9.3.1/../../../../arm-none-eabi/lib/thumb/v7e-m+fp/hard\libc_nano.a(lib_a-init.o)
                              c:/st/stm32cubeide_1.0.2/stm32cubeide/plugins/com.st.stm32cube.ide.mcu.externaltools.gnu-tools-for-stm32.9-2020-q2-update.win32_2.0.0.202105311346/tools/bin/../lib/gcc/arm-none-eabi/9.3.1/../../../../arm-none-eabi/lib/thumb/v7e-m+fp/hard/crt0.o (__libc_init_array)
c:/st/stm32cubeide_1.0.2/stm32cubeide/plugins/com.st.stm32cube.ide.mcu.externaltools.gnu-tools-for-stm32.9-2020-q2-update.win32_2.0.0.202105311346/tools/bin/../lib/gcc/arm-none-eabi/9.3.1/../../../../arm-none-eabi/lib/thumb/v7e-m+fp/hard\libc_nano.a(lib_a-malloc.o)
                              ./Middlewares/ST/STM32_USB_Device_Library/Class/CDC/Src/usbd_cdc.o (malloc)
c:/st/stm32cubeide_1.0.2/stm32cubeide/plugins/com.st.stm32cube.ide.mcu.externaltools.gnu-tools-for-stm32.9-2020-q2-update.win32_2.0.0.202105311346/tools/bin/../lib/gcc/arm-none-eabi/9.3.1/../../../../arm-none-eabi/lib/thumb/v7e-m+fp/hard\libc_nano.a(lib_a-memcpy-stub.o)
                              ./Middlewares/Third_Party/FreeRTOS/Source/CMSIS_RTOS_V2/cmsis_os2.o (memcpy)
c:/st/stm32cubeide_1.0.2/stm32cubeide/plugins/com.st.stm32cube.ide.mcu.externaltools.gnu-tools-for-stm32.9-2020-q2-update.win32_2.0.0.202105311346/tools/bin/../lib/gcc/arm-none-eabi/9.3.1/../../../../arm-none-eabi/lib/thumb/v7e-m+fp/hard\libc_nano.a(lib_a-memset.o)
                              c:/st/stm32cubeide_1.0.2/stm32cubeide/plugins/com.st.stm32cube.ide.mcu.externaltools.gnu-tools-for-stm32.9-2020-q2-update.win32_2.0.0.202105311346/tools/bin/../lib/gcc/arm-none-eabi/9.3.1/../../../../arm-none-eabi/lib/thumb/v7e-m+fp/hard/crt0.o (memset)
c:/st/stm32cubeide_1.0.2/stm32cubeide/plugins/com.st.stm32cube.ide.mcu.externaltools.gnu-tools-for-stm32.9-2020-q2-update.win32_2.0.0.202105311346/tools/bin/../lib/gcc/arm-none-eabi/9.3.1/../../../../arm-none-eabi/lib/thumb/v7e-m+fp/hard\libc_nano.a(lib_a-nano-freer.o)
                              c:/st/stm32cubeide_1.0.2/stm32cubeide/plugins/com.st.stm32cube.ide.mcu.externaltools.gnu-tools-for-stm32.9-2020-q2-update.win32_2.0.0.202105311346/tools/bin/../lib/gcc/arm-none-eabi/9.3.1/../../../../arm-none-eabi/lib/thumb/v7e-m+fp/hard\libc_nano.a(lib_a-malloc.o) (_free_r)
[...]
Memory Configuration

Name             Origin             Length             Attributes
RAM              0x0000000020000000 0x0000000000050000 xrw
FLASH            0x0000000008000000 0x0000000000100000 xr
*default*        0x0000000000000000 0xffffffffffffffff

Linker script and memory map

LOAD c:/st/stm32cubeide_1.0.2/stm32cubeide/plugins/com.st.stm32cube.ide.mcu.externaltools.gnu-tools-for-stm32.9-2020-q2-update.win32_2.0.0.202105311346/tools/bin/../lib/gcc/arm-none-eabi/9.3.1/thumb/v7e-m+fp/hard/crti.o
LOAD c:/st/stm32cubeide_1.0.2/stm32cubeide/plugins/com.st.stm32cube.ide.mcu.externaltools.gnu-tools-for-stm32.9-2020-q2-update.win32_2.0.0.202105311346/tools/bin/../lib/gcc/arm-none-eabi/9.3.1/thumb/v7e-m+fp/hard/crtbegin.o
LOAD c:/st/stm32cubeide_1.0.2/stm32cubeide/plugins/com.st.stm32cube.ide.mcu.externaltools.gnu-tools-for-stm32.9-2020-q2-update.win32_2.0.0.202105311346/tools/bin/../lib/gcc/arm-none-eabi/9.3.1/../../../../arm-none-eabi/lib/thumb/v7e-m+fp/hard/crt0.o
LOAD ./Drivers/STM32F7xx_HAL_Driver/Src/stm32f7xx_hal.o
LOAD ./Drivers/STM32F7xx_HAL_Driver/Src/stm32f7xx_hal_cortex.o
LOAD ./Drivers/STM32F7xx_HAL_Driver/Src/stm32f7xx_hal_dma.o
LOAD ./Drivers/STM32F7xx_HAL_Driver/Src/stm32f7xx_hal_dma_ex.o
LOAD ./Drivers/STM32F7xx_HAL_Driver/Src/stm32f7xx_hal_exti.o
LOAD ./Drivers/STM32F7xx_HAL_Driver/Src/stm32f7xx_hal_flash.o
LOAD ./Drivers/STM32F7xx_HAL_Driver/Src/stm32f7xx_hal_flash_ex.o
LOAD ./Drivers/STM32F7xx_HAL_Driver/Src/stm32f7xx_hal_gpio.o
LOAD ./Drivers/STM32F7xx_HAL_Driver/Src/stm32f7xx_hal_i2c.o
LOAD ./Drivers/STM32F7xx_HAL_Driver/Src/stm32f7xx_hal_i2c_ex.o
LOAD ./Drivers/STM32F7xx_HAL_Driver/Src/stm32f7xx_hal_pcd.o
LOAD ./Drivers/STM32F7xx_HAL_Driver/Src/stm32f7xx_hal_pcd_ex.o
LOAD ./Drivers/STM32F7xx_HAL_Driver/Src/stm32f7xx_hal_pwr.o
LOAD ./Drivers/STM32F7xx_HAL_Driver/Src/stm32f7xx_hal_pwr_ex.o
LOAD ./Drivers/STM32F7xx_HAL_Driver/Src/stm32f7xx_hal_rcc.o
LOAD ./Drivers/STM32F7xx_HAL_Driver/Src/stm32f7xx_hal_rcc_ex.o
LOAD ./Drivers/STM32F7xx_HAL_Driver/Src/stm32f7xx_hal_spi.o
LOAD ./Drivers/STM32F7xx_HAL_Driver/Src/stm32f7xx_hal_spi_ex.o
LOAD ./Drivers/STM32F7xx_HAL_Driver/Src/stm32f7xx_hal_tim.o
LOAD ./Drivers/STM32F7xx_HAL_Driver/Src/stm32f7xx_hal_tim_ex.o
LOAD ./Drivers/STM32F7xx_HAL_Driver/Src/stm32f7xx_hal_uart.o
LOAD ./Drivers/STM32F7xx_HAL_Driver/Src/stm32f7xx_hal_uart_ex.o
LOAD ./Drivers/STM32F7xx_HAL_Driver/Src/stm32f7xx_ll_usb.o
LOAD ./Middlewares/ST/STM32_USB_Device_Library/Class/CDC/Src/usbd_cdc.o
LOAD ./Middlewares/ST/STM32_USB_Device_Library/Core/Src/usbd_core.o
LOAD ./Middlewares/ST/STM32_USB_Device_Library/Core/Src/usbd_ctlreq.o
LOAD ./Middlewares/ST/STM32_USB_Device_Library/Core/Src/usbd_ioreq.o
LOAD ./Middlewares/Third_Party/FatFs/src/diskio.o
LOAD ./Middlewares/Third_Party/FatFs/src/ff.o
LOAD ./Middlewares/Third_Party/FatFs/src/ff_gen_drv.o
LOAD ./Middlewares/Third_Party/FatFs/src/option/syscall.o
LOAD ./Middlewares/Third_Party/FreeRTOS/Source/CMSIS_RTOS_V2/cmsis_os2.o
LOAD ./Middlewares/Third_Party/FreeRTOS/Source/croutine.o
LOAD ./Middlewares/Third_Party/FreeRTOS/Source/event_groups.o
LOAD ./Middlewares/Third_Party/FreeRTOS/Source/list.o
LOAD ./Middlewares/Third_Party/FreeRTOS/Source/queue.o
LOAD ./Middlewares/Third_Party/FreeRTOS/Source/stream_buffer.o
LOAD ./Middlewares/Third_Party/FreeRTOS/Source/tasks.o
LOAD ./Middlewares/Third_Party/FreeRTOS/Source/timers.o
LOAD ./Middlewares/Third_Party/FreeRTOS/Source/portable/GCC/ARM_CM7/r0p1/port.o
LOAD ./Middlewares/Third_Party/FreeRTOS/Source/portable/MemMang/heap_4.o
LOAD ./Src/fatfs.o
LOAD ./Src/freertos.o
LOAD ./Src/main.o
LOAD ./Src/stm32f7xx_hal_msp.o
LOAD ./Src/stm32f7xx_hal_timebase_tim.o
LOAD ./Src/stm32f7xx_it.o
LOAD ./Src/syscalls.o
LOAD ./Src/sysmem.o
LOAD ./Src/system_stm32f7xx.o
LOAD ./Src/usb_device.o
LOAD ./Src/usbd_cdc_if.o
LOAD ./Src/usbd_conf.o
LOAD ./Src/usbd_desc.o
LOAD ./Src/user_diskio.o
LOAD ./Startup/startup_stm32f746zgtx.o
LOAD ./ThreadSafe/newlib_lock_glue.o
START GROUP
LOAD c:/st/stm32cubeide_1.0.2/stm32cubeide/plugins/com.st.stm32cube.ide.mcu.externaltools.gnu-tools-for-stm32.9-2020-q2-update.win32_2.0.0.202105311346/tools/bin/../lib/gcc/arm-none-eabi/9.3.1/../../../../arm-none-eabi/lib/thumb/v7e-m+fp/hard\libstdc++_nano.a
LOAD c:/st/stm32cubeide_1.0.2/stm32cubeide/plugins/com.st.stm32cube.ide.mcu.externaltools.gnu-tools-for-stm32.9-2020-q2-update.win32_2.0.0.202105311346/tools/bin/../lib/gcc/arm-none-eabi/9.3.1/../../../../arm-none-eabi/lib/thumb/v7e-m+fp/hard\libsupc++_nano.a
END GROUP
LOAD c:/st/stm32cubeide_1.0.2/stm32cubeide/plugins/com.st.stm32cube.ide.mcu.externaltools.gnu-tools-for-stm32.9-2020-q2-update.win32_2.0.0.202105311346/tools/bin/../lib/gcc/arm-none-eabi/9.3.1/../../../../arm-none-eabi/lib/thumb/v7e-m+fp/hard\libstdc++_nano.a
LOAD c:/st/stm32cubeide_1.0.2/stm32cubeide/plugins/com.st.stm32cube.ide.mcu.externaltools.gnu-tools-for-stm32.9-2020-q2-update.win32_2.0.0.202105311346/tools/bin/../lib/gcc/arm-none-eabi/9.3.1/../../../../arm-none-eabi/lib/thumb/v7e-m+fp/hard\libm.a
LOAD c:/st/stm32cubeide_1.0.2/stm32cubeide/plugins/com.st.stm32cube.ide.mcu.externaltools.gnu-tools-for-stm32.9-2020-q2-update.win32_2.0.0.202105311346/tools/bin/../lib/gcc/arm-none-eabi/9.3.1/../../../../arm-none-eabi/lib/thumb/v7e-m+fp/hard\libc_nano.a
START GROUP
LOAD c:/st/stm32cubeide_1.0.2/stm32cubeide/plugins/com.st.stm32cube.ide.mcu.externaltools.gnu-tools-for-stm32.9-2020-q2-update.win32_2.0.0.202105311346/tools/bin/../lib/gcc/arm-none-eabi/9.3.1/thumb/v7e-m+fp/hard\libgcc.a
LOAD c:/st/stm32cubeide_1.0.2/stm32cubeide/plugins/com.st.stm32cube.ide.mcu.externaltools.gnu-tools-for-stm32.9-2020-q2-update.win32_2.0.0.202105311346/tools/bin/../lib/gcc/arm-none-eabi/9.3.1/../../../../arm-none-eabi/lib/thumb/v7e-m+fp/hard\libc_nano.a
END GROUP
START GROUP
LOAD c:/st/stm32cubeide_1.0.2/stm32cubeide/plugins/com.st.stm32cube.ide.mcu.externaltools.gnu-tools-for-stm32.9-2020-q2-update.win32_2.0.0.202105311346/tools/bin/../lib/gcc/arm-none-eabi/9.3.1/thumb/v7e-m+fp/hard\libgcc.a
LOAD c:/st/stm32cubeide_1.0.2/stm32cubeide/plugins/com.st.stm32cube.ide.mcu.externaltools.gnu-tools-for-stm32.9-2020-q2-update.win32_2.0.0.202105311346/tools/bin/../lib/gcc/arm-none-eabi/9.3.1/../../../../arm-none-eabi/lib/thumb/v7e-m+fp/hard\libc_nano.a
END GROUP
LOAD c:/st/stm32cubeide_1.0.2/stm32cubeide/plugins/com.st.stm32cube.ide.mcu.externaltools.gnu-tools-for-stm32.9-2020-q2-update.win32_2.0.0.202105311346/tools/bin/../lib/gcc/arm-none-eabi/9.3.1/thumb/v7e-m+fp/hard/crtend.o
LOAD c:/st/stm32cubeide_1.0.2/stm32cubeide/plugins/com.st.stm32cube.ide.mcu.externaltools.gnu-tools-for-stm32.9-2020-q2-update.win32_2.0.0.202105311346/tools/bin/../lib/gcc/arm-none-eabi/9.3.1/thumb/v7e-m+fp/hard/crtn.o
                0x0000000020050000                _estack = (ORIGIN (RAM) + LENGTH (RAM))
                0x0000000000000200                _Min_Heap_Size = 0x200
                0x0000000000000400                _Min_Stack_Size = 0x400

.isr_vector     0x0000000008000000      0x1c8
                0x0000000008000000                . = ALIGN (0x4)
 *(.isr_vector)
 .isr_vector    0x0000000008000000      0x1c8 ./Startup/startup_stm32f746zgtx.o
                0x0000000008000000                g_pfnVectors
                0x00000000080001c8                . = ALIGN (0x4)

.text           0x00000000080001d0     0xba3c
                0x00000000080001d0                . = ALIGN (0x4)
 *(.text)
 .text          0x00000000080001d0       0x40 c:/st/stm32cubeide_1.0.2/stm32cubeide/plugins/com.st.stm32cube.ide.mcu.externaltools.gnu-tools-for-stm32.9-2020-q2-update.win32_2.0.0.202105311346/tools/bin/../lib/gcc/arm-none-eabi/9.3.1/thumb/v7e-m+fp/hard/crtbegin.o
 .text          0x0000000008000210       0x30 c:/st/stm32cubeide_1.0.2/stm32cubeide/plugins/com.st.stm32cube.ide.mcu.externaltools.gnu-tools-for-stm32.9-2020-q2-update.win32_2.0.0.202105311346/tools/bin/../lib/gcc/arm-none-eabi/9.3.1/thumb/v7e-m+fp/hard\libgcc.a(_aeabi_uldivmod.o)
                0x0000000008000210                __aeabi_uldivmod
 .text          0x0000000008000240      0x2c4 c:/st/stm32cubeide_1.0.2/stm32cubeide/plugins/com.st.stm32cube.ide.mcu.externaltools.gnu-tools-for-stm32.9-2020-q2-update.win32_2.0.0.202105311346/tools/bin/../lib/gcc/arm-none-eabi/9.3.1/thumb/v7e-m+fp/hard\libgcc.a(_udivmoddi4.o)
                0x0000000008000240                __udivmoddi4
 .text          0x0000000008000504        0x4 c:/st/stm32cubeide_1.0.2/stm32cubeide/plugins/com.st.stm32cube.ide.mcu.externaltools.gnu-tools-for-stm32.9-2020-q2-update.win32_2.0.0.202105311346/tools/bin/../lib/gcc/arm-none-eabi/9.3.1/thumb/v7e-m+fp/hard\libgcc.a(_dvmd_tls.o)
                0x0000000008000504                __aeabi_idiv0
                0x0000000008000504                __aeabi_ldiv0
 *(.text*)
 .text.HAL_Init
                0x0000000008000508       0x1a ./Drivers/STM32F7xx_HAL_Driver/Src/stm32f7xx_hal.o
                0x0000000008000508                HAL_Init
 *fill*         0x0000000008000522        0x2 
 .text.HAL_IncTick
                0x0000000008000524       0x28 ./Drivers/STM32F7xx_HAL_Driver/Src/stm32f7xx_hal.o
                0x0000000008000524                HAL_IncTick
 .text.HAL_GetTick
                0x000000000800054c       0x18 ./Drivers/STM32F7xx_HAL_Driver/Src/stm32f7xx_hal.o
                0x000000000800054c                HAL_GetTick
 .text.HAL_Delay
                0x0000000008000564       0x48 ./Drivers/STM32F7xx_HAL_Driver/Src/stm32f7xx_hal.o
                0x0000000008000564                HAL_Delay
 .text.__NVIC_SetPriorityGrouping
                0x00000000080005ac       0x48 ./Drivers/STM32F7xx_HAL_Driver/Src/stm32f7xx_hal_cortex.o
 .text.__NVIC_GetPriorityGrouping
                0x00000000080005f4       0x1c ./Drivers/STM32F7xx_HAL_Driver/Src/stm32f7xx_hal_cortex.o
 .text.__NVIC_EnableIRQ
                0x0000000008000610       0x3c ./Drivers/STM32F7xx_HAL_Driver/Src/stm32f7xx_hal_cortex.o
 .text.__NVIC_SetPriority
                0x000000000800064c       0x54 ./Drivers/STM32F7xx_HAL_Driver/Src/stm32f7xx_hal_cortex.o
 .text.NVIC_EncodePriority
                0x00000000080006a0       0x66 ./Drivers/STM32F7xx_HAL_Driver/Src/stm32f7xx_hal_cortex.o
 .text.HAL_NVIC_SetPriorityGrouping
                0x0000000008000706       0x16 ./Drivers/STM32F7xx_HAL_Driver/Src/stm32f7xx_hal_cortex.o
                0x0000000008000706                HAL_NVIC_SetPriorityGrouping
 .text.HAL_NVIC_SetPriority
                0x000000000800071c       0x38 ./Drivers/STM32F7xx_HAL_Driver/Src/stm32f7xx_hal_cortex.o
                0x000000000800071c                HAL_NVIC_SetPriority
 .text.HAL_NVIC_EnableIRQ
                0x0000000008000754       0x1c ./Drivers/STM32F7xx_HAL_Driver/Src/stm32f7xx_hal_cortex.o
                0x0000000008000754                HAL_NVIC_EnableIRQ
 .text.HAL_DMA_Abort
                0x0000000008000770       0xe0 ./Drivers/STM32F7xx_HAL_Driver/Src/stm32f7xx_hal_dma.o
                0x0000000008000770                HAL_DMA_Abort
 .text.HAL_DMA_Abort_IT
                0x0000000008000850       0x44 ./Drivers/STM32F7xx_HAL_Driver/Src/stm32f7xx_hal_dma.o
                0x0000000008000850                HAL_DMA_Abort_IT
 .text.HAL_GPIO_Init
                0x0000000008000894      0x358 ./Drivers/STM32F7xx_HAL_Driver/Src/stm32f7xx_hal_gpio.o
                0x0000000008000894                HAL_GPIO_Init
 .text.HAL_GPIO_WritePin
                0x0000000008000bec       0x32 ./Drivers/STM32F7xx_HAL_Driver/Src/stm32f7xx_hal_gpio.o
                0x0000000008000bec                HAL_GPIO_WritePin
 *fill*         0x0000000008000c1e        0x2 
 .text.HAL_I2C_Init
                0x0000000008000c20      0x120 ./Drivers/STM32F7xx_HAL_Driver/Src/stm32f7xx_hal_i2c.o
                0x0000000008000c20                HAL_I2C_Init
 .text.HAL_I2CEx_ConfigAnalogFilter
                0x0000000008000d40       0x96 ./Drivers/STM32F7xx_HAL_Driver/Src/stm32f7xx_hal_i2c_ex.o
                0x0000000008000d40                HAL_I2CEx_ConfigAnalogFilter
 .text.HAL_I2CEx_ConfigDigitalFilter
                0x0000000008000dd6       0x98 ./Drivers/STM32F7xx_HAL_Driver/Src/stm32f7xx_hal_i2c_ex.o
                0x0000000008000dd6                HAL_I2CEx_ConfigDigitalFilter
 .text.HAL_PCD_Init
                0x0000000008000e6e      0x248 ./Drivers/STM32F7xx_HAL_Driver/Src/stm32f7xx_hal_pcd.o
                0x0000000008000e6e                HAL_PCD_Init
 .text.HAL_PCD_Start
                0x00000000080010b6       0x44 ./Drivers/STM32F7xx_HAL_Driver/Src/stm32f7xx_hal_pcd.o
                0x00000000080010b6                HAL_PCD_Start
 .text.HAL_PCD_IRQHandler
                0x00000000080010fa      0x7be ./Drivers/STM32F7xx_HAL_Driver/Src/stm32f7xx_hal_pcd.o
                0x00000000080010fa                HAL_PCD_IRQHandler
 .text.HAL_PCD_SetAddress
                0x00000000080018b8       0x4a ./Drivers/STM32F7xx_HAL_Driver/Src/stm32f7xx_hal_pcd.o
                0x00000000080018b8                HAL_PCD_SetAddress
 .text.HAL_PCD_EP_Open
                0x0000000008001902       0xd0 ./Drivers/STM32F7xx_HAL_Driver/Src/stm32f7xx_hal_pcd.o
                0x0000000008001902                HAL_PCD_EP_Open
 .text.HAL_PCD_EP_Close
                0x00000000080019d2       0x94 ./Drivers/STM32F7xx_HAL_Driver/Src/stm32f7xx_hal_pcd.o
                0x00000000080019d2                HAL_PCD_EP_Close
 .text.HAL_PCD_EP_Receive
                0x0000000008001a66       0x96 ./Drivers/STM32F7xx_HAL_Driver/Src/stm32f7xx_hal_pcd.o
                0x0000000008001a66                HAL_PCD_EP_Receive
 .text.HAL_PCD_EP_GetRxCount
                0x0000000008001afc       0x30 ./Drivers/STM32F7xx_HAL_Driver/Src/stm32f7xx_hal_pcd.o
                0x0000000008001afc                HAL_PCD_EP_GetRxCount
 .text.HAL_PCD_EP_Transmit
                0x0000000008001b2c       0x94 ./Drivers/STM32F7xx_HAL_Driver/Src/stm32f7xx_hal_pcd.o
                0x0000000008001b2c                HAL_PCD_EP_Transmit
 .text.HAL_PCD_EP_SetStall
                0x0000000008001bc0       0xc8 ./Drivers/STM32F7xx_HAL_Driver/Src/stm32f7xx_hal_pcd.o
                0x0000000008001bc0                HAL_PCD_EP_SetStall
 .text.HAL_PCD_EP_ClrStall
                0x0000000008001c88       0xac ./Drivers/STM32F7xx_HAL_Driver/Src/stm32f7xx_hal_pcd.o
                0x0000000008001c88                HAL_PCD_EP_ClrStall
 .text.PCD_WriteEmptyTxFifo
                0x0000000008001d34      0x11a ./Drivers/STM32F7xx_HAL_Driver/Src/stm32f7xx_hal_pcd.o
 *fill*         0x0000000008001e4e        0x2 
 .text.PCD_EP_OutXfrComplete_int
                0x0000000008001e50      0x218 ./Drivers/STM32F7xx_HAL_Driver/Src/stm32f7xx_hal_pcd.o
 .text.PCD_EP_OutSetupPacket_int
                0x0000000008002068       0x8c ./Drivers/STM32F7xx_HAL_Driver/Src/stm32f7xx_hal_pcd.o
 .text.HAL_PCDEx_SetTxFiFo
                0x00000000080020f4       0x8e ./Drivers/STM32F7xx_HAL_Driver/Src/stm32f7xx_hal_pcd_ex.o
                0x00000000080020f4                HAL_PCDEx_SetTxFiFo
 .text.HAL_PCDEx_SetRxFiFo
                0x0000000008002182       0x22 ./Drivers/STM32F7xx_HAL_Driver/Src/stm32f7xx_hal_pcd_ex.o
                0x0000000008002182                HAL_PCDEx_SetRxFiFo
 .text.HAL_PCDEx_ActivateLPM
                0x00000000080021a4       0x48 ./Drivers/STM32F7xx_HAL_Driver/Src/stm32f7xx_hal_pcd_ex.o
                0x00000000080021a4                HAL_PCDEx_ActivateLPM
 .text.HAL_PWR_EnableBkUpAccess
                0x00000000080021ec       0x20 ./Drivers/STM32F7xx_HAL_Driver/Src/stm32f7xx_hal_pwr.o
                0x00000000080021ec                HAL_PWR_EnableBkUpAccess
 .text.HAL_RCC_OscConfig
                0x000000000800220c      0x548 ./Drivers/STM32F7xx_HAL_Driver/Src/stm32f7xx_hal_rcc.o
                0x000000000800220c                HAL_RCC_OscConfig
 .text.HAL_RCC_ClockConfig
                0x0000000008002754      0x1d8 ./Drivers/STM32F7xx_HAL_Driver/Src/stm32f7xx_hal_rcc.o
                0x0000000008002754                HAL_RCC_ClockConfig
 .text.HAL_RCC_GetSysClockFreq
                0x000000000800292c      0x1c4 ./Drivers/STM32F7xx_HAL_Driver/Src/stm32f7xx_hal_rcc.o
                0x000000000800292c                HAL_RCC_GetSysClockFreq
 .text.HAL_RCC_GetHCLKFreq
                0x0000000008002af0       0x18 ./Drivers/STM32F7xx_HAL_Driver/Src/stm32f7xx_hal_rcc.o
                0x0000000008002af0                HAL_RCC_GetHCLKFreq
 .text.HAL_RCC_GetPCLK1Freq
                0x0000000008002b08       0x28 ./Drivers/STM32F7xx_HAL_Driver/Src/stm32f7xx_hal_rcc.o
                0x0000000008002b08                HAL_RCC_GetPCLK1Freq
 .text.HAL_RCC_GetPCLK2Freq
                0x0000000008002b30       0x28 ./Drivers/STM32F7xx_HAL_Driver/Src/stm32f7xx_hal_rcc.o
                0x0000000008002b30                HAL_RCC_GetPCLK2Freq
 .text.HAL_RCC_GetClockConfig
                0x0000000008002b58       0x64 ./Drivers/STM32F7xx_HAL_Driver/Src/stm32f7xx_hal_rcc.o
                0x0000000008002b58                HAL_RCC_GetClockConfig
 .text.HAL_RCCEx_PeriphCLKConfig
                0x0000000008002bbc      0x7e0 ./Drivers/STM32F7xx_HAL_Driver/Src/stm32f7xx_hal_rcc_ex.o
                0x0000000008002bbc                HAL_RCCEx_PeriphCLKConfig
 .text.HAL_SPI_Init
                0x000000000800339c      0x156 ./Drivers/STM32F7xx_HAL_Driver/Src/stm32f7xx_hal_spi.o
                0x000000000800339c                HAL_SPI_Init
 .text.HAL_TIM_Base_Init
                0x00000000080034f2       0xae ./Drivers/STM32F7xx_HAL_Driver/Src/stm32f7xx_hal_tim.o
                0x00000000080034f2                HAL_TIM_Base_Init
 .text.HAL_TIM_Base_MspInit
                0x00000000080035a0       0x14 ./Drivers/STM32F7xx_HAL_Driver/Src/stm32f7xx_hal_tim.o
                0x00000000080035a0                HAL_TIM_Base_MspInit
 .text.HAL_TIM_Base_Start_IT
                0x00000000080035b4       0xf0 ./Drivers/STM32F7xx_HAL_Driver/Src/stm32f7xx_hal_tim.o
                0x00000000080035b4                HAL_TIM_Base_Start_IT
 .text.HAL_TIM_IRQHandler
                0x00000000080036a4      0x23e ./Drivers/STM32F7xx_HAL_Driver/Src/stm32f7xx_hal_tim.o
                0x00000000080036a4                HAL_TIM_IRQHandler
 .text.HAL_TIM_OC_DelayElapsedCallback
                0x00000000080038e2       0x14 ./Drivers/STM32F7xx_HAL_Driver/Src/stm32f7xx_hal_tim.o
                0x00000000080038e2                HAL_TIM_OC_DelayElapsedCallback
 .text.HAL_TIM_IC_CaptureCallback
                0x00000000080038f6       0x14 ./Drivers/STM32F7xx_HAL_Driver/Src/stm32f7xx_hal_tim.o
                0x00000000080038f6                HAL_TIM_IC_CaptureCallback
 .text.HAL_TIM_PWM_PulseFinishedCallback
                0x000000000800390a       0x14 ./Drivers/STM32F7xx_HAL_Driver/Src/stm32f7xx_hal_tim.o
                0x000000000800390a                HAL_TIM_PWM_PulseFinishedCallback
 .text.HAL_TIM_TriggerCallback
                0x000000000800391e       0x14 ./Drivers/STM32F7xx_HAL_Driver/Src/stm32f7xx_hal_tim.o
                0x000000000800391e                HAL_TIM_TriggerCallback
 *fill*         0x0000000008003932        0x2 
 .text.TIM_Base_SetConfig
                0x0000000008003934      0x140 ./Drivers/STM32F7xx_HAL_Driver/Src/stm32f7xx_hal_tim.o
                0x0000000008003934                TIM_Base_SetConfig
 .text.HAL_TIMEx_CommutCallback
                0x0000000008003a74       0x14 ./Drivers/STM32F7xx_HAL_Driver/Src/stm32f7xx_hal_tim_ex.o
                0x0000000008003a74                HAL_TIMEx_CommutCallback
 .text.HAL_TIMEx_BreakCallback
                0x0000000008003a88       0x14 ./Drivers/STM32F7xx_HAL_Driver/Src/stm32f7xx_hal_tim_ex.o
                0x0000000008003a88                HAL_TIMEx_BreakCallback
 .text.HAL_TIMEx_Break2Callback
                0x0000000008003a9c       0x14 ./Drivers/STM32F7xx_HAL_Driver/Src/stm32f7xx_hal_tim_ex.o
                0x0000000008003a9c                HAL_TIMEx_Break2Callback
 .text.HAL_UART_Init
                0x0000000008003ab0       0x9c ./Drivers/STM32F7xx_HAL_Driver/Src/stm32f7xx_hal_uart.o
                0x0000000008003ab0                HAL_UART_Init
 .text.HAL_UART_IRQHandler
                0x0000000008003b4c      0x3d8 ./Drivers/STM32F7xx_HAL_Driver/Src/stm32f7xx_hal_uart.o
                0x0000000008003b4c                HAL_UART_IRQHandler
 .text.HAL_UART_TxCpltCallback
                0x0000000008003f24       0x14 ./Drivers/STM32F7xx_HAL_Driver/Src/stm32f7xx_hal_uart.o
                0x0000000008003f24                HAL_UART_TxCpltCallback
 .text.HAL_UART_ErrorCallback
                0x0000000008003f38       0x14 ./Drivers/STM32F7xx_HAL_Driver/Src/stm32f7xx_hal_uart.o
                0x0000000008003f38                HAL_UART_ErrorCallback
 .text.HAL_UARTEx_RxEventCallback
                0x0000000008003f4c       0x18 ./Drivers/STM32F7xx_HAL_Driver/Src/stm32f7xx_hal_uart.o
                0x0000000008003f4c                HAL_UARTEx_RxEventCallback
 .text.UART_SetConfig
                0x0000000008003f64      0x4c4 ./Drivers/STM32F7xx_HAL_Driver/Src/stm32f7xx_hal_uart.o
                0x0000000008003f64                UART_SetConfig
 .text.UART_AdvFeatureConfig
                0x0000000008004428      0x144 ./Drivers/STM32F7xx_HAL_Driver/Src/stm32f7xx_hal_uart.o
                0x0000000008004428                UART_AdvFeatureConfig
 .text.UART_CheckIdleState
                0x000000000800456c       0x66 ./Drivers/STM32F7xx_HAL_Driver/Src/stm32f7xx_hal_uart.o
                0x000000000800456c                UART_CheckIdleState
 .text.UART_WaitOnFlagUntilTimeout
                0x00000000080045d2       0xf8 ./Drivers/STM32F7xx_HAL_Driver/Src/stm32f7xx_hal_uart.o
                0x00000000080045d2                UART_WaitOnFlagUntilTimeout
 .text.UART_EndRxTransfer
                0x00000000080046ca       0x5e ./Drivers/STM32F7xx_HAL_Driver/Src/stm32f7xx_hal_uart.o
 .text.UART_DMAAbortOnError
                0x0000000008004728       0x2c ./Drivers/STM32F7xx_HAL_Driver/Src/stm32f7xx_hal_uart.o
 .text.UART_EndTransmit_IT
                0x0000000008004754       0x32 ./Drivers/STM32F7xx_HAL_Driver/Src/stm32f7xx_hal_uart.o
 *fill*         0x0000000008004786        0x2 
 .text.USB_CoreInit
                0x0000000008004788       0xb0 ./Drivers/STM32F7xx_HAL_Driver/Src/stm32f7xx_ll_usb.o
                0x0000000008004788                USB_CoreInit
 .text.USB_SetTurnaroundTime
                0x0000000008004838      0x144 ./Drivers/STM32F7xx_HAL_Driver/Src/stm32f7xx_ll_usb.o
                0x0000000008004838                USB_SetTurnaroundTime
 .text.USB_EnableGlobalInt
                0x000000000800497c       0x22 ./Drivers/STM32F7xx_HAL_Driver/Src/stm32f7xx_ll_usb.o
                0x000000000800497c                USB_EnableGlobalInt
 .text.USB_DisableGlobalInt
                0x000000000800499e       0x22 ./Drivers/STM32F7xx_HAL_Driver/Src/stm32f7xx_ll_usb.o
                0x000000000800499e                USB_DisableGlobalInt
 .text.USB_SetCurrentMode
                0x00000000080049c0       0x54 ./Drivers/STM32F7xx_HAL_Driver/Src/stm32f7xx_ll_usb.o
                0x00000000080049c0                USB_SetCurrentMode
 .text.USB_DevInit
                0x0000000008004a14      0x2dc ./Drivers/STM32F7xx_HAL_Driver/Src/stm32f7xx_ll_usb.o
                0x0000000008004a14                USB_DevInit
 .text.USB_FlushTxFifo
                0x0000000008004cf0       0x4c ./Drivers/STM32F7xx_HAL_Driver/Src/stm32f7xx_ll_usb.o
                0x0000000008004cf0                USB_FlushTxFifo
 .text.USB_FlushRxFifo
                0x0000000008004d3c       0x44 ./Drivers/STM32F7xx_HAL_Driver/Src/stm32f7xx_ll_usb.o
                0x0000000008004d3c                USB_FlushRxFifo
 .text.USB_SetDevSpeed
                0x0000000008004d80       0x32 ./Drivers/STM32F7xx_HAL_Driver/Src/stm32f7xx_ll_usb.o
                0x0000000008004d80                USB_SetDevSpeed
 .text.USB_GetDevSpeed
                0x0000000008004db2       0x4a ./Drivers/STM32F7xx_HAL_Driver/Src/stm32f7xx_ll_usb.o
                0x0000000008004db2                USB_GetDevSpeed
 .text.USB_ActivateEndpoint
                0x0000000008004dfc      0x110 ./Drivers/STM32F7xx_HAL_Driver/Src/stm32f7xx_ll_usb.o
                0x0000000008004dfc                USB_ActivateEndpoint
 .text.USB_DeactivateEndpoint
                0x0000000008004f0c      0x1b8 ./Drivers/STM32F7xx_HAL_Driver/Src/stm32f7xx_ll_usb.o
                0x0000000008004f0c                USB_DeactivateEndpoint
 .text.USB_EPStartXfer
                0x00000000080050c4      0x498 ./Drivers/STM32F7xx_HAL_Driver/Src/stm32f7xx_ll_usb.o
                0x00000000080050c4                USB_EPStartXfer
 .text.USB_EP0StartXfer
                0x000000000800555c      0x2b0 ./Drivers/STM32F7xx_HAL_Driver/Src/stm32f7xx_ll_usb.o
                0x000000000800555c                USB_EP0StartXfer
 .text.USB_WritePacket
                0x000000000800580c       0x6a ./Drivers/STM32F7xx_HAL_Driver/Src/stm32f7xx_ll_usb.o
                0x000000000800580c                USB_WritePacket
 .text.USB_ReadPacket
                0x0000000008005876       0x52 ./Drivers/STM32F7xx_HAL_Driver/Src/stm32f7xx_ll_usb.o
                0x0000000008005876                USB_ReadPacket
 .text.USB_EPSetStall
                0x00000000080058c8       0xdc ./Drivers/STM32F7xx_HAL_Driver/Src/stm32f7xx_ll_usb.o
                0x00000000080058c8                USB_EPSetStall
 .text.USB_EPClearStall
                0x00000000080059a4       0xcc ./Drivers/STM32F7xx_HAL_Driver/Src/stm32f7xx_ll_usb.o
                0x00000000080059a4                USB_EPClearStall
 .text.USB_SetDevAddress
                0x0000000008005a70       0x4c ./Drivers/STM32F7xx_HAL_Driver/Src/stm32f7xx_ll_usb.o
                0x0000000008005a70                USB_SetDevAddress
 .text.USB_DevConnect
                0x0000000008005abc       0x42 ./Drivers/STM32F7xx_HAL_Driver/Src/stm32f7xx_ll_usb.o
                0x0000000008005abc                USB_DevConnect
 .text.USB_DevDisconnect
                0x0000000008005afe       0x42 ./Drivers/STM32F7xx_HAL_Driver/Src/stm32f7xx_ll_usb.o
                0x0000000008005afe                USB_DevDisconnect
 .text.USB_ReadInterrupts
                0x0000000008005b40       0x26 ./Drivers/STM32F7xx_HAL_Driver/Src/stm32f7xx_ll_usb.o
                0x0000000008005b40                USB_ReadInterrupts
 .text.USB_ReadDevAllOutEpInterrupt
                0x0000000008005b66       0x34 ./Drivers/STM32F7xx_HAL_Driver/Src/stm32f7xx_ll_usb.o
                0x0000000008005b66                USB_ReadDevAllOutEpInterrupt
 .text.USB_ReadDevAllInEpInterrupt
                0x0000000008005b9a       0x34 ./Drivers/STM32F7xx_HAL_Driver/Src/stm32f7xx_ll_usb.o
                0x0000000008005b9a                USB_ReadDevAllInEpInterrupt
 .text.USB_ReadDevOutEPInterrupt
                0x0000000008005bce       0x3c ./Drivers/STM32F7xx_HAL_Driver/Src/stm32f7xx_ll_usb.o
                0x0000000008005bce                USB_ReadDevOutEPInterrupt
 .text.USB_ReadDevInEPInterrupt
                0x0000000008005c0a       0x5c ./Drivers/STM32F7xx_HAL_Driver/Src/stm32f7xx_ll_usb.o
                0x0000000008005c0a                USB_ReadDevInEPInterrupt
 .text.USB_GetMode
                0x0000000008005c66       0x1c ./Drivers/STM32F7xx_HAL_Driver/Src/stm32f7xx_ll_usb.o
                0x0000000008005c66                USB_GetMode
 *fill*         0x0000000008005c82        0x2 
 .text.USB_ActivateSetup
                0x0000000008005c84       0x48 ./Drivers/STM32F7xx_HAL_Driver/Src/stm32f7xx_ll_usb.o
                0x0000000008005c84                USB_ActivateSetup
 .text.USB_EP0_OutStart
                0x0000000008005ccc       0xbc ./Drivers/STM32F7xx_HAL_Driver/Src/stm32f7xx_ll_usb.o
                0x0000000008005ccc                USB_EP0_OutStart
 .text.USB_CoreReset
                0x0000000008005d88       0x68 ./Drivers/STM32F7xx_HAL_Driver/Src/stm32f7xx_ll_usb.o
 .text.USBD_CDC_Init
                0x0000000008005df0      0x100 ./Middlewares/ST/STM32_USB_Device_Library/Class/CDC/Src/usbd_cdc.o
 .text.USBD_CDC_DeInit
                0x0000000008005ef0       0x78 ./Middlewares/ST/STM32_USB_Device_Library/Class/CDC/Src/usbd_cdc.o
 .text.USBD_CDC_Setup
                0x0000000008005f68      0x178 ./Middlewares/ST/STM32_USB_Device_Library/Class/CDC/Src/usbd_cdc.o
 .text.USBD_CDC_DataIn
                0x00000000080060e0       0xbe ./Middlewares/ST/STM32_USB_Device_Library/Class/CDC/Src/usbd_cdc.o
 .text.USBD_CDC_DataOut
                0x000000000800619e       0x56 ./Middlewares/ST/STM32_USB_Device_Library/Class/CDC/Src/usbd_cdc.o
 .text.USBD_CDC_EP0_RxReady
                0x00000000080061f4       0x50 ./Middlewares/ST/STM32_USB_Device_Library/Class/CDC/Src/usbd_cdc.o
 .text.USBD_CDC_GetFSCfgDesc
                0x0000000008006244       0x20 ./Middlewares/ST/STM32_USB_Device_Library/Class/CDC/Src/usbd_cdc.o
 .text.USBD_CDC_GetHSCfgDesc
                0x0000000008006264       0x20 ./Middlewares/ST/STM32_USB_Device_Library/Class/CDC/Src/usbd_cdc.o
 .text.USBD_CDC_GetOtherSpeedCfgDesc
                0x0000000008006284       0x20 ./Middlewares/ST/STM32_USB_Device_Library/Class/CDC/Src/usbd_cdc.o
 .text.USBD_CDC_GetDeviceQualifierDescriptor
                0x00000000080062a4       0x20 ./Middlewares/ST/STM32_USB_Device_Library/Class/CDC/Src/usbd_cdc.o
                0x00000000080062a4                USBD_CDC_GetDeviceQualifierDescriptor
 .text.USBD_CDC_RegisterInterface
                0x00000000080062c4       0x2a ./Middlewares/ST/STM32_USB_Device_Library/Class/CDC/Src/usbd_cdc.o
                0x00000000080062c4                USBD_CDC_RegisterInterface
 .text.USBD_CDC_SetTxBuffer
                0x00000000080062ee       0x32 ./Middlewares/ST/STM32_USB_Device_Library/Class/CDC/Src/usbd_cdc.o
                0x00000000080062ee                USBD_CDC_SetTxBuffer
 .text.USBD_CDC_SetRxBuffer
                0x0000000008006320       0x28 ./Middlewares/ST/STM32_USB_Device_Library/Class/CDC/Src/usbd_cdc.o
                0x0000000008006320                USBD_CDC_SetRxBuffer
 .text.USBD_CDC_ReceivePacket
                0x0000000008006348       0x54 ./Middlewares/ST/STM32_USB_Device_Library/Class/CDC/Src/usbd_cdc.o
                0x0000000008006348                USBD_CDC_ReceivePacket
 .text.USBD_Init
                0x000000000800639c       0x6c ./Middlewares/ST/STM32_USB_Device_Library/Core/Src/usbd_core.o
                0x000000000800639c                USBD_Init
 .text.USBD_RegisterClass
                0x0000000008006408       0x42 ./Middlewares/ST/STM32_USB_Device_Library/Core/Src/usbd_core.o
                0x0000000008006408                USBD_RegisterClass
 .text.USBD_Start
                0x000000000800644a       0x18 ./Middlewares/ST/STM32_USB_Device_Library/Core/Src/usbd_core.o
                0x000000000800644a                USBD_Start
 .text.USBD_RunTestMode
                0x0000000008006462       0x16 ./Middlewares/ST/STM32_USB_Device_Library/Core/Src/usbd_core.o
                0x0000000008006462                USBD_RunTestMode
 .text.USBD_SetClassConfig
                0x0000000008006478       0x38 ./Middlewares/ST/STM32_USB_Device_Library/Core/Src/usbd_core.o
                0x0000000008006478                USBD_SetClassConfig
 .text.USBD_ClrClassConfig
                0x00000000080064b0       0x30 ./Middlewares/ST/STM32_USB_Device_Library/Core/Src/usbd_core.o
                0x00000000080064b0                USBD_ClrClassConfig
 .text.USBD_LL_SetupStage
                0x00000000080064e0       0xaa ./Middlewares/ST/STM32_USB_Device_Library/Core/Src/usbd_core.o
                0x00000000080064e0                USBD_LL_SetupStage
 .text.USBD_LL_DataOutStage
                0x000000000800658a       0xc6 ./Middlewares/ST/STM32_USB_Device_Library/Core/Src/usbd_core.o
                0x000000000800658a                USBD_LL_DataOutStage
 .text.USBD_LL_DataInStage
                0x0000000008006650      0x12c ./Middlewares/ST/STM32_USB_Device_Library/Core/Src/usbd_core.o
                0x0000000008006650                USBD_LL_DataInStage
 .text.USBD_LL_Reset
                0x000000000800677c       0x82 ./Middlewares/ST/STM32_USB_Device_Library/Core/Src/usbd_core.o
                0x000000000800677c                USBD_LL_Reset
 .text.USBD_LL_SetSpeed
                0x00000000080067fe       0x20 ./Middlewares/ST/STM32_USB_Device_Library/Core/Src/usbd_core.o
                0x00000000080067fe                USBD_LL_SetSpeed
 .text.USBD_LL_Suspend
                0x000000000800681e       0x2a ./Middlewares/ST/STM32_USB_Device_Library/Core/Src/usbd_core.o
                0x000000000800681e                USBD_LL_Suspend
 .text.USBD_LL_Resume
                0x0000000008006848       0x2c ./Middlewares/ST/STM32_USB_Device_Library/Core/Src/usbd_core.o
                0x0000000008006848                USBD_LL_Resume
 .text.USBD_LL_SOF
                0x0000000008006874       0x34 ./Middlewares/ST/STM32_USB_Device_Library/Core/Src/usbd_core.o
                0x0000000008006874                USBD_LL_SOF
 .text.USBD_LL_IsoINIncomplete
                0x00000000080068a8       0x1a ./Middlewares/ST/STM32_USB_Device_Library/Core/Src/usbd_core.o
                0x00000000080068a8                USBD_LL_IsoINIncomplete
 .text.USBD_LL_IsoOUTIncomplete
                0x00000000080068c2       0x1a ./Middlewares/ST/STM32_USB_Device_Library/Core/Src/usbd_core.o
                0x00000000080068c2                USBD_LL_IsoOUTIncomplete
 .text.USBD_LL_DevConnected
                0x00000000080068dc       0x16 ./Middlewares/ST/STM32_USB_Device_Library/Core/Src/usbd_core.o
                0x00000000080068dc                USBD_LL_DevConnected
 .text.USBD_LL_DevDisconnected
                0x00000000080068f2       0x38 ./Middlewares/ST/STM32_USB_Device_Library/Core/Src/usbd_core.o
                0x00000000080068f2                USBD_LL_DevDisconnected
 .text.SWAPBYTE
                0x000000000800692a       0x3c ./Middlewares/ST/STM32_USB_Device_Library/Core/Src/usbd_ctlreq.o
 *fill*         0x0000000008006966        0x2 
 .text.USBD_StdDevReq
                0x0000000008006968       0xdc ./Middlewares/ST/STM32_USB_Device_Library/Core/Src/usbd_ctlreq.o
                0x0000000008006968                USBD_StdDevReq
 .text.USBD_StdItfReq
                0x0000000008006a44       0x90 ./Middlewares/ST/STM32_USB_Device_Library/Core/Src/usbd_ctlreq.o
                0x0000000008006a44                USBD_StdItfReq
 .text.USBD_StdEPReq
                0x0000000008006ad4      0x2ba ./Middlewares/ST/STM32_USB_Device_Library/Core/Src/usbd_ctlreq.o
                0x0000000008006ad4                USBD_StdEPReq
 *fill*         0x0000000008006d8e        0x2 
 .text.USBD_GetDescriptor
                0x0000000008006d90      0x328 ./Middlewares/ST/STM32_USB_Device_Library/Core/Src/usbd_ctlreq.o
 .text.USBD_SetAddress
                0x00000000080070b8       0x86 ./Middlewares/ST/STM32_USB_Device_Library/Core/Src/usbd_ctlreq.o
 *fill*         0x000000000800713e        0x2 
 .text.USBD_SetConfig
                0x0000000008007140      0x148 ./Middlewares/ST/STM32_USB_Device_Library/Core/Src/usbd_ctlreq.o
 .text.USBD_GetConfig
                0x0000000008007288       0x6a ./Middlewares/ST/STM32_USB_Device_Library/Core/Src/usbd_ctlreq.o
 .text.USBD_GetStatus
                0x00000000080072f2       0x66 ./Middlewares/ST/STM32_USB_Device_Library/Core/Src/usbd_ctlreq.o
 .text.USBD_SetFeature
                0x0000000008007358       0x28 ./Middlewares/ST/STM32_USB_Device_Library/Core/Src/usbd_ctlreq.o
 .text.USBD_ClrFeature
                0x0000000008007380       0x42 ./Middlewares/ST/STM32_USB_Device_Library/Core/Src/usbd_ctlreq.o
 .text.USBD_ParseSetupRequest
                0x00000000080073c2       0x74 ./Middlewares/ST/STM32_USB_Device_Library/Core/Src/usbd_ctlreq.o
                0x00000000080073c2                USBD_ParseSetupRequest
 .text.USBD_CtlError
                0x0000000008007436       0x22 ./Middlewares/ST/STM32_USB_Device_Library/Core/Src/usbd_ctlreq.o
                0x0000000008007436                USBD_CtlError
 .text.USBD_GetString
                0x0000000008007458       0x8c ./Middlewares/ST/STM32_USB_Device_Library/Core/Src/usbd_ctlreq.o
                0x0000000008007458                USBD_GetString
 .text.USBD_GetLen
                0x00000000080074e4       0x34 ./Middlewares/ST/STM32_USB_Device_Library/Core/Src/usbd_ctlreq.o
 .text.USBD_CtlSendData
                0x0000000008007518       0x36 ./Middlewares/ST/STM32_USB_Device_Library/Core/Src/usbd_ioreq.o
                0x0000000008007518                USBD_CtlSendData
 .text.USBD_CtlContinueSendData
                0x000000000800754e       0x22 ./Middlewares/ST/STM32_USB_Device_Library/Core/Src/usbd_ioreq.o
                0x000000000800754e                USBD_CtlContinueSendData
 .text.USBD_CtlPrepareRx
                0x0000000008007570       0x3a ./Middlewares/ST/STM32_USB_Device_Library/Core/Src/usbd_ioreq.o
                0x0000000008007570                USBD_CtlPrepareRx
 .text.USBD_CtlContinueRx
                0x00000000080075aa       0x22 ./Middlewares/ST/STM32_USB_Device_Library/Core/Src/usbd_ioreq.o
                0x00000000080075aa                USBD_CtlContinueRx
 .text.USBD_CtlSendStatus
                0x00000000080075cc       0x26 ./Middlewares/ST/STM32_USB_Device_Library/Core/Src/usbd_ioreq.o
                0x00000000080075cc                USBD_CtlSendStatus
 .text.USBD_CtlReceiveStatus
                0x00000000080075f2       0x26 ./Middlewares/ST/STM32_USB_Device_Library/Core/Src/usbd_ioreq.o
                0x00000000080075f2                USBD_CtlReceiveStatus
 .text.FATFS_LinkDriverEx
                0x0000000008007618       0x98 ./Middlewares/Third_Party/FatFs/src/ff_gen_drv.o
                0x0000000008007618                FATFS_LinkDriverEx
 .text.FATFS_LinkDriver
                0x00000000080076b0       0x1e ./Middlewares/Third_Party/FatFs/src/ff_gen_drv.o
                0x00000000080076b0                FATFS_LinkDriver
 .text.SVC_Setup
                0x00000000080076ce        0xe ./Middlewares/Third_Party/FreeRTOS/Source/CMSIS_RTOS_V2/cmsis_os2.o
 .text.osKernelInitialize
                0x00000000080076dc       0x68 ./Middlewares/Third_Party/FreeRTOS/Source/CMSIS_RTOS_V2/cmsis_os2.o
                0x00000000080076dc                osKernelInitialize
 .text.osKernelStart
                0x0000000008007744       0x6c ./Middlewares/Third_Party/FreeRTOS/Source/CMSIS_RTOS_V2/cmsis_os2.o
                0x0000000008007744                osKernelStart
 .text.osThreadNew
                0x00000000080077b0      0x14c ./Middlewares/Third_Party/FreeRTOS/Source/CMSIS_RTOS_V2/cmsis_os2.o
                0x00000000080077b0                osThreadNew
 .text.osDelay  0x00000000080078fc       0x5c ./Middlewares/Third_Party/FreeRTOS/Source/CMSIS_RTOS_V2/cmsis_os2.o
                0x00000000080078fc                osDelay
 .text.vApplicationGetIdleTaskMemory
                0x0000000008007958       0x34 ./Middlewares/Third_Party/FreeRTOS/Source/CMSIS_RTOS_V2/cmsis_os2.o
                0x0000000008007958                vApplicationGetIdleTaskMemory
 .text.vApplicationGetTimerTaskMemory
                0x000000000800798c       0x34 ./Middlewares/Third_Party/FreeRTOS/Source/CMSIS_RTOS_V2/cmsis_os2.o
                0x000000000800798c                vApplicationGetTimerTaskMemory
 .text.vListInitialise
                0x00000000080079c0       0x40 ./Middlewares/Third_Party/FreeRTOS/Source/list.o
                0x00000000080079c0                vListInitialise
 .text.vListInitialiseItem
                0x0000000008007a00       0x1a ./Middlewares/Third_Party/FreeRTOS/Source/list.o
                0x0000000008007a00                vListInitialiseItem
 .text.vListInsertEnd
                0x0000000008007a1a       0x48 ./Middlewares/Third_Party/FreeRTOS/Source/list.o
                0x0000000008007a1a                vListInsertEnd
 .text.vListInsert
                0x0000000008007a62       0x72 ./Middlewares/Third_Party/FreeRTOS/Source/list.o
                0x0000000008007a62                vListInsert
 .text.uxListRemove
                0x0000000008007ad4       0x54 ./Middlewares/Third_Party/FreeRTOS/Source/list.o
                0x0000000008007ad4                uxListRemove
 .text.xQueueGenericReset
                0x0000000008007b28       0xd4 ./Middlewares/Third_Party/FreeRTOS/Source/queue.o
                0x0000000008007b28                xQueueGenericReset
 .text.xQueueGenericCreateStatic
                0x0000000008007bfc      0x104 ./Middlewares/Third_Party/FreeRTOS/Source/queue.o
                0x0000000008007bfc                xQueueGenericCreateStatic
 .text.prvInitialiseNewQueue
                0x0000000008007d00       0x46 ./Middlewares/Third_Party/FreeRTOS/Source/queue.o
 *fill*         0x0000000008007d46        0x2 
 .text.xQueueGenericSend
                0x0000000008007d48      0x20c ./Middlewares/Third_Party/FreeRTOS/Source/queue.o
                0x0000000008007d48                xQueueGenericSend
 .text.xQueueGenericSendFromISR
                0x0000000008007f54      0x140 ./Middlewares/Third_Party/FreeRTOS/Source/queue.o
                0x0000000008007f54                xQueueGenericSendFromISR
 .text.xQueueReceive
                0x0000000008008094      0x1cc ./Middlewares/Third_Party/FreeRTOS/Source/queue.o
                0x0000000008008094                xQueueReceive
 .text.prvCopyDataToQueue
                0x0000000008008260       0xd4 ./Middlewares/Third_Party/FreeRTOS/Source/queue.o
 .text.prvCopyDataFromQueue
                0x0000000008008334       0x4c ./Middlewares/Third_Party/FreeRTOS/Source/queue.o
 .text.prvUnlockQueue
                0x0000000008008380       0xa4 ./Middlewares/Third_Party/FreeRTOS/Source/queue.o
 .text.prvIsQueueEmpty
                0x0000000008008424       0x2c ./Middlewares/Third_Party/FreeRTOS/Source/queue.o
 .text.prvIsQueueFull
                0x0000000008008450       0x30 ./Middlewares/Third_Party/FreeRTOS/Source/queue.o
 .text.vQueueAddToRegistry
                0x0000000008008480       0x54 ./Middlewares/Third_Party/FreeRTOS/Source/queue.o
                0x0000000008008480                vQueueAddToRegistry
 .text.vQueueWaitForMessageRestricted
                0x00000000080084d4       0x68 ./Middlewares/Third_Party/FreeRTOS/Source/queue.o
                0x00000000080084d4                vQueueWaitForMessageRestricted
 .text.xTaskCreateStatic
                0x000000000800853c       0xc6 ./Middlewares/Third_Party/FreeRTOS/Source/tasks.o
                0x000000000800853c                xTaskCreateStatic
 .text.xTaskCreate
                0x0000000008008602       0x8a ./Middlewares/Third_Party/FreeRTOS/Source/tasks.o
                0x0000000008008602                xTaskCreate
 .text.prvInitialiseNewTask
                0x000000000800868c      0x150 ./Middlewares/Third_Party/FreeRTOS/Source/tasks.o
 .text.prvAddNewTaskToReadyList
                0x00000000080087dc       0xe0 ./Middlewares/Third_Party/FreeRTOS/Source/tasks.o
 .text.vTaskDelay
                0x00000000080088bc       0x6c ./Middlewares/Third_Party/FreeRTOS/Source/tasks.o
                0x00000000080088bc                vTaskDelay
 .text.vTaskStartScheduler
                0x0000000008008928       0xe8 ./Middlewares/Third_Party/FreeRTOS/Source/tasks.o
                0x0000000008008928                vTaskStartScheduler
 .text.vTaskSuspendAll
                0x0000000008008a10       0x1c ./Middlewares/Third_Party/FreeRTOS/Source/tasks.o
                0x0000000008008a10                vTaskSuspendAll
 .text.xTaskResumeAll
                0x0000000008008a2c      0x140 ./Middlewares/Third_Party/FreeRTOS/Source/tasks.o
                0x0000000008008a2c                xTaskResumeAll
 .text.xTaskGetTickCount
                0x0000000008008b6c       0x20 ./Middlewares/Third_Party/FreeRTOS/Source/tasks.o
                0x0000000008008b6c                xTaskGetTickCount
 .text.xTaskIncrementTick
                0x0000000008008b8c      0x178 ./Middlewares/Third_Party/FreeRTOS/Source/tasks.o
                0x0000000008008b8c                xTaskIncrementTick
 .text.vTaskSwitchContext
                0x0000000008008d04       0xcc ./Middlewares/Third_Party/FreeRTOS/Source/tasks.o
                0x0000000008008d04                vTaskSwitchContext
 .text.vTaskPlaceOnEventList
                0x0000000008008dd0       0x4c ./Middlewares/Third_Party/FreeRTOS/Source/tasks.o
                0x0000000008008dd0                vTaskPlaceOnEventList
 .text.vTaskPlaceOnEventListRestricted
                0x0000000008008e1c       0x5c ./Middlewares/Third_Party/FreeRTOS/Source/tasks.o
                0x0000000008008e1c                vTaskPlaceOnEventListRestricted
 .text.xTaskRemoveFromEventList
                0x0000000008008e78       0xcc ./Middlewares/Third_Party/FreeRTOS/Source/tasks.o
                0x0000000008008e78                xTaskRemoveFromEventList
 .text.vTaskInternalSetTimeOutState
                0x0000000008008f44       0x2c ./Middlewares/Third_Party/FreeRTOS/Source/tasks.o
                0x0000000008008f44                vTaskInternalSetTimeOutState
 .text.xTaskCheckForTimeOut
                0x0000000008008f70       0xcc ./Middlewares/Third_Party/FreeRTOS/Source/tasks.o
                0x0000000008008f70                xTaskCheckForTimeOut
 .text.vTaskMissedYield
                0x000000000800903c       0x18 ./Middlewares/Third_Party/FreeRTOS/Source/tasks.o
                0x000000000800903c                vTaskMissedYield
 .text.prvIdleTask
                0x0000000008009054       0x30 ./Middlewares/Third_Party/FreeRTOS/Source/tasks.o
 .text.prvInitialiseTaskLists
                0x0000000008009084       0x80 ./Middlewares/Third_Party/FreeRTOS/Source/tasks.o
 .text.prvCheckTasksWaitingTermination
                0x0000000008009104       0x5c ./Middlewares/Third_Party/FreeRTOS/Source/tasks.o
 .text.prvDeleteTCB
                0x0000000008009160       0x6c ./Middlewares/Third_Party/FreeRTOS/Source/tasks.o
 .text.prvResetNextTaskUnblockTime
                0x00000000080091cc       0x40 ./Middlewares/Third_Party/FreeRTOS/Source/tasks.o
 .text.xTaskGetSchedulerState
                0x000000000800920c       0x3c ./Middlewares/Third_Party/FreeRTOS/Source/tasks.o
                0x000000000800920c                xTaskGetSchedulerState
 .text.xTaskPriorityDisinherit
                0x0000000008009248       0xe4 ./Middlewares/Third_Party/FreeRTOS/Source/tasks.o
                0x0000000008009248                xTaskPriorityDisinherit
 .text.prvAddCurrentTaskToDelayedList
                0x000000000800932c       0xa8 ./Middlewares/Third_Party/FreeRTOS/Source/tasks.o
 .text.xTimerCreateTimerTask
                0x00000000080093d4       0x94 ./Middlewares/Third_Party/FreeRTOS/Source/timers.o
                0x00000000080093d4                xTimerCreateTimerTask
 .text.xTimerGenericCommand
                0x0000000008009468       0xa0 ./Middlewares/Third_Party/FreeRTOS/Source/timers.o
                0x0000000008009468                xTimerGenericCommand
 .text.prvProcessExpiredTimer
                0x0000000008009508       0x9c ./Middlewares/Third_Party/FreeRTOS/Source/timers.o
 .text.prvTimerTask
                0x00000000080095a4       0x24 ./Middlewares/Third_Party/FreeRTOS/Source/timers.o
 .text.prvProcessTimerOrBlockTask
                0x00000000080095c8       0x9c ./Middlewares/Third_Party/FreeRTOS/Source/timers.o
 .text.prvGetNextExpireTime
                0x0000000008009664       0x48 ./Middlewares/Third_Party/FreeRTOS/Source/timers.o
 .text.prvSampleTimeNow
                0x00000000080096ac       0x40 ./Middlewares/Third_Party/FreeRTOS/Source/timers.o
 .text.prvInsertTimerInActiveList
                0x00000000080096ec       0x84 ./Middlewares/Third_Party/FreeRTOS/Source/timers.o
 .text.prvProcessReceivedCommands
                0x0000000008009770      0x1d0 ./Middlewares/Third_Party/FreeRTOS/Source/timers.o
 .text.prvSwitchTimerLists
                0x0000000008009940       0xcc ./Middlewares/Third_Party/FreeRTOS/Source/timers.o
 .text.prvCheckForValidListAndQueue
                0x0000000008009a0c       0x80 ./Middlewares/Third_Party/FreeRTOS/Source/timers.o
 .text.pxPortInitialiseStack
                0x0000000008009a8c       0x68 ./Middlewares/Third_Party/FreeRTOS/Source/portable/GCC/ARM_CM7/r0p1/port.o
                0x0000000008009a8c                pxPortInitialiseStack
 .text.prvTaskExitError
                0x0000000008009af4       0x60 ./Middlewares/Third_Party/FreeRTOS/Source/portable/GCC/ARM_CM7/r0p1/port.o
 *fill*         0x0000000008009b54        0xc 
 .text.SVC_Handler
                0x0000000008009b60       0x28 ./Middlewares/Third_Party/FreeRTOS/Source/portable/GCC/ARM_CM7/r0p1/port.o
                0x0000000008009b60                SVC_Handler
 .text.prvPortStartFirstTask
                0x0000000008009b88       0x28 ./Middlewares/Third_Party/FreeRTOS/Source/portable/GCC/ARM_CM7/r0p1/port.o
 .text.xPortStartScheduler
                0x0000000008009bb0       0xfc ./Middlewares/Third_Party/FreeRTOS/Source/portable/GCC/ARM_CM7/r0p1/port.o
                0x0000000008009bb0                xPortStartScheduler
 .text.vPortEnterCritical
                0x0000000008009cac       0x68 ./Middlewares/Third_Party/FreeRTOS/Source/portable/GCC/ARM_CM7/r0p1/port.o
                0x0000000008009cac                vPortEnterCritical
 .text.vPortExitCritical
                0x0000000008009d14       0x58 ./Middlewares/Third_Party/FreeRTOS/Source/portable/GCC/ARM_CM7/r0p1/port.o
                0x0000000008009d14                vPortExitCritical
 *fill*         0x0000000008009d6c        0x4 
 .text.PendSV_Handler
                0x0000000008009d70       0x68 ./Middlewares/Third_Party/FreeRTOS/Source/portable/GCC/ARM_CM7/r0p1/port.o
                0x0000000008009d70                PendSV_Handler
 .text.SysTick_Handler
                0x0000000008009dd8       0x48 ./Middlewares/Third_Party/FreeRTOS/Source/portable/GCC/ARM_CM7/r0p1/port.o
                0x0000000008009dd8                SysTick_Handler
 .text.vPortSetupTimerInterrupt
                0x0000000008009e20       0x48 ./Middlewares/Third_Party/FreeRTOS/Source/portable/GCC/ARM_CM7/r0p1/port.o
                0x0000000008009e20                vPortSetupTimerInterrupt
 .text.vPortEnableVFP
                0x0000000008009e68       0x14 ./Middlewares/Third_Party/FreeRTOS/Source/portable/GCC/ARM_CM7/r0p1/port.o
 .text.vPortValidateInterruptPriority
                0x0000000008009e7c       0x88 ./Middlewares/Third_Party/FreeRTOS/Source/portable/GCC/ARM_CM7/r0p1/port.o
                0x0000000008009e7c                vPortValidateInterruptPriority
 .text.pvPortMalloc
                0x0000000008009f04      0x194 ./Middlewares/Third_Party/FreeRTOS/Source/portable/MemMang/heap_4.o
                0x0000000008009f04                pvPortMalloc
 .text.vPortFree
                0x000000000800a098       0xbc ./Middlewares/Third_Party/FreeRTOS/Source/portable/MemMang/heap_4.o
                0x000000000800a098                vPortFree
 .text.prvHeapInit
                0x000000000800a154       0xc4 ./Middlewares/Third_Party/FreeRTOS/Source/portable/MemMang/heap_4.o
 .text.prvInsertBlockIntoFreeList
                0x000000000800a218       0xb4 ./Middlewares/Third_Party/FreeRTOS/Source/portable/MemMang/heap_4.o
 .text.MX_FATFS_Init
                0x000000000800a2cc       0x24 ./Src/fatfs.o
                0x000000000800a2cc                MX_FATFS_Init
 .text.main     0x000000000800a2f0       0x64 ./Src/main.o
                0x000000000800a2f0                main
 .text._Z18SystemClock_Configv
                0x000000000800a354      0x140 ./Src/main.o
                0x000000000800a354                SystemClock_Config()
 .text._ZL12MX_I2C1_Initv
                0x000000000800a494       0x9c ./Src/main.o
 .text._ZL12MX_SPI1_Initv
                0x000000000800a530       0x84 ./Src/main.o
 .text._ZL19MX_USART3_UART_Initv
                0x000000000800a5b4       0x68 ./Src/main.o
 .text._ZL12MX_GPIO_Initv
                0x000000000800a61c      0x1f4 ./Src/main.o
 .text._Z16StartDefaultTaskPv
                0x000000000800a810       0x14 ./Src/main.o
                0x000000000800a810                StartDefaultTask(void*)
 .text._Z11StartTask02Pv
                0x000000000800a824       0x10 ./Src/main.o
                0x000000000800a824                StartTask02(void*)
 .text.HAL_TIM_PeriodElapsedCallback
                0x000000000800a834       0x24 ./Src/main.o
                0x000000000800a834                HAL_TIM_PeriodElapsedCallback
 .text.Error_Handler
                0x000000000800a858        0xa ./Src/main.o
                0x000000000800a858                Error_Handler
 *fill*         0x000000000800a862        0x2 
 .text.HAL_MspInit
                0x000000000800a864       0x50 ./Src/stm32f7xx_hal_msp.o
                0x000000000800a864                HAL_MspInit
 .text.HAL_I2C_MspInit
                0x000000000800a8b4       0x88 ./Src/stm32f7xx_hal_msp.o
                0x000000000800a8b4                HAL_I2C_MspInit
 .text.HAL_SPI_MspInit
                0x000000000800a93c       0xc4 ./Src/stm32f7xx_hal_msp.o
                0x000000000800a93c                HAL_SPI_MspInit
 .text.HAL_UART_MspInit
                0x000000000800aa00       0x98 ./Src/stm32f7xx_hal_msp.o
                0x000000000800aa00                HAL_UART_MspInit
 .text.HAL_InitTick
                0x000000000800aa98       0xb0 ./Src/stm32f7xx_hal_timebase_tim.o
                0x000000000800aa98                HAL_InitTick
 .text.NMI_Handler
                0x000000000800ab48        0x6 ./Src/stm32f7xx_it.o
                0x000000000800ab48                NMI_Handler
 .text.HardFault_Handler
                0x000000000800ab4e        0x6 ./Src/stm32f7xx_it.o
                0x000000000800ab4e                HardFault_Handler
 .text.MemManage_Handler
                0x000000000800ab54        0x6 ./Src/stm32f7xx_it.o
                0x000000000800ab54                MemManage_Handler
 .text.BusFault_Handler
                0x000000000800ab5a        0x6 ./Src/stm32f7xx_it.o
                0x000000000800ab5a                BusFault_Handler
 .text.UsageFault_Handler
                0x000000000800ab60        0x6 ./Src/stm32f7xx_it.o
                0x000000000800ab60                UsageFault_Handler
 .text.DebugMon_Handler
                0x000000000800ab66        0xe ./Src/stm32f7xx_it.o
                0x000000000800ab66                DebugMon_Handler
 .text.USART3_IRQHandler
                0x000000000800ab74       0x14 ./Src/stm32f7xx_it.o
                0x000000000800ab74                USART3_IRQHandler
 .text.TIM8_TRG_COM_TIM14_IRQHandler
                0x000000000800ab88       0x14 ./Src/stm32f7xx_it.o
                0x000000000800ab88                TIM8_TRG_COM_TIM14_IRQHandler
 .text.OTG_FS_IRQHandler
                0x000000000800ab9c       0x14 ./Src/stm32f7xx_it.o
                0x000000000800ab9c                OTG_FS_IRQHandler
 .text._sbrk    0x000000000800abb0       0x6c ./Src/sysmem.o
                0x000000000800abb0                _sbrk
 .text.SystemInit
                0x000000000800ac1c       0x24 ./Src/system_stm32f7xx.o
                0x000000000800ac1c                SystemInit
 .text.MX_USB_DEVICE_Init
                0x000000000800ac40       0x60 ./Src/usb_device.o
                0x000000000800ac40                MX_USB_DEVICE_Init
 .text.CDC_Init_FS
                0x000000000800aca0       0x28 ./Src/usbd_cdc_if.o
 .text.CDC_DeInit_FS
                0x000000000800acc8       0x10 ./Src/usbd_cdc_if.o
 .text.CDC_Control_FS
                0x000000000800acd8       0xbc ./Src/usbd_cdc_if.o
 .text.CDC_Receive_FS
                0x000000000800ad94       0x28 ./Src/usbd_cdc_if.o
 .text.CDC_TransmitCplt_FS
                0x000000000800adbc       0x22 ./Src/usbd_cdc_if.o
 *fill*         0x000000000800adde        0x2 
 .text.HAL_PCD_MspInit
                0x000000000800ade0       0xc8 ./Src/usbd_conf.o
                0x000000000800ade0                HAL_PCD_MspInit
 .text.HAL_PCD_SetupStageCallback
                0x000000000800aea8       0x24 ./Src/usbd_conf.o
                0x000000000800aea8                HAL_PCD_SetupStageCallback
 .text.HAL_PCD_DataOutStageCallback
                0x000000000800aecc       0x36 ./Src/usbd_conf.o
                0x000000000800aecc                HAL_PCD_DataOutStageCallback
 .text.HAL_PCD_DataInStageCallback
                0x000000000800af02       0x34 ./Src/usbd_conf.o
                0x000000000800af02                HAL_PCD_DataInStageCallback
 .text.HAL_PCD_SOFCallback
                0x000000000800af36       0x1c ./Src/usbd_conf.o
                0x000000000800af36                HAL_PCD_SOFCallback
 .text.HAL_PCD_ResetCallback
                0x000000000800af52       0x50 ./Src/usbd_conf.o
                0x000000000800af52                HAL_PCD_ResetCallback
 *fill*         0x000000000800afa2        0x2 
 .text.HAL_PCD_SuspendCallback
                0x000000000800afa4       0x4c ./Src/usbd_conf.o
                0x000000000800afa4                HAL_PCD_SuspendCallback
 .text.HAL_PCD_ResumeCallback
                0x000000000800aff0       0x1c ./Src/usbd_conf.o
                0x000000000800aff0                HAL_PCD_ResumeCallback
 .text.HAL_PCD_ISOOUTIncompleteCallback
                0x000000000800b00c       0x24 ./Src/usbd_conf.o
                0x000000000800b00c                HAL_PCD_ISOOUTIncompleteCallback
 .text.HAL_PCD_ISOINIncompleteCallback
                0x000000000800b030       0x24 ./Src/usbd_conf.o
                0x000000000800b030                HAL_PCD_ISOINIncompleteCallback
 .text.HAL_PCD_ConnectCallback
                0x000000000800b054       0x1c ./Src/usbd_conf.o
                0x000000000800b054                HAL_PCD_ConnectCallback
 .text.HAL_PCD_DisconnectCallback
                0x000000000800b070       0x1c ./Src/usbd_conf.o
                0x000000000800b070                HAL_PCD_DisconnectCallback
 .text.USBD_LL_Init
                0x000000000800b08c       0x98 ./Src/usbd_conf.o
                0x000000000800b08c                USBD_LL_Init
 .text.USBD_LL_Start
                0x000000000800b124       0x36 ./Src/usbd_conf.o
                0x000000000800b124                USBD_LL_Start
 .text.USBD_LL_OpenEP
                0x000000000800b15a       0x4c ./Src/usbd_conf.o
                0x000000000800b15a                USBD_LL_OpenEP
 .text.USBD_LL_CloseEP
                0x000000000800b1a6       0x3e ./Src/usbd_conf.o
                0x000000000800b1a6                USBD_LL_CloseEP
 .text.USBD_LL_StallEP
                0x000000000800b1e4       0x3e ./Src/usbd_conf.o
                0x000000000800b1e4                USBD_LL_StallEP
 .text.USBD_LL_ClearStallEP
                0x000000000800b222       0x3e ./Src/usbd_conf.o
                0x000000000800b222                USBD_LL_ClearStallEP
 .text.USBD_LL_IsStallEP
                0x000000000800b260       0x58 ./Src/usbd_conf.o
                0x000000000800b260                USBD_LL_IsStallEP
 .text.USBD_LL_SetUSBAddress
                0x000000000800b2b8       0x3e ./Src/usbd_conf.o
                0x000000000800b2b8                USBD_LL_SetUSBAddress
 .text.USBD_LL_Transmit
                0x000000000800b2f6       0x42 ./Src/usbd_conf.o
                0x000000000800b2f6                USBD_LL_Transmit
 .text.USBD_LL_PrepareReceive
                0x000000000800b338       0x42 ./Src/usbd_conf.o
                0x000000000800b338                USBD_LL_PrepareReceive
 .text.USBD_LL_GetRxDataSize
                0x000000000800b37a       0x26 ./Src/usbd_conf.o
                0x000000000800b37a                USBD_LL_GetRxDataSize
 .text.HAL_PCDEx_LPM_Callback
                0x000000000800b3a0       0x9c ./Src/usbd_conf.o
                0x000000000800b3a0                HAL_PCDEx_LPM_Callback
 .text.SystemClockConfig_Resume
                0x000000000800b43c        0xe ./Src/usbd_conf.o
 *fill*         0x000000000800b44a        0x2 
 .text.USBD_Get_USB_Status
                0x000000000800b44c       0x58 ./Src/usbd_conf.o
                0x000000000800b44c                USBD_Get_USB_Status
 .text.USBD_FS_DeviceDescriptor
                0x000000000800b4a4       0x24 ./Src/usbd_desc.o
                0x000000000800b4a4                USBD_FS_DeviceDescriptor
 .text.USBD_FS_LangIDStrDescriptor
                0x000000000800b4c8       0x24 ./Src/usbd_desc.o
                0x000000000800b4c8                USBD_FS_LangIDStrDescriptor
 .text.USBD_FS_ProductStrDescriptor
                0x000000000800b4ec       0x3c ./Src/usbd_desc.o
                0x000000000800b4ec                USBD_FS_ProductStrDescriptor
 .text.USBD_FS_ManufacturerStrDescriptor
                0x000000000800b528       0x28 ./Src/usbd_desc.o
                0x000000000800b528                USBD_FS_ManufacturerStrDescriptor
 .text.USBD_FS_SerialStrDescriptor
                0x000000000800b550       0x24 ./Src/usbd_desc.o
                0x000000000800b550                USBD_FS_SerialStrDescriptor
 .text.USBD_FS_ConfigStrDescriptor
                0x000000000800b574       0x3c ./Src/usbd_desc.o
                0x000000000800b574                USBD_FS_ConfigStrDescriptor
 .text.USBD_FS_InterfaceStrDescriptor
                0x000000000800b5b0       0x3c ./Src/usbd_desc.o
                0x000000000800b5b0                USBD_FS_InterfaceStrDescriptor
 .text.USBD_FS_USR_BOSDescriptor
                0x000000000800b5ec       0x24 ./Src/usbd_desc.o
                0x000000000800b5ec                USBD_FS_USR_BOSDescriptor
 .text.Get_SerialNum
                0x000000000800b610       0x58 ./Src/usbd_desc.o
 .text.IntToUnicode
                0x000000000800b668       0x7e ./Src/usbd_desc.o
 *fill*         0x000000000800b6e6        0x2 
 .text.USER_initialize
                0x000000000800b6e8       0x28 ./Src/user_diskio.o
                0x000000000800b6e8                USER_initialize
 .text.USER_status
                0x000000000800b710       0x28 ./Src/user_diskio.o
                0x000000000800b710                USER_status
 .text.USER_read
                0x000000000800b738       0x1e ./Src/user_diskio.o
                0x000000000800b738                USER_read
 .text.USER_write
                0x000000000800b756       0x1e ./Src/user_diskio.o
                0x000000000800b756                USER_write
 .text.USER_ioctl
                0x000000000800b774       0x22 ./Src/user_diskio.o
                0x000000000800b774                USER_ioctl
 *fill*         0x000000000800b796        0x2 
 .text.Reset_Handler
                0x000000000800b798       0x50 ./Startup/startup_stm32f746zgtx.o
                0x000000000800b798                Reset_Handler
 .text.Default_Handler
                0x000000000800b7e8        0x2 ./Startup/startup_stm32f746zgtx.o
                0x000000000800b7e8                RTC_Alarm_IRQHandler
                0x000000000800b7e8                EXTI2_IRQHandler
                0x000000000800b7e8                TIM8_CC_IRQHandler
                0x000000000800b7e8                UART8_IRQHandler
                0x000000000800b7e8                SPI4_IRQHandler
                0x000000000800b7e8                TIM1_CC_IRQHandler
                0x000000000800b7e8                DMA2_Stream5_IRQHandler
                0x000000000800b7e8                DMA1_Stream5_IRQHandler
                0x000000000800b7e8                PVD_IRQHandler
                0x000000000800b7e8                TAMP_STAMP_IRQHandler
                0x000000000800b7e8                CAN2_RX1_IRQHandler
                0x000000000800b7e8                EXTI3_IRQHandler
                0x000000000800b7e8                TIM1_UP_TIM10_IRQHandler
                0x000000000800b7e8                TIM8_UP_TIM13_IRQHandler
                0x000000000800b7e8                I2C3_ER_IRQHandler
                0x000000000800b7e8                EXTI0_IRQHandler
                0x000000000800b7e8                I2C2_EV_IRQHandler
                0x000000000800b7e8                DMA1_Stream2_IRQHandler
                0x000000000800b7e8                CAN1_RX0_IRQHandler
                0x000000000800b7e8                FPU_IRQHandler
                0x000000000800b7e8                OTG_HS_WKUP_IRQHandler
                0x000000000800b7e8                LTDC_ER_IRQHandler
                0x000000000800b7e8                CAN2_SCE_IRQHandler
                0x000000000800b7e8                DMA2_Stream2_IRQHandler
                0x000000000800b7e8                SPI1_IRQHandler
                0x000000000800b7e8                TIM6_DAC_IRQHandler
                0x000000000800b7e8                TIM1_BRK_TIM9_IRQHandler
                0x000000000800b7e8                DCMI_IRQHandler
                0x000000000800b7e8                CAN2_RX0_IRQHandler
                0x000000000800b7e8                DMA2_Stream3_IRQHandler
                0x000000000800b7e8                SAI2_IRQHandler
                0x000000000800b7e8                USART6_IRQHandler
                0x000000000800b7e8                CAN1_RX1_IRQHandler
                0x000000000800b7e8                UART5_IRQHandler
                0x000000000800b7e8                DMA2_Stream0_IRQHandler
                0x000000000800b7e8                TIM4_IRQHandler
                0x000000000800b7e8                QUADSPI_IRQHandler
                0x000000000800b7e8                I2C1_EV_IRQHandler
                0x000000000800b7e8                DMA1_Stream6_IRQHandler
                0x000000000800b7e8                DMA1_Stream1_IRQHandler
                0x000000000800b7e8                UART4_IRQHandler
                0x000000000800b7e8                TIM3_IRQHandler
                0x000000000800b7e8                RCC_IRQHandler
                0x000000000800b7e8                TIM8_BRK_TIM12_IRQHandler
                0x000000000800b7e8                Default_Handler
                0x000000000800b7e8                CEC_IRQHandler
                0x000000000800b7e8                EXTI15_10_IRQHandler
                0x000000000800b7e8                ADC_IRQHandler
                0x000000000800b7e8                DMA1_Stream7_IRQHandler
                0x000000000800b7e8                SPI5_IRQHandler
                0x000000000800b7e8                TIM7_IRQHandler
                0x000000000800b7e8                SDMMC1_IRQHandler
                0x000000000800b7e8                CAN2_TX_IRQHandler
                0x000000000800b7e8                TIM5_IRQHandler
                0x000000000800b7e8                DMA2_Stream7_IRQHandler
                0x000000000800b7e8                I2C3_EV_IRQHandler
                0x000000000800b7e8                EXTI9_5_IRQHandler
                0x000000000800b7e8                RTC_WKUP_IRQHandler
                0x000000000800b7e8                LTDC_IRQHandler
                0x000000000800b7e8                ETH_WKUP_IRQHandler
                0x000000000800b7e8                SPDIF_RX_IRQHandler
                0x000000000800b7e8                SPI2_IRQHandler
                0x000000000800b7e8                OTG_HS_EP1_IN_IRQHandler
                0x000000000800b7e8                DMA1_Stream0_IRQHandler
                0x000000000800b7e8                CAN1_TX_IRQHandler
                0x000000000800b7e8                EXTI4_IRQHandler
                0x000000000800b7e8                RNG_IRQHandler
                0x000000000800b7e8                ETH_IRQHandler
                0x000000000800b7e8                OTG_HS_EP1_OUT_IRQHandler
                0x000000000800b7e8                WWDG_IRQHandler
                0x000000000800b7e8                SPI6_IRQHandler
                0x000000000800b7e8                I2C4_EV_IRQHandler
                0x000000000800b7e8                TIM2_IRQHandler
                0x000000000800b7e8                OTG_FS_WKUP_IRQHandler
                0x000000000800b7e8                TIM1_TRG_COM_TIM11_IRQHandler
                0x000000000800b7e8                OTG_HS_IRQHandler
                0x000000000800b7e8                DMA2D_IRQHandler
                0x000000000800b7e8                EXTI1_IRQHandler
                0x000000000800b7e8                UART7_IRQHandler
                0x000000000800b7e8                USART2_IRQHandler
                0x000000000800b7e8                I2C2_ER_IRQHandler
                0x000000000800b7e8                DMA2_Stream1_IRQHandler
                0x000000000800b7e8                CAN1_SCE_IRQHandler
                0x000000000800b7e8                FLASH_IRQHandler
                0x000000000800b7e8                DMA2_Stream4_IRQHandler
                0x000000000800b7e8                USART1_IRQHandler
                0x000000000800b7e8                SPI3_IRQHandler
                0x000000000800b7e8                DMA1_Stream4_IRQHandler
                0x000000000800b7e8                I2C1_ER_IRQHandler
                0x000000000800b7e8                FMC_IRQHandler
                0x000000000800b7e8                LPTIM1_IRQHandler
                0x000000000800b7e8                I2C4_ER_IRQHandler
                0x000000000800b7e8                DMA2_Stream6_IRQHandler
                0x000000000800b7e8                SAI1_IRQHandler
                0x000000000800b7e8                DMA1_Stream3_IRQHandler
 .text.stm32_lock_acquire
                0x000000000800b7ea       0x64 ./ThreadSafe/newlib_lock_glue.o
 .text.stm32_lock_release
                0x000000000800b84e       0x54 ./ThreadSafe/newlib_lock_glue.o
 .text.__retarget_lock_acquire_recursive
                0x000000000800b8a2       0x28 ./ThreadSafe/newlib_lock_glue.o
                0x000000000800b8a2                __retarget_lock_acquire_recursive
 .text.__retarget_lock_release_recursive
                0x000000000800b8ca       0x28 ./ThreadSafe/newlib_lock_glue.o
                0x000000000800b8ca                __retarget_lock_release_recursive
 *fill*         0x000000000800b8f2        0x2 
 .text.__errno  0x000000000800b8f4        0xc c:/st/stm32cubeide_1.0.2/stm32cubeide/plugins/com.st.stm32cube.ide.mcu.externaltools.gnu-tools-for-stm32.9-2020-q2-update.win32_2.0.0.202105311346/tools/bin/../lib/gcc/arm-none-eabi/9.3.1/../../../../arm-none-eabi/lib/thumb/v7e-m+fp/hard\libc_nano.a(lib_a-errno.o)
                0x000000000800b8f4                __errno
 .text.__libc_init_array
                0x000000000800b900       0x48 c:/st/stm32cubeide_1.0.2/stm32cubeide/plugins/com.st.stm32cube.ide.mcu.externaltools.gnu-tools-for-stm32.9-2020-q2-update.win32_2.0.0.202105311346/tools/bin/../lib/gcc/arm-none-eabi/9.3.1/../../../../arm-none-eabi/lib/thumb/v7e-m+fp/hard\libc_nano.a(lib_a-init.o)
                0x000000000800b900                __libc_init_array
 .text.malloc   0x000000000800b948       0x10 c:/st/stm32cubeide_1.0.2/stm32cubeide/plugins/com.st.stm32cube.ide.mcu.externaltools.gnu-tools-for-stm32.9-2020-q2-update.win32_2.0.0.202105311346/tools/bin/../lib/gcc/arm-none-eabi/9.3.1/../../../../arm-none-eabi/lib/thumb/v7e-m+fp/hard\libc_nano.a(lib_a-malloc.o)
                0x000000000800b948                malloc
 .text.free     0x000000000800b958       0x10 c:/st/stm32cubeide_1.0.2/stm32cubeide/plugins/com.st.stm32cube.ide.mcu.externaltools.gnu-tools-for-stm32.9-2020-q2-update.win32_2.0.0.202105311346/tools/bin/../lib/gcc/arm-none-eabi/9.3.1/../../../../arm-none-eabi/lib/thumb/v7e-m+fp/hard\libc_nano.a(lib_a-malloc.o)
                0x000000000800b958                free
 .text.memcpy   0x000000000800b968       0x1c c:/st/stm32cubeide_1.0.2/stm32cubeide/plugins/com.st.stm32cube.ide.mcu.externaltools.gnu-tools-for-stm32.9-2020-q2-update.win32_2.0.0.202105311346/tools/bin/../lib/gcc/arm-none-eabi/9.3.1/../../../../arm-none-eabi/lib/thumb/v7e-m+fp/hard\libc_nano.a(lib_a-memcpy-stub.o)
                0x000000000800b968                memcpy
 .text.memset   0x000000000800b984       0x10 c:/st/stm32cubeide_1.0.2/stm32cubeide/plugins/com.st.stm32cube.ide.mcu.externaltools.gnu-tools-for-stm32.9-2020-q2-update.win32_2.0.0.202105311346/tools/bin/../lib/gcc/arm-none-eabi/9.3.1/../../../../arm-none-eabi/lib/thumb/v7e-m+fp/hard\libc_nano.a(lib_a-memset.o)
                0x000000000800b984                memset
 .text._free_r  0x000000000800b994       0xa0 c:/st/stm32cubeide_1.0.2/stm32cubeide/plugins/com.st.stm32cube.ide.mcu.externaltools.gnu-tools-for-stm32.9-2020-q2-update.win32_2.0.0.202105311346/tools/bin/../lib/gcc/arm-none-eabi/9.3.1/../../../../arm-none-eabi/lib/thumb/v7e-m+fp/hard\libc_nano.a(lib_a-nano-freer.o)
                0x000000000800b994                _free_r
 .text._malloc_r
                0x000000000800ba34       0xb4 c:/st/stm32cubeide_1.0.2/stm32cubeide/plugins/com.st.stm32cube.ide.mcu.externaltools.gnu-tools-for-stm32.9-2020-q2-update.win32_2.0.0.202105311346/tools/bin/../lib/gcc/arm-none-eabi/9.3.1/../../../../arm-none-eabi/lib/thumb/v7e-m+fp/hard\libc_nano.a(lib_a-nano-mallocr.o)
                0x000000000800ba34                _malloc_r
 .text.cleanup_glue
                0x000000000800bae8       0x1a c:/st/stm32cubeide_1.0.2/stm32cubeide/plugins/com.st.stm32cube.ide.mcu.externaltools.gnu-tools-for-stm32.9-2020-q2-update.win32_2.0.0.202105311346/tools/bin/../lib/gcc/arm-none-eabi/9.3.1/../../../../arm-none-eabi/lib/thumb/v7e-m+fp/hard\libc_nano.a(lib_a-reent.o)
                0x000000000800bae8                cleanup_glue
 *fill*         0x000000000800bb02        0x2 
 .text._reclaim_reent
                0x000000000800bb04       0xb8 c:/st/stm32cubeide_1.0.2/stm32cubeide/plugins/com.st.stm32cube.ide.mcu.externaltools.gnu-tools-for-stm32.9-2020-q2-update.win32_2.0.0.202105311346/tools/bin/../lib/gcc/arm-none-eabi/9.3.1/../../../../arm-none-eabi/lib/thumb/v7e-m+fp/hard\libc_nano.a(lib_a-reent.o)
                0x000000000800bb04                _reclaim_reent
 .text._sbrk_r  0x000000000800bbbc       0x20 c:/st/stm32cubeide_1.0.2/stm32cubeide/plugins/com.st.stm32cube.ide.mcu.externaltools.gnu-tools-for-stm32.9-2020-q2-update.win32_2.0.0.202105311346/tools/bin/../lib/gcc/arm-none-eabi/9.3.1/../../../../arm-none-eabi/lib/thumb/v7e-m+fp/hard\libc_nano.a(lib_a-sbrkr.o)
                0x000000000800bbbc                _sbrk_r
 .text.__malloc_lock
                0x000000000800bbdc        0xc c:/st/stm32cubeide_1.0.2/stm32cubeide/plugins/com.st.stm32cube.ide.mcu.externaltools.gnu-tools-for-stm32.9-2020-q2-update.win32_2.0.0.202105311346/tools/bin/../lib/gcc/arm-none-eabi/9.3.1/../../../../arm-none-eabi/lib/thumb/v7e-m+fp/hard\libc_nano.a(lib_a-mlock.o)
                0x000000000800bbdc                __malloc_lock
 .text.__malloc_unlock
                0x000000000800bbe8        0xc c:/st/stm32cubeide_1.0.2/stm32cubeide/plugins/com.st.stm32cube.ide.mcu.externaltools.gnu-tools-for-stm32.9-2020-q2-update.win32_2.0.0.202105311346/tools/bin/../lib/gcc/arm-none-eabi/9.3.1/../../../../arm-none-eabi/lib/thumb/v7e-m+fp/hard\libc_nano.a(lib_a-mlock.o)
                0x000000000800bbe8                __malloc_unlock
 *(.glue_7)
 .glue_7        0x000000000800bbf4        0x0 linker stubs
 *(.glue_7t)
 .glue_7t       0x000000000800bbf4        0x0 linker stubs
 *(.eh_frame)
 .eh_frame      0x000000000800bbf4        0x0 c:/st/stm32cubeide_1.0.2/stm32cubeide/plugins/com.st.stm32cube.ide.mcu.externaltools.gnu-tools-for-stm32.9-2020-q2-update.win32_2.0.0.202105311346/tools/bin/../lib/gcc/arm-none-eabi/9.3.1/thumb/v7e-m+fp/hard/crtbegin.o
 *(.init)
 .init          0x000000000800bbf4        0x4 c:/st/stm32cubeide_1.0.2/stm32cubeide/plugins/com.st.stm32cube.ide.mcu.externaltools.gnu-tools-for-stm32.9-2020-q2-update.win32_2.0.0.202105311346/tools/bin/../lib/gcc/arm-none-eabi/9.3.1/thumb/v7e-m+fp/hard/crti.o
                0x000000000800bbf4                _init
 .init          0x000000000800bbf8        0x8 c:/st/stm32cubeide_1.0.2/stm32cubeide/plugins/com.st.stm32cube.ide.mcu.externaltools.gnu-tools-for-stm32.9-2020-q2-update.win32_2.0.0.202105311346/tools/bin/../lib/gcc/arm-none-eabi/9.3.1/thumb/v7e-m+fp/hard/crtn.o
 *(.fini)
 .fini          0x000000000800bc00        0x4 c:/st/stm32cubeide_1.0.2/stm32cubeide/plugins/com.st.stm32cube.ide.mcu.externaltools.gnu-tools-for-stm32.9-2020-q2-update.win32_2.0.0.202105311346/tools/bin/../lib/gcc/arm-none-eabi/9.3.1/thumb/v7e-m+fp/hard/crti.o
                0x000000000800bc00                _fini
 .fini          0x000000000800bc04        0x8 c:/st/stm32cubeide_1.0.2/stm32cubeide/plugins/com.st.stm32cube.ide.mcu.externaltools.gnu-tools-for-stm32.9-2020-q2-update.win32_2.0.0.202105311346/tools/bin/../lib/gcc/arm-none-eabi/9.3.1/thumb/v7e-m+fp/hard/crtn.o
                0x000000000800bc0c                . = ALIGN (0x4)
                0x000000000800bc0c                _etext = .

.vfp11_veneer   0x000000000800bc0c        0x0
 .vfp11_veneer  0x000000000800bc0c        0x0 linker stubs

.v4_bx          0x000000000800bc0c        0x0
 .v4_bx         0x000000000800bc0c        0x0 linker stubs

.iplt           0x000000000800bc0c        0x0
 .iplt          0x000000000800bc0c        0x0 c:/st/stm32cubeide_1.0.2/stm32cubeide/plugins/com.st.stm32cube.ide.mcu.externaltools.gnu-tools-for-stm32.9-2020-q2-update.win32_2.0.0.202105311346/tools/bin/../lib/gcc/arm-none-eabi/9.3.1/thumb/v7e-m+fp/hard/crtbegin.o

.rodata         0x000000000800bc0c      0x138
                0x000000000800bc0c                . = ALIGN (0x4)
 *(.rodata)
 .rodata        0x000000000800bc0c        0x5 ./Middlewares/Third_Party/FreeRTOS/Source/tasks.o
 *fill*         0x000000000800bc11        0x3 
 .rodata        0x000000000800bc14        0xd ./Middlewares/Third_Party/FreeRTOS/Source/timers.o
 *fill*         0x000000000800bc21        0x3 
 .rodata        0x000000000800bc24       0x17 ./Src/main.o
 *fill*         0x000000000800bc3b        0x1 
 .rodata        0x000000000800bc3c       0x46 ./Src/usbd_desc.o
 *(.rodata*)
 *fill*         0x000000000800bc82        0x2 
 .rodata._ZL21blinkLED01_attributes
                0x000000000800bc84       0x24 ./Src/main.o
 .rodata._ZL21blinkLED02_attributes
                0x000000000800bca8       0x24 ./Src/main.o
 .rodata.AHBPrescTable
                0x000000000800bccc       0x10 ./Src/system_stm32f7xx.o
                0x000000000800bccc                AHBPrescTable
 .rodata.APBPrescTable
                0x000000000800bcdc        0x8 ./Src/system_stm32f7xx.o
                0x000000000800bcdc                APBPrescTable
 .rodata.__sf_fake_stderr
                0x000000000800bce4       0x20 c:/st/stm32cubeide_1.0.2/stm32cubeide/plugins/com.st.stm32cube.ide.mcu.externaltools.gnu-tools-for-stm32.9-2020-q2-update.win32_2.0.0.202105311346/tools/bin/../lib/gcc/arm-none-eabi/9.3.1/../../../../arm-none-eabi/lib/thumb/v7e-m+fp/hard\libc_nano.a(lib_a-findfp.o)
                0x000000000800bce4                __sf_fake_stderr
 .rodata.__sf_fake_stdin
                0x000000000800bd04       0x20 c:/st/stm32cubeide_1.0.2/stm32cubeide/plugins/com.st.stm32cube.ide.mcu.externaltools.gnu-tools-for-stm32.9-2020-q2-update.win32_2.0.0.202105311346/tools/bin/../lib/gcc/arm-none-eabi/9.3.1/../../../../arm-none-eabi/lib/thumb/v7e-m+fp/hard\libc_nano.a(lib_a-findfp.o)
                0x000000000800bd04                __sf_fake_stdin
 .rodata.__sf_fake_stdout
                0x000000000800bd24       0x20 c:/st/stm32cubeide_1.0.2/stm32cubeide/plugins/com.st.stm32cube.ide.mcu.externaltools.gnu-tools-for-stm32.9-2020-q2-update.win32_2.0.0.202105311346/tools/bin/../lib/gcc/arm-none-eabi/9.3.1/../../../../arm-none-eabi/lib/thumb/v7e-m+fp/hard\libc_nano.a(lib_a-findfp.o)
                0x000000000800bd24                __sf_fake_stdout
                0x000000000800bd44                . = ALIGN (0x4)

.ARM.extab      0x000000000800bd44        0x0
                0x000000000800bd44                . = ALIGN (0x4)
 *(.ARM.extab* .gnu.linkonce.armextab.*)
                0x000000000800bd44                . = ALIGN (0x4)

.ARM            0x000000000800bd44        0x8
                0x000000000800bd44                . = ALIGN (0x4)
                0x000000000800bd44                __exidx_start = .
 *(.ARM.exidx*)
 .ARM.exidx     0x000000000800bd44        0x8 c:/st/stm32cubeide_1.0.2/stm32cubeide/plugins/com.st.stm32cube.ide.mcu.externaltools.gnu-tools-for-stm32.9-2020-q2-update.win32_2.0.0.202105311346/tools/bin/../lib/gcc/arm-none-eabi/9.3.1/thumb/v7e-m+fp/hard\libgcc.a(_udivmoddi4.o)
                0x000000000800bd4c                __exidx_end = .
                0x000000000800bd4c                . = ALIGN (0x4)

.rel.dyn        0x000000000800bd4c        0x0
 .rel.iplt      0x000000000800bd4c        0x0 c:/st/stm32cubeide_1.0.2/stm32cubeide/plugins/com.st.stm32cube.ide.mcu.externaltools.gnu-tools-for-stm32.9-2020-q2-update.win32_2.0.0.202105311346/tools/bin/../lib/gcc/arm-none-eabi/9.3.1/thumb/v7e-m+fp/hard/crtbegin.o

.preinit_array  0x000000000800bd4c        0x0
                0x000000000800bd4c                . = ALIGN (0x4)
                0x000000000800bd4c                PROVIDE (__preinit_array_start = .)
 *(.preinit_array*)
                0x000000000800bd4c                PROVIDE (__preinit_array_end = .)
                0x000000000800bd4c                . = ALIGN (0x4)

.init_array     0x000000000800bd4c        0x4
                0x000000000800bd4c                . = ALIGN (0x4)
                0x000000000800bd4c                PROVIDE (__init_array_start = .)
 *(SORT_BY_NAME(.init_array.*))
 *(.init_array*)
 .init_array    0x000000000800bd4c        0x4 c:/st/stm32cubeide_1.0.2/stm32cubeide/plugins/com.st.stm32cube.ide.mcu.externaltools.gnu-tools-for-stm32.9-2020-q2-update.win32_2.0.0.202105311346/tools/bin/../lib/gcc/arm-none-eabi/9.3.1/thumb/v7e-m+fp/hard/crtbegin.o
                0x000000000800bd50                PROVIDE (__init_array_end = .)
                0x000000000800bd50                . = ALIGN (0x4)

.fini_array     0x000000000800bd50        0x4
                0x000000000800bd50                . = ALIGN (0x4)
                [!provide]                        PROVIDE (__fini_array_start = .)
 *(SORT_BY_NAME(.fini_array.*))
 *(.fini_array*)
 .fini_array    0x000000000800bd50        0x4 c:/st/stm32cubeide_1.0.2/stm32cubeide/plugins/com.st.stm32cube.ide.mcu.externaltools.gnu-tools-for-stm32.9-2020-q2-update.win32_2.0.0.202105311346/tools/bin/../lib/gcc/arm-none-eabi/9.3.1/thumb/v7e-m+fp/hard/crtbegin.o
                [!provide]                        PROVIDE (__fini_array_end = .)
                0x000000000800bd54                . = ALIGN (0x4)
                0x000000000800bd54                _sidata = LOADADDR (.data)

.data           0x0000000020000000      0x20c load address 0x000000000800bd54
                0x0000000020000000                . = ALIGN (0x4)
                0x0000000020000000                _sdata = .
 *(.data)
 *(.data*)
 .data.uwTickPrio
                0x0000000020000000        0x4 ./Drivers/STM32F7xx_HAL_Driver/Src/stm32f7xx_hal.o
                0x0000000020000000                uwTickPrio
 .data.uwTickFreq
                0x0000000020000004        0x1 ./Drivers/STM32F7xx_HAL_Driver/Src/stm32f7xx_hal.o
                0x0000000020000004                uwTickFreq
 *fill*         0x0000000020000005        0x3 
 .data.USBD_CDC_DeviceQualifierDesc
                0x0000000020000008        0xa ./Middlewares/ST/STM32_USB_Device_Library/Class/CDC/Src/usbd_cdc.o
 *fill*         0x0000000020000012        0x2 
 .data.USBD_CDC
                0x0000000020000014       0x38 ./Middlewares/ST/STM32_USB_Device_Library/Class/CDC/Src/usbd_cdc.o
                0x0000000020000014                USBD_CDC
 .data.USBD_CDC_CfgHSDesc
                0x000000002000004c       0x43 ./Middlewares/ST/STM32_USB_Device_Library/Class/CDC/Src/usbd_cdc.o
 *fill*         0x000000002000008f        0x1 
 .data.USBD_CDC_CfgFSDesc
                0x0000000020000090       0x43 ./Middlewares/ST/STM32_USB_Device_Library/Class/CDC/Src/usbd_cdc.o
 *fill*         0x00000000200000d3        0x1 
 .data.USBD_CDC_OtherSpeedCfgDesc
                0x00000000200000d4       0x43 ./Middlewares/ST/STM32_USB_Device_Library/Class/CDC/Src/usbd_cdc.o
 *fill*         0x0000000020000117        0x1 
 .data.uxCriticalNesting
                0x0000000020000118        0x4 ./Middlewares/Third_Party/FreeRTOS/Source/portable/GCC/ARM_CM7/r0p1/port.o
 .data.SystemCoreClock
                0x000000002000011c        0x4 ./Src/system_stm32f7xx.o
                0x000000002000011c                SystemCoreClock
 .data.USBD_Interface_fops_FS
                0x0000000020000120       0x14 ./Src/usbd_cdc_if.o
                0x0000000020000120                USBD_Interface_fops_FS
 .data.FS_Desc  0x0000000020000134       0x20 ./Src/usbd_desc.o
                0x0000000020000134                FS_Desc
 .data.USBD_FS_DeviceDesc
                0x0000000020000154       0x12 ./Src/usbd_desc.o
                0x0000000020000154                USBD_FS_DeviceDesc
 *fill*         0x0000000020000166        0x2 
 .data.USBD_FS_BOSDesc
                0x0000000020000168        0xc ./Src/usbd_desc.o
                0x0000000020000168                USBD_FS_BOSDesc
 .data.USBD_LangIDDesc
                0x0000000020000174        0x4 ./Src/usbd_desc.o
                0x0000000020000174                USBD_LangIDDesc
 .data.USBD_StringSerial
                0x0000000020000178       0x1a ./Src/usbd_desc.o
                0x0000000020000178                USBD_StringSerial
 .data.Stat     0x0000000020000192        0x1 ./Src/user_diskio.o
 *fill*         0x0000000020000193        0x1 
 .data.USER_Driver
                0x0000000020000194       0x14 ./Src/user_diskio.o
                0x0000000020000194                USER_Driver
 .data._impure_ptr
                0x00000000200001a8        0x4 c:/st/stm32cubeide_1.0.2/stm32cubeide/plugins/com.st.stm32cube.ide.mcu.externaltools.gnu-tools-for-stm32.9-2020-q2-update.win32_2.0.0.202105311346/tools/bin/../lib/gcc/arm-none-eabi/9.3.1/../../../../arm-none-eabi/lib/thumb/v7e-m+fp/hard\libc_nano.a(lib_a-impure.o)
                0x00000000200001a8                _impure_ptr
 .data.impure_data
                0x00000000200001ac       0x60 c:/st/stm32cubeide_1.0.2/stm32cubeide/plugins/com.st.stm32cube.ide.mcu.externaltools.gnu-tools-for-stm32.9-2020-q2-update.win32_2.0.0.202105311346/tools/bin/../lib/gcc/arm-none-eabi/9.3.1/../../../../arm-none-eabi/lib/thumb/v7e-m+fp/hard\libc_nano.a(lib_a-impure.o)
 *(.RamFunc)
 *(.RamFunc*)
                0x000000002000020c                . = ALIGN (0x4)
                0x000000002000020c                _edata = .

.igot.plt       0x000000002000020c        0x0 load address 0x000000000800bf60
 .igot.plt      0x000000002000020c        0x0 c:/st/stm32cubeide_1.0.2/stm32cubeide/plugins/com.st.stm32cube.ide.mcu.externaltools.gnu-tools-for-stm32.9-2020-q2-update.win32_2.0.0.202105311346/tools/bin/../lib/gcc/arm-none-eabi/9.3.1/thumb/v7e-m+fp/hard/crtbegin.o
                0x000000002000020c                . = ALIGN (0x4)

.bss            0x000000002000020c     0x691c load address 0x000000000800bf60
                0x000000002000020c                _sbss = .
                0x000000002000020c                __bss_start__ = _sbss
 *(.bss)
 .bss           0x000000002000020c       0x1c c:/st/stm32cubeide_1.0.2/stm32cubeide/plugins/com.st.stm32cube.ide.mcu.externaltools.gnu-tools-for-stm32.9-2020-q2-update.win32_2.0.0.202105311346/tools/bin/../lib/gcc/arm-none-eabi/9.3.1/thumb/v7e-m+fp/hard/crtbegin.o
 *(.bss*)
 .bss.cfgidx.11373
                0x0000000020000228        0x1 ./Middlewares/ST/STM32_USB_Device_Library/Core/Src/usbd_ctlreq.o
 *fill*         0x0000000020000229        0x3 
 .bss.disk      0x000000002000022c        0xc ./Middlewares/Third_Party/FatFs/src/ff_gen_drv.o
                0x000000002000022c                disk
 .bss.KernelState
                0x0000000020000238        0x4 ./Middlewares/Third_Party/FreeRTOS/Source/CMSIS_RTOS_V2/cmsis_os2.o
 .bss.Idle_TCB  0x000000002000023c       0xbc ./Middlewares/Third_Party/FreeRTOS/Source/CMSIS_RTOS_V2/cmsis_os2.o
 .bss.Idle_Stack
                0x00000000200002f8      0x200 ./Middlewares/Third_Party/FreeRTOS/Source/CMSIS_RTOS_V2/cmsis_os2.o
 .bss.Timer_TCB
                0x00000000200004f8       0xbc ./Middlewares/Third_Party/FreeRTOS/Source/CMSIS_RTOS_V2/cmsis_os2.o
 .bss.Timer_Stack
                0x00000000200005b4      0x400 ./Middlewares/Third_Party/FreeRTOS/Source/CMSIS_RTOS_V2/cmsis_os2.o
 .bss.pxCurrentTCB
                0x00000000200009b4        0x4 ./Middlewares/Third_Party/FreeRTOS/Source/tasks.o
                0x00000000200009b4                pxCurrentTCB
 .bss.pxReadyTasksLists
                0x00000000200009b8      0x460 ./Middlewares/Third_Party/FreeRTOS/Source/tasks.o
 .bss.xDelayedTaskList1
                0x0000000020000e18       0x14 ./Middlewares/Third_Party/FreeRTOS/Source/tasks.o
 .bss.xDelayedTaskList2
                0x0000000020000e2c       0x14 ./Middlewares/Third_Party/FreeRTOS/Source/tasks.o
 .bss.pxDelayedTaskList
                0x0000000020000e40        0x4 ./Middlewares/Third_Party/FreeRTOS/Source/tasks.o
 .bss.pxOverflowDelayedTaskList
                0x0000000020000e44        0x4 ./Middlewares/Third_Party/FreeRTOS/Source/tasks.o
 .bss.xPendingReadyList
                0x0000000020000e48       0x14 ./Middlewares/Third_Party/FreeRTOS/Source/tasks.o
 .bss.xTasksWaitingTermination
                0x0000000020000e5c       0x14 ./Middlewares/Third_Party/FreeRTOS/Source/tasks.o
 .bss.uxDeletedTasksWaitingCleanUp
                0x0000000020000e70        0x4 ./Middlewares/Third_Party/FreeRTOS/Source/tasks.o
 .bss.xSuspendedTaskList
                0x0000000020000e74       0x14 ./Middlewares/Third_Party/FreeRTOS/Source/tasks.o
 .bss.uxCurrentNumberOfTasks
                0x0000000020000e88        0x4 ./Middlewares/Third_Party/FreeRTOS/Source/tasks.o
 .bss.xTickCount
                0x0000000020000e8c        0x4 ./Middlewares/Third_Party/FreeRTOS/Source/tasks.o
 .bss.uxTopReadyPriority
                0x0000000020000e90        0x4 ./Middlewares/Third_Party/FreeRTOS/Source/tasks.o
 .bss.xSchedulerRunning
                0x0000000020000e94        0x4 ./Middlewares/Third_Party/FreeRTOS/Source/tasks.o
 .bss.uxPendedTicks
                0x0000000020000e98        0x4 ./Middlewares/Third_Party/FreeRTOS/Source/tasks.o
 .bss.xYieldPending
                0x0000000020000e9c        0x4 ./Middlewares/Third_Party/FreeRTOS/Source/tasks.o
 .bss.xNumOfOverflows
                0x0000000020000ea0        0x4 ./Middlewares/Third_Party/FreeRTOS/Source/tasks.o
 .bss.uxTaskNumber
                0x0000000020000ea4        0x4 ./Middlewares/Third_Party/FreeRTOS/Source/tasks.o
 .bss.xNextTaskUnblockTime
                0x0000000020000ea8        0x4 ./Middlewares/Third_Party/FreeRTOS/Source/tasks.o
 .bss.xIdleTaskHandle
                0x0000000020000eac        0x4 ./Middlewares/Third_Party/FreeRTOS/Source/tasks.o
 .bss.uxSchedulerSuspended
                0x0000000020000eb0        0x4 ./Middlewares/Third_Party/FreeRTOS/Source/tasks.o
 .bss.xActiveTimerList1
                0x0000000020000eb4       0x14 ./Middlewares/Third_Party/FreeRTOS/Source/timers.o
 .bss.xActiveTimerList2
                0x0000000020000ec8       0x14 ./Middlewares/Third_Party/FreeRTOS/Source/timers.o
 .bss.pxCurrentTimerList
                0x0000000020000edc        0x4 ./Middlewares/Third_Party/FreeRTOS/Source/timers.o
 .bss.pxOverflowTimerList
                0x0000000020000ee0        0x4 ./Middlewares/Third_Party/FreeRTOS/Source/timers.o
 .bss.xTimerQueue
                0x0000000020000ee4        0x4 ./Middlewares/Third_Party/FreeRTOS/Source/timers.o
 .bss.xTimerTaskHandle
                0x0000000020000ee8        0x4 ./Middlewares/Third_Party/FreeRTOS/Source/timers.o
 .bss.xLastTime.6986
                0x0000000020000eec        0x4 ./Middlewares/Third_Party/FreeRTOS/Source/timers.o
 .bss.ucStaticTimerQueueStorage.7037
                0x0000000020000ef0       0xa0 ./Middlewares/Third_Party/FreeRTOS/Source/timers.o
 .bss.xStaticTimerQueue.7036
                0x0000000020000f90       0x50 ./Middlewares/Third_Party/FreeRTOS/Source/timers.o
 .bss.ucMaxSysCallPriority
                0x0000000020000fe0        0x1 ./Middlewares/Third_Party/FreeRTOS/Source/portable/GCC/ARM_CM7/r0p1/port.o
 *fill*         0x0000000020000fe1        0x3 
 .bss.ulMaxPRIGROUPValue
                0x0000000020000fe4        0x4 ./Middlewares/Third_Party/FreeRTOS/Source/portable/GCC/ARM_CM7/r0p1/port.o
 .bss.ucHeap    0x0000000020000fe8     0x3c00 ./Middlewares/Third_Party/FreeRTOS/Source/portable/MemMang/heap_4.o
 .bss.xStart    0x0000000020004be8        0x8 ./Middlewares/Third_Party/FreeRTOS/Source/portable/MemMang/heap_4.o
 .bss.pxEnd     0x0000000020004bf0        0x4 ./Middlewares/Third_Party/FreeRTOS/Source/portable/MemMang/heap_4.o
 .bss.xFreeBytesRemaining
                0x0000000020004bf4        0x4 ./Middlewares/Third_Party/FreeRTOS/Source/portable/MemMang/heap_4.o
 .bss.xMinimumEverFreeBytesRemaining
                0x0000000020004bf8        0x4 ./Middlewares/Third_Party/FreeRTOS/Source/portable/MemMang/heap_4.o
 .bss.xBlockAllocatedBit
                0x0000000020004bfc        0x4 ./Middlewares/Third_Party/FreeRTOS/Source/portable/MemMang/heap_4.o
 .bss.hi2c1     0x0000000020004c00       0x4c ./Src/main.o
                0x0000000020004c00                hi2c1
 .bss.hspi1     0x0000000020004c4c       0x64 ./Src/main.o
                0x0000000020004c4c                hspi1
 .bss.huart3    0x0000000020004cb0       0x84 ./Src/main.o
                0x0000000020004cb0                huart3
 .bss.blinkLED01Handle
                0x0000000020004d34        0x4 ./Src/main.o
                0x0000000020004d34                blinkLED01Handle
 .bss.blinkLED02Handle
                0x0000000020004d38        0x4 ./Src/main.o
                0x0000000020004d38                blinkLED02Handle
 .bss.__sbrk_heap_end
                0x0000000020004d3c        0x4 ./Src/sysmem.o
 .bss.__lock___malloc_recursive_mutex
                0x0000000020004d40        0xc ./ThreadSafe/newlib_lock_glue.o
                0x0000000020004d40                __lock___malloc_recursive_mutex
 .bss.__malloc_free_list
                0x0000000020004d4c        0x4 c:/st/stm32cubeide_1.0.2/stm32cubeide/plugins/com.st.stm32cube.ide.mcu.externaltools.gnu-tools-for-stm32.9-2020-q2-update.win32_2.0.0.202105311346/tools/bin/../lib/gcc/arm-none-eabi/9.3.1/../../../../arm-none-eabi/lib/thumb/v7e-m+fp/hard\libc_nano.a(lib_a-nano-mallocr.o)