main.cpp:96:5:int main()	8	static
main.cpp:182:6:void SystemClock_Config()	216	static
main.cpp:239:13:void MX_I2C1_Init()	8	static
main.cpp:285:13:void MX_SPI1_Init()	8	static
main.cpp:325:13:void MX_USART3_UART_Init()	8	static
main.cpp:360:13:void MX_USART2_UART_Init()	8	static
main.cpp:395:13:void MX_GPIO_Init()	56	static
main.cpp:494:6:void StartDefaultTask(void*)	16	static
main.cpp:515:6:void StartTask02(void*)	32	static
main.cpp:539:6:void HAL_TIM_PeriodElapsedCallback(TIM_HandleTypeDef*)	16	static
main.cpp:556:6:void Error_Handler()	4	static,ignoring_inline_asm
