main.cpp:94:5:int main()	8	static
main.cpp:179:6:void SystemClock_Config()	216	static
main.cpp:236:13:void MX_I2C1_Init()	8	static
main.cpp:282:13:void MX_SPI1_Init()	8	static
main.cpp:322:13:void MX_USART3_UART_Init()	8	static
main.cpp:357:13:void MX_GPIO_Init()	56	static
main.cpp:456:6:void StartDefaultTask(void*)	16	static
main.cpp:477:6:void StartTask02(void*)	16	static
main.cpp:497:6:void HAL_TIM_PeriodElapsedCallback(TIM_HandleTypeDef*)	16	static
main.cpp:514:6:void Error_Handler()	4	static,ignoring_inline_asm
