gthr-default.h:229:1:int __gthread_key_delete(__gthread_key_t)	16	static
main.cpp:99:5:int main()	8	static
main.cpp:187:6:void SystemClock_Config()	216	static
main.cpp:244:13:void MX_I2C1_Init()	8	static
main.cpp:290:13:void MX_SPI1_Init()	8	static
main.cpp:330:13:void MX_USART3_UART_Init()	8	static
main.cpp:365:13:void MX_USART2_UART_Init()	8	static
main.cpp:396:6:void HAL_UART_RxCpltCallback(UART_HandleTypeDef*)	24	static
main.cpp:408:13:void MX_GPIO_Init()	56	static
main.cpp:507:6:void StartDefaultTask(void*)	16	static
main.cpp:528:6:void StartTask02(void*)	1040	static
main.cpp:560:6:void HAL_TIM_PeriodElapsedCallback(TIM_HandleTypeDef*)	16	static
main.cpp:577:6:void Error_Handler()	4	static,ignoring_inline_asm
stl_tree.h:269:7:std::_Rb_tree_iterator<_Tp>::_Rb_tree_iterator() [with _Tp = std::pair<__UART_HandleTypeDef* const, UART*>]	16	static
stl_map.h:1168:7:std::map<_Key, _Tp, _Compare, _Alloc>::iterator std::map<_Key, _Tp, _Compare, _Alloc>::find(const key_type&) [with _Key = __UART_HandleTypeDef*; _Tp = UART*; _Compare = std::less<__UART_HandleTypeDef*>; _Alloc = std::allocator<std::pair<__UART_HandleTypeDef* const, UART*> >]	16	static
stl_map.h:372:7:std::map<_Key, _Tp, _Compare, _Alloc>::iterator std::map<_Key, _Tp, _Compare, _Alloc>::end() [with _Key = __UART_HandleTypeDef*; _Tp = UART*; _Compare = std::less<__UART_HandleTypeDef*>; _Alloc = std::allocator<std::pair<__UART_HandleTypeDef* const, UART*> >]	16	static
stl_tree.h:319:7:bool std::operator!=(const _Self&, const _Self&)	16	static
stl_tree.h:281:7:_Tp* std::_Rb_tree_iterator<_Tp>::operator->() const [with _Tp = std::pair<__UART_HandleTypeDef* const, UART*>]	16	static
stl_tree.h:2554:5:std::_Rb_tree<_Key, _Val, _KeyOfValue, _Compare, _Alloc>::iterator std::_Rb_tree<_Key, _Val, _KeyOfValue, _Compare, _Alloc>::find(const _Key&) [with _Key = __UART_HandleTypeDef*; _Val = std::pair<__UART_HandleTypeDef* const, UART*>; _KeyOfValue = std::_Select1st<std::pair<__UART_HandleTypeDef* const, UART*> >; _Compare = std::less<__UART_HandleTypeDef*>; _Alloc = std::allocator<std::pair<__UART_HandleTypeDef* const, UART*> >]	32	static
stl_tree.h:1014:7:std::_Rb_tree<_Key, _Val, _KeyOfValue, _Compare, _Alloc>::iterator std::_Rb_tree<_Key, _Val, _KeyOfValue, _Compare, _Alloc>::end() [with _Key = __UART_HandleTypeDef*; _Val = std::pair<__UART_HandleTypeDef* const, UART*>; _KeyOfValue = std::_Select1st<std::pair<__UART_HandleTypeDef* const, UART*> >; _Compare = std::less<__UART_HandleTypeDef*>; _Alloc = std::allocator<std::pair<__UART_HandleTypeDef* const, UART*> >]	24	static
stl_tree.h:234:7:_Val* std::_Rb_tree_node<_Val>::_M_valptr() [with _Val = std::pair<__UART_HandleTypeDef* const, UART*>]	16	static
stl_tree.h:744:7:std::_Rb_tree_node<_Val>* std::_Rb_tree<_Key, _Val, _KeyOfValue, _Compare, _Alloc>::_M_begin() [with _Key = __UART_HandleTypeDef*; _Val = std::pair<__UART_HandleTypeDef* const, UART*>; _KeyOfValue = std::_Select1st<std::pair<__UART_HandleTypeDef* const, UART*> >; _Compare = std::less<__UART_HandleTypeDef*>; _Alloc = std::allocator<std::pair<__UART_HandleTypeDef* const, UART*> >]	16	static
stl_tree.h:755:7:std::_Rb_tree_node_base* std::_Rb_tree<_Key, _Val, _KeyOfValue, _Compare, _Alloc>::_M_end() [with _Key = __UART_HandleTypeDef*; _Val = std::pair<__UART_HandleTypeDef* const, UART*>; _KeyOfValue = std::_Select1st<std::pair<__UART_HandleTypeDef* const, UART*> >; _Compare = std::less<__UART_HandleTypeDef*>; _Alloc = std::allocator<std::pair<__UART_HandleTypeDef* const, UART*> >]	16	static
stl_tree.h:1924:5:std::_Rb_tree<_Key, _Val, _KeyOfValue, _Compare, _Alloc>::iterator std::_Rb_tree<_Key, _Val, _KeyOfValue, _Compare, _Alloc>::_M_lower_bound(std::_Rb_tree<_Key, _Val, _KeyOfValue, _Compare, _Alloc>::_Link_type, std::_Rb_tree<_Key, _Val, _KeyOfValue, _Compare, _Alloc>::_Base_ptr, const _Key&) [with _Key = __UART_HandleTypeDef*; _Val = std::pair<__UART_HandleTypeDef* const, UART*>; _KeyOfValue = std::_Select1st<std::pair<__UART_HandleTypeDef* const, UART*> >; _Compare = std::less<__UART_HandleTypeDef*>; _Alloc = std::allocator<std::pair<__UART_HandleTypeDef* const, UART*> >]	40	static
stl_tree.h:315:7:bool std::operator==(const _Self&, const _Self&)	16	static
stl_tree.h:809:7:static const _Key& std::_Rb_tree<_Key, _Val, _KeyOfValue, _Compare, _Alloc>::_S_key(std::_Rb_tree<_Key, _Val, _KeyOfValue, _Compare, _Alloc>::_Const_Base_ptr) [with _Key = __UART_HandleTypeDef*; _Val = std::pair<__UART_HandleTypeDef* const, UART*>; _KeyOfValue = std::_Select1st<std::pair<__UART_HandleTypeDef* const, UART*> >; _Compare = std::less<__UART_HandleTypeDef*>; _Alloc = std::allocator<std::pair<__UART_HandleTypeDef* const, UART*> >]	16	static
stl_function.h:433:7:constexpr bool std::less<_Tp*>::operator()(_Tp*, _Tp*) const [with _Tp = __UART_HandleTypeDef]	24	static
stl_tree.h:273:7:std::_Rb_tree_iterator<_Tp>::_Rb_tree_iterator(std::_Rb_tree_iterator<_Tp>::_Base_ptr) [with _Tp = std::pair<__UART_HandleTypeDef* const, UART*>]	16	static
aligned_buffer.h:72:7:_Tp* __gnu_cxx::__aligned_membuf<_Tp>::_M_ptr() [with _Tp = std::pair<__UART_HandleTypeDef* const, UART*>]	16	static
stl_tree.h:767:7:static const _Key& std::_Rb_tree<_Key, _Val, _KeyOfValue, _Compare, _Alloc>::_S_key(std::_Rb_tree<_Key, _Val, _KeyOfValue, _Compare, _Alloc>::_Const_Link_type) [with _Key = __UART_HandleTypeDef*; _Val = std::pair<__UART_HandleTypeDef* const, UART*>; _KeyOfValue = std::_Select1st<std::pair<__UART_HandleTypeDef* const, UART*> >; _Compare = std::less<__UART_HandleTypeDef*>; _Alloc = std::allocator<std::pair<__UART_HandleTypeDef* const, UART*> >]	24	static
stl_tree.h:789:7:static std::_Rb_tree_node<_Val>* std::_Rb_tree<_Key, _Val, _KeyOfValue, _Compare, _Alloc>::_S_left(std::_Rb_tree<_Key, _Val, _KeyOfValue, _Compare, _Alloc>::_Base_ptr) [with _Key = __UART_HandleTypeDef*; _Val = std::pair<__UART_HandleTypeDef* const, UART*>; _KeyOfValue = std::_Select1st<std::pair<__UART_HandleTypeDef* const, UART*> >; _Compare = std::less<__UART_HandleTypeDef*>; _Alloc = std::allocator<std::pair<__UART_HandleTypeDef* const, UART*> >]	16	static
stl_tree.h:797:7:static std::_Rb_tree_node<_Val>* std::_Rb_tree<_Key, _Val, _KeyOfValue, _Compare, _Alloc>::_S_right(std::_Rb_tree<_Key, _Val, _KeyOfValue, _Compare, _Alloc>::_Base_ptr) [with _Key = __UART_HandleTypeDef*; _Val = std::pair<__UART_HandleTypeDef* const, UART*>; _KeyOfValue = std::_Select1st<std::pair<__UART_HandleTypeDef* const, UART*> >; _Compare = std::less<__UART_HandleTypeDef*>; _Alloc = std::allocator<std::pair<__UART_HandleTypeDef* const, UART*> >]	16	static
aligned_buffer.h:64:7:void* __gnu_cxx::__aligned_membuf<_Tp>::_M_addr() [with _Tp = std::pair<__UART_HandleTypeDef* const, UART*>]	16	static
stl_tree.h:238:7:const _Val* std::_Rb_tree_node<_Val>::_M_valptr() const [with _Val = std::pair<__UART_HandleTypeDef* const, UART*>]	16	static
stl_function.h:1155:7:const typename _Pair::first_type& std::_Select1st<_Pair>::operator()(const _Pair&) const [with _Pair = std::pair<__UART_HandleTypeDef* const, UART*>]	16	static
aligned_buffer.h:76:7:const _Tp* __gnu_cxx::__aligned_membuf<_Tp>::_M_ptr() const [with _Tp = std::pair<__UART_HandleTypeDef* const, UART*>]	16	static
aligned_buffer.h:68:7:const void* __gnu_cxx::__aligned_membuf<_Tp>::_M_addr() const [with _Tp = std::pair<__UART_HandleTypeDef* const, UART*>]	16	static
main.cpp:586:1:void __static_initialization_and_destruction_0(int, int)	16	static
main.cpp:586:1:cpp)	8	static
main.cpp:586:1:cpp)	8	static
