main.cpp:94:5:int main()	8	static
main.cpp:179:6:void SystemClock_Config()	216	static
main.cpp:234:13:void MX_ETH_Init()	8	static
main.cpp:281:13:void MX_SPI1_Init()	8	static
main.cpp:321:13:void MX_USART3_UART_Init()	8	static
main.cpp:356:13:void MX_GPIO_Init()	56	static
main.cpp:423:6:void StartDefaultTask(void*)	16	static
main.cpp:444:6:void StartTask02(void*)	16	static
main.cpp:465:6:void HAL_TIM_PeriodElapsedCallback(TIM_HandleTypeDef*)	16	static
main.cpp:482:6:void Error_Handler()	4	static,ignoring_inline_asm
